Component: ARM Compiler 5.05 update 2 (build 169) Tool: armlink [4d0f33]

==============================================================================

Section Cross References

    action.o(.text) refers to misc.o(.text) for shoot_off
    action.o(.text) refers to dflt_clz.o(x$fpl$dfltu) for __aeabi_ui2d
    action.o(.text) refers to dmul.o(x$fpl$dmul) for __aeabi_dmul
    action.o(.text) refers to dfixu.o(x$fpl$dfixu) for __aeabi_d2uiz
    action.o(.text) refers to action.o(.bss) for g_shooter
    action.o(.text) refers to robot.o(.bss) for g_robot
    action.o(.text) refers to action.o(.data) for shooter
    action.o(.text) refers to system_stm32f4xx.o(.data) for SystemCoreClock
    action.o(.text) refers to f2d.o(x$fpl$f2d) for __aeabi_f2d
    action.o(.text) refers to ceil.o(i.__hardfp_ceil) for __hardfp_ceil
    action.o(.text) refers to dfix.o(x$fpl$dfix) for __aeabi_d2iz
    action.o(.text) refers to stm32f4xx_exti.o(.text) for EXTI_ClearFlag
    action.o(.text) refers to packet.o(.data) for identify_success
    comm.o(.text) refers to nrf24l01.o(.text) for nrf24l01_init
    comm.o(.text) refers to packet.o(.text) for stop_mode_packet
    comm.o(.text) refers to rt_memclr.o(.text) for __aeabi_memclr
    comm.o(.text) refers to rt_memclr_w.o(.text) for __aeabi_memclr4
    comm.o(.text) refers to action.o(.text) for on_robot_command
    comm.o(.text) refers to rt_memcpy_w.o(.text) for __aeabi_memcpy4
    comm.o(.text) refers to hm_bluetooth.o(.text) for hm_bluetooth_connect_status
    comm.o(.text) refers to usart_ble.o(.text) for get_uart_ble_packet
    comm.o(.text) refers to rt_memcpy_v6.o(.text) for __aeabi_memcpy
    comm.o(.text) refers to timer.o(.text) for get_one_timer
    comm.o(.text) refers to nrf24l01.o(.bss) for nRF24L01_dev
    comm.o(.text) refers to comm.o(.data) for type
    comm.o(.text) refers to comm.o(.bss) for g_rf_comm
    comm.o(.text) refers to packet.o(.data) for packet_flag
    comm.o(.text) refers to robot.o(.bss) for g_robot
    comm.o(.text) refers to robot.o(.data) for g_do_set_receive_mode_flag
    comm.o(.text) refers to usart_ble.o(.bss) for buf_packet_ok
    comm.o(.text) refers to usart_ble.o(.data) for g_is_uart_get_a_packet
    comm.o(.text) refers to pid.o(.bss) for gyro_pid
    cpuid_des.o(.text) refers to _printf_pad.o(.text) for _printf_pre_padding
    cpuid_des.o(.text) refers to _printf_percent.o(.ARM.Collect$$_printf_percent$$00000000) for _printf_percent
    cpuid_des.o(.text) refers to _printf_x.o(.ARM.Collect$$_printf_percent$$0000000C) for _printf_x
    cpuid_des.o(.text) refers to _printf_hex_int.o(.text) for _printf_longlong_hex
    cpuid_des.o(.text) refers to rt_memcpy_v6.o(.text) for __aeabi_memcpy
    cpuid_des.o(.text) refers to cpuid_des.o(.constdata) for perm1
    cpuid_des.o(.text) refers to memcmp.o(.text) for memcmp
    cpuid_des.o(.text) refers to noretval__2sprintf.o(.text) for __2sprintf
    gpio.o(.text) refers to stm32f4xx_rcc.o(.text) for RCC_LSICmd
    gpio.o(.text) refers to stm32f4xx_iwdg.o(.text) for IWDG_WriteAccessCmd
    hm_bluetooth.o(.text) refers to usart_ble.o(.text) for SendString_USART3
    hm_bluetooth.o(.text) refers to timer.o(.text) for get_sys_tick
    hm_bluetooth.o(.text) refers to rt_memclr_w.o(.text) for __aeabi_memclr4
    hm_bluetooth.o(.text) refers to strcat.o(.text) for strcat
    hm_bluetooth.o(.text) refers to usart_ble.o(.bss) for buf_packet_ok
    hm_bluetooth.o(.text) refers to usart_ble.o(.data) for ble_ack_ok
    hm_bluetooth.o(.text) refers to init.o(.bss) for cpuID
    hm_bluetooth.o(.text) refers to hm_bluetooth.o(.data) for Hm_bluetooth_connect_flag
    i2c.o(.text) refers to stm32f4xx_rcc.o(.text) for RCC_APB1PeriphClockCmd
    i2c.o(.text) refers to stm32f4xx_gpio.o(.text) for GPIO_Init
    i2c.o(.text) refers to stm32f4xx_i2c.o(.text) for I2C_Init
    i2c.o(.text) refers to timer.o(.text) for wait_us
    init.o(.text) refers to stm32f4xx_rcc.o(.text) for RCC_AHB1PeriphClockCmd
    init.o(.text) refers to misc.o(.text) for init_ball_dect_irq
    init.o(.text) refers to stm32f4xx_misc.o(.text) for NVIC_PriorityGroupConfig
    init.o(.text) refers to stm32f4xx_gpio.o(.text) for GPIO_Init
    init.o(.text) refers to timer.o(.data) for sys_tick
    init.o(.text) refers to init.o(.bss) for cpuID
    init.o(.text) refers to cpuid_des.o(.text) for encryptData
    init.o(.text) refers to stm32f4xx_flash.o(.text) for FLASH_OB_GetRDP
    init.o(.text) refers to gpio.o(.text) for init_gpio
    init.o(.text) refers to timer.o(.text) for init_wait_timer
    init.o(.text) refers to motor.o(.text) for init_motor
    init.o(.text) refers to i2c.o(.text) for init_i2c
    init.o(.text) refers to usart_ble.o(.text) for Init_com3
    init.o(.text) refers to mpu6050_driver.o(.text) for InitMPU6050
    init.o(.text) refers to robot.o(.text) for init_robot
    init.o(.text) refers to comm.o(.text) for init_comm
    init.o(.text) refers to hm_bluetooth.o(.text) for Init_hm_blue_module
[...]
    GPIO_ToggleBits                          0x08007733   Thumb Code     8  stm32f4xx_gpio.o(.text)
    GPIO_PinAFConfig                         0x0800773b   Thumb Code    70  stm32f4xx_gpio.o(.text)
    I2C_DeInit                               0x080077a5   Thumb Code    82  stm32f4xx_i2c.o(.text)
    I2C_Init                                 0x080077f7   Thumb Code   218  stm32f4xx_i2c.o(.text)
    I2C_StructInit                           0x080078d1   Thumb Code    30  stm32f4xx_i2c.o(.text)
    I2C_Cmd                                  0x080078ef   Thumb Code    24  stm32f4xx_i2c.o(.text)
    I2C_GenerateSTART                        0x08007907   Thumb Code    24  stm32f4xx_i2c.o(.text)
    I2C_GenerateSTOP                         0x0800791f   Thumb Code    24  stm32f4xx_i2c.o(.text)
    I2C_Send7bitAddress                      0x08007937   Thumb Code    16  stm32f4xx_i2c.o(.text)
    I2C_AcknowledgeConfig                    0x08007947   Thumb Code    24  stm32f4xx_i2c.o(.text)
    I2C_OwnAddress2Config                    0x0800795f   Thumb Code    22  stm32f4xx_i2c.o(.text)
    I2C_DualAddressCmd                       0x08007975   Thumb Code    24  stm32f4xx_i2c.o(.text)
    I2C_GeneralCallCmd                       0x0800798d   Thumb Code    24  stm32f4xx_i2c.o(.text)
    I2C_SoftwareResetCmd                     0x080079a5   Thumb Code    22  stm32f4xx_i2c.o(.text)
    I2C_StretchClockCmd                      0x080079bb   Thumb Code    24  stm32f4xx_i2c.o(.text)
    I2C_FastModeDutyCycleConfig              0x080079d3   Thumb Code    28  stm32f4xx_i2c.o(.text)
    I2C_NACKPositionConfig                   0x080079ef   Thumb Code    28  stm32f4xx_i2c.o(.text)
    I2C_SMBusAlertConfig                     0x08007a0b   Thumb Code    28  stm32f4xx_i2c.o(.text)
    I2C_ARPCmd                               0x08007a27   Thumb Code    24  stm32f4xx_i2c.o(.text)
    I2C_SendData                             0x08007a3f   Thumb Code     4  stm32f4xx_i2c.o(.text)
    I2C_ReceiveData                          0x08007a43   Thumb Code     8  stm32f4xx_i2c.o(.text)
    I2C_TransmitPEC                          0x08007a4b   Thumb Code    24  stm32f4xx_i2c.o(.text)
    I2C_PECPositionConfig                    0x08007a63   Thumb Code    28  stm32f4xx_i2c.o(.text)
    I2C_CalculatePEC                         0x08007a7f   Thumb Code    24  stm32f4xx_i2c.o(.text)
    I2C_GetPEC                               0x08007a97   Thumb Code     8  stm32f4xx_i2c.o(.text)
    I2C_DMACmd                               0x08007a9f   Thumb Code    24  stm32f4xx_i2c.o(.text)
    I2C_DMALastTransferCmd                   0x08007ab7   Thumb Code    24  stm32f4xx_i2c.o(.text)
    I2C_ReadRegister                         0x08007acf   Thumb Code    22  stm32f4xx_i2c.o(.text)
    I2C_ITConfig                             0x08007ae5   Thumb Code    18  stm32f4xx_i2c.o(.text)
    I2C_CheckEvent                           0x08007af7   Thumb Code    42  stm32f4xx_i2c.o(.text)
    I2C_GetLastEvent                         0x08007b21   Thumb Code    26  stm32f4xx_i2c.o(.text)
    I2C_GetFlagStatus                        0x08007b3b   Thumb Code    58  stm32f4xx_i2c.o(.text)
    I2C_ClearFlag                            0x08007b75   Thumb Code    12  stm32f4xx_i2c.o(.text)
    I2C_GetITStatus                          0x08007b81   Thumb Code    64  stm32f4xx_i2c.o(.text)
    I2C_ClearITPendingBit                    0x08007bc1   Thumb Code    12  stm32f4xx_i2c.o(.text)
    IWDG_WriteAccessCmd                      0x08007bcd   Thumb Code     6  stm32f4xx_iwdg.o(.text)
    IWDG_SetPrescaler                        0x08007bd3   Thumb Code     6  stm32f4xx_iwdg.o(.text)
    IWDG_SetReload                           0x08007bd9   Thumb Code     6  stm32f4xx_iwdg.o(.text)
    IWDG_ReloadCounter                       0x08007bdf   Thumb Code    10  stm32f4xx_iwdg.o(.text)
    IWDG_Enable                              0x08007be9   Thumb Code    10  stm32f4xx_iwdg.o(.text)
    IWDG_GetFlagStatus                       0x08007bf3   Thumb Code    20  stm32f4xx_iwdg.o(.text)
    NVIC_PriorityGroupConfig                 0x08007c0d   Thumb Code    10  stm32f4xx_misc.o(.text)
    NVIC_Init                                0x08007c17   Thumb Code   106  stm32f4xx_misc.o(.text)
    NVIC_SetVectorTable                      0x08007c81   Thumb Code    14  stm32f4xx_misc.o(.text)
    NVIC_SystemLPConfig                      0x08007c8f   Thumb Code    34  stm32f4xx_misc.o(.text)
    SysTick_CLKSourceConfig                  0x08007cb1   Thumb Code    40  stm32f4xx_misc.o(.text)
    RCC_DeInit                               0x08007ced   Thumb Code    60  stm32f4xx_rcc.o(.text)
    RCC_HSEConfig                            0x08007d29   Thumb Code    14  stm32f4xx_rcc.o(.text)
    RCC_GetFlagStatus                        0x08007d37   Thumb Code    60  stm32f4xx_rcc.o(.text)
    RCC_WaitForHSEStartUp                    0x08007d73   Thumb Code    56  stm32f4xx_rcc.o(.text)
    RCC_AdjustHSICalibrationValue            0x08007dab   Thumb Code    20  stm32f4xx_rcc.o(.text)
    RCC_HSICmd                               0x08007dbf   Thumb Code     6  stm32f4xx_rcc.o(.text)
    RCC_LSEConfig                            0x08007dc5   Thumb Code    46  stm32f4xx_rcc.o(.text)
    RCC_LSICmd                               0x08007df3   Thumb Code     6  stm32f4xx_rcc.o(.text)
    RCC_PLLConfig                            0x08007df9   Thumb Code    32  stm32f4xx_rcc.o(.text)
    RCC_PLLCmd                               0x08007e19   Thumb Code     6  stm32f4xx_rcc.o(.text)
    RCC_PLLI2SConfig                         0x08007e1f   Thumb Code    14  stm32f4xx_rcc.o(.text)
    RCC_PLLI2SCmd                            0x08007e2d   Thumb Code     6  stm32f4xx_rcc.o(.text)
    RCC_ClockSecuritySystemCmd               0x08007e33   Thumb Code     6  stm32f4xx_rcc.o(.text)
    RCC_MCO1Config                           0x08007e39   Thumb Code    28  stm32f4xx_rcc.o(.text)
    RCC_MCO2Config                           0x08007e55   Thumb Code    28  stm32f4xx_rcc.o(.text)
    RCC_SYSCLKConfig                         0x08007e71   Thumb Code    20  stm32f4xx_rcc.o(.text)
    RCC_GetSYSCLKSource                      0x08007e85   Thumb Code    12  stm32f4xx_rcc.o(.text)
    RCC_HCLKConfig                           0x08007e91   Thumb Code    20  stm32f4xx_rcc.o(.text)
    RCC_PCLK1Config                          0x08007ea5   Thumb Code    20  stm32f4xx_rcc.o(.text)
    RCC_PCLK2Config                          0x08007eb9   Thumb Code    22  stm32f4xx_rcc.o(.text)
    RCC_GetClocksFreq                        0x08007ecf   Thumb Code   222  stm32f4xx_rcc.o(.text)
    RCC_RTCCLKConfig                         0x08007fad   Thumb Code    54  stm32f4xx_rcc.o(.text)
    RCC_RTCCLKCmd                            0x08007fe3   Thumb Code     8  stm32f4xx_rcc.o(.text)
    RCC_BackupResetCmd                       0x08007feb   Thumb Code     8  stm32f4xx_rcc.o(.text)
    RCC_I2SCLKConfig                         0x08007ff3   Thumb Code     6  stm32f4xx_rcc.o(.text)
    RCC_AHB1PeriphClockCmd                   0x08007ff9   Thumb Code    34  stm32f4xx_rcc.o(.text)
    RCC_AHB2PeriphClockCmd                   0x0800801b   Thumb Code    34  stm32f4xx_rcc.o(.text)
    RCC_AHB3PeriphClockCmd                   0x0800803d   Thumb Code    34  stm32f4xx_rcc.o(.text)
    RCC_APB1PeriphClockCmd                   0x0800805f   Thumb Code    34  stm32f4xx_rcc.o(.text)
    RCC_APB2PeriphClockCmd                   0x08008081   Thumb Code    34  stm32f4xx_rcc.o(.text)
    RCC_AHB1PeriphResetCmd                   0x080080a3   Thumb Code    34  stm32f4xx_rcc.o(.text)
    RCC_AHB2PeriphResetCmd                   0x080080c5   Thumb Code    72  stm32f4xx_rcc.o(.text)
    RCC_AHB3PeriphResetCmd                   0x0800810d   Thumb Code    34  stm32f4xx_rcc.o(.text)
    RCC_APB1PeriphResetCmd                   0x0800812f   Thumb Code    34  stm32f4xx_rcc.o(.text)
    RCC_APB2PeriphResetCmd                   0x08008151   Thumb Code    34  stm32f4xx_rcc.o(.text)
    RCC_AHB1PeriphClockLPModeCmd             0x08008173   Thumb Code    34  stm32f4xx_rcc.o(.text)
    RCC_AHB2PeriphClockLPModeCmd             0x08008195   Thumb Code    34  stm32f4xx_rcc.o(.text)
    RCC_AHB3PeriphClockLPModeCmd             0x080081b7   Thumb Code    34  stm32f4xx_rcc.o(.text)
    RCC_APB1PeriphClockLPModeCmd             0x080081d9   Thumb Code    34  stm32f4xx_rcc.o(.text)
    RCC_APB2PeriphClockLPModeCmd             0x080081fb   Thumb Code    34  stm32f4xx_rcc.o(.text)
    RCC_ITConfig                             0x0800821d   Thumb Code    34  stm32f4xx_rcc.o(.text)
    RCC_ClearFlag                            0x0800823f   Thumb Code    18  stm32f4xx_rcc.o(.text)
    RCC_GetITStatus                          0x08008251   Thumb Code    22  stm32f4xx_rcc.o(.text)
    RCC_ClearITPendingBit                    0x08008267   Thumb Code     8  stm32f4xx_rcc.o(.text)
    SPI_I2S_DeInit                           0x08008275   Thumb Code    76  stm32f4xx_spi.o(.text)
    SPI_Init                                 0x080082c1   Thumb Code    60  stm32f4xx_spi.o(.text)
    I2S_Init                                 0x080082fd   Thumb Code   350  stm32f4xx_spi.o(.text)
    SPI_StructInit                           0x0800845b   Thumb Code    24  stm32f4xx_spi.o(.text)
    I2S_StructInit                           0x08008473   Thumb Code    20  stm32f4xx_spi.o(.text)
    SPI_Cmd                                  0x08008487   Thumb Code    24  stm32f4xx_spi.o(.text)
    I2S_Cmd                                  0x0800849f   Thumb Code    24  stm32f4xx_spi.o(.text)
    SPI_DataSizeConfig                       0x080084b7   Thumb Code    18  stm32f4xx_spi.o(.text)
    SPI_BiDirectionalLineConfig              0x080084c9   Thumb Code    28  stm32f4xx_spi.o(.text)
    SPI_NSSInternalSoftwareConfig            0x080084e5   Thumb Code    30  stm32f4xx_spi.o(.text)
    SPI_SSOutputCmd                          0x08008503   Thumb Code    24  stm32f4xx_spi.o(.text)
    SPI_TIModeCmd                            0x0800851b   Thumb Code    24  stm32f4xx_spi.o(.text)
    I2S_FullDuplexConfig                     0x08008533   Thumb Code    80  stm32f4xx_spi.o(.text)
    SPI_I2S_ReceiveData                      0x08008583   Thumb Code     6  stm32f4xx_spi.o(.text)
    SPI_I2S_SendData                         0x08008589   Thumb Code     4  stm32f4xx_spi.o(.text)
    SPI_CalculateCRC                         0x0800858d   Thumb Code    24  stm32f4xx_spi.o(.text)
    SPI_TransmitCRC                          0x080085a5   Thumb Code    10  stm32f4xx_spi.o(.text)
    SPI_GetCRC                               0x080085af   Thumb Code    16  stm32f4xx_spi.o(.text)
    SPI_GetCRCPolynomial                     0x080085bf   Thumb Code     6  stm32f4xx_spi.o(.text)
    SPI_I2S_DMACmd                           0x080085c5   Thumb Code    18  stm32f4xx_spi.o(.text)
    SPI_I2S_ITConfig                         0x080085d7   Thumb Code    32  stm32f4xx_spi.o(.text)
    SPI_I2S_GetFlagStatus                    0x080085f7   Thumb Code    18  stm32f4xx_spi.o(.text)
    SPI_I2S_ClearFlag                        0x08008609   Thumb Code     6  stm32f4xx_spi.o(.text)
    SPI_I2S_GetITStatus                      0x0800860f   Thumb Code    52  stm32f4xx_spi.o(.text)
    SPI_I2S_ClearITPendingBit                0x08008643   Thumb Code    42  stm32f4xx_spi.o(.text)
    SYSCFG_DeInit                            0x0800866d   Thumb Code    22  stm32f4xx_syscfg.o(.text)
    SYSCFG_MemoryRemapConfig                 0x08008683   Thumb Code     6  stm32f4xx_syscfg.o(.text)
    SYSCFG_EXTILineConfig                    0x08008689   Thumb Code    66  stm32f4xx_syscfg.o(.text)
    SYSCFG_ETH_MediaInterfaceConfig          0x080086cb   Thumb Code     6  stm32f4xx_syscfg.o(.text)
    SYSCFG_CompensationCellCmd               0x080086d1   Thumb Code     6  stm32f4xx_syscfg.o(.text)
    SYSCFG_GetCompensationCellStatus         0x080086d7   Thumb Code    22  stm32f4xx_syscfg.o(.text)
    TIM_DeInit                               0x080086f9   Thumb Code   346  stm32f4xx_tim.o(.text)
    TIM_TimeBaseInit                         0x08008853   Thumb Code   104  stm32f4xx_tim.o(.text)
    TIM_TimeBaseStructInit                   0x080088bb   Thumb Code    18  stm32f4xx_tim.o(.text)
    TIM_PrescalerConfig                      0x080088cd   Thumb Code     6  stm32f4xx_tim.o(.text)
    TIM_CounterModeConfig                    0x080088d3   Thumb Code    18  stm32f4xx_tim.o(.text)
    TIM_SetCounter                           0x080088e5   Thumb Code     4  stm32f4xx_tim.o(.text)
    TIM_SetAutoreload                        0x080088e9   Thumb Code     4  stm32f4xx_tim.o(.text)
    TIM_GetCounter                           0x080088ed   Thumb Code     6  stm32f4xx_tim.o(.text)
    TIM_GetPrescaler                         0x080088f3   Thumb Code     6  stm32f4xx_tim.o(.text)
    TIM_UpdateDisableConfig                  0x080088f9   Thumb Code    24  stm32f4xx_tim.o(.text)
    TIM_UpdateRequestConfig                  0x08008911   Thumb Code    24  stm32f4xx_tim.o(.text)
    TIM_ARRPreloadConfig                     0x08008929   Thumb Code    24  stm32f4xx_tim.o(.text)
    TIM_SelectOnePulseMode                   0x08008941   Thumb Code    18  stm32f4xx_tim.o(.text)
    TIM_SetClockDivision                     0x08008953   Thumb Code    18  stm32f4xx_tim.o(.text)
    TIM_Cmd                                  0x08008965   Thumb Code    24  stm32f4xx_tim.o(.text)
    TIM_OC1Init                              0x0800897d   Thumb Code   114  stm32f4xx_tim.o(.text)
    TIM_OC2Init                              0x080089ef   Thumb Code   154  stm32f4xx_tim.o(.text)
    TIM_OC3Init                              0x08008a89   Thumb Code   204  stm32f4xx_tim.o(.text)
    TIM_OC4Init                              0x08008b55   Thumb Code   112  stm32f4xx_tim.o(.text)
    TIM_OCStructInit                         0x08008bc5   Thumb Code    20  stm32f4xx_tim.o(.text)
    TIM_SelectOCxM                           0x08008bd9   Thumb Code    86  stm32f4xx_tim.o(.text)
    TIM_SetCompare1                          0x08008c2f   Thumb Code     4  stm32f4xx_tim.o(.text)
    TIM_SetCompare2                          0x08008c33   Thumb Code     4  stm32f4xx_tim.o(.text)
    TIM_SetCompare3                          0x08008c37   Thumb Code     4  stm32f4xx_tim.o(.text)
    TIM_SetCompare4                          0x08008c3b   Thumb Code     4  stm32f4xx_tim.o(.text)
    TIM_ForcedOC1Config                      0x08008c3f   Thumb Code    18  stm32f4xx_tim.o(.text)
    TIM_ForcedOC2Config                      0x08008c51   Thumb Code    26  stm32f4xx_tim.o(.text)
    TIM_ForcedOC3Config                      0x08008c6b   Thumb Code    18  stm32f4xx_tim.o(.text)
    TIM_ForcedOC4Config                      0x08008c7d   Thumb Code    26  stm32f4xx_tim.o(.text)
    TIM_OC1PreloadConfig                     0x08008c97   Thumb Code    18  stm32f4xx_tim.o(.text)
    TIM_OC2PreloadConfig                     0x08008ca9   Thumb Code    26  stm32f4xx_tim.o(.text)
    TIM_OC3PreloadConfig                     0x08008cc3   Thumb Code    18  stm32f4xx_tim.o(.text)
    TIM_OC4PreloadConfig                     0x08008cd5   Thumb Code    26  stm32f4xx_tim.o(.text)
    TIM_OC1FastConfig                        0x08008cef   Thumb Code    18  stm32f4xx_tim.o(.text)
    TIM_OC2FastConfig                        0x08008d01   Thumb Code    26  stm32f4xx_tim.o(.text)
    TIM_OC3FastConfig                        0x08008d1b   Thumb Code    18  stm32f4xx_tim.o(.text)
    TIM_OC4FastConfig                        0x08008d2d   Thumb Code    26  stm32f4xx_tim.o(.text)
    TIM_ClearOC1Ref                          0x08008d47   Thumb Code    18  stm32f4xx_tim.o(.text)
    TIM_ClearOC2Ref                          0x08008d59   Thumb Code    24  stm32f4xx_tim.o(.text)
    TIM_ClearOC3Ref                          0x08008d71   Thumb Code    18  stm32f4xx_tim.o(.text)
    TIM_ClearOC4Ref                          0x08008d83   Thumb Code    24  stm32f4xx_tim.o(.text)
    TIM_OC1PolarityConfig                    0x08008d9b   Thumb Code    18  stm32f4xx_tim.o(.text)
    TIM_OC1NPolarityConfig                   0x08008dad   Thumb Code    18  stm32f4xx_tim.o(.text)
    TIM_OC2PolarityConfig                    0x08008dbf   Thumb Code    26  stm32f4xx_tim.o(.text)
    TIM_OC2NPolarityConfig                   0x08008dd9   Thumb Code    26  stm32f4xx_tim.o(.text)
    TIM_OC3PolarityConfig                    0x08008df3   Thumb Code    26  stm32f4xx_tim.o(.text)
    TIM_OC3NPolarityConfig                   0x08008e0d   Thumb Code    26  stm32f4xx_tim.o(.text)
    TIM_OC4PolarityConfig                    0x08008e27   Thumb Code    26  stm32f4xx_tim.o(.text)
    TIM_CCxCmd                               0x08008e41   Thumb Code    30  stm32f4xx_tim.o(.text)
    TIM_CCxNCmd                              0x08008e5f   Thumb Code    30  stm32f4xx_tim.o(.text)
    TIM_SetIC4Prescaler                      0x08008e7d   Thumb Code    26  stm32f4xx_tim.o(.text)
    TIM_SetIC3Prescaler                      0x08008ee7   Thumb Code    18  stm32f4xx_tim.o(.text)
    TIM_SetIC2Prescaler                      0x08008f41   Thumb Code    26  stm32f4xx_tim.o(.text)
    TIM_SetIC1Prescaler                      0x08008fb5   Thumb Code    18  stm32f4xx_tim.o(.text)
    TIM_ICInit                               0x08009001   Thumb Code   110  stm32f4xx_tim.o(.text)
    TIM_ICStructInit                         0x0800906f   Thumb Code    18  stm32f4xx_tim.o(.text)
    TIM_PWMIConfig                           0x08009081   Thumb Code   124  stm32f4xx_tim.o(.text)
    TIM_GetCapture1                          0x080090fd   Thumb Code     6  stm32f4xx_tim.o(.text)
    TIM_GetCapture2                          0x08009103   Thumb Code     6  stm32f4xx_tim.o(.text)
    TIM_GetCapture3                          0x08009109   Thumb Code     6  stm32f4xx_tim.o(.text)
    TIM_GetCapture4                          0x0800910f   Thumb Code     6  stm32f4xx_tim.o(.text)
    TIM_BDTRConfig                           0x08009115   Thumb Code    32  stm32f4xx_tim.o(.text)
    TIM_BDTRStructInit                       0x08009135   Thumb Code    18  stm32f4xx_tim.o(.text)
    TIM_CtrlPWMOutputs                       0x08009147   Thumb Code    30  stm32f4xx_tim.o(.text)
    TIM_SelectCOM                            0x08009165   Thumb Code    24  stm32f4xx_tim.o(.text)
    TIM_CCPreloadControl                     0x0800917d   Thumb Code    24  stm32f4xx_tim.o(.text)
    TIM_ITConfig                             0x08009195   Thumb Code    18  stm32f4xx_tim.o(.text)
    TIM_GenerateEvent                        0x080091a7   Thumb Code     4  stm32f4xx_tim.o(.text)
    TIM_GetFlagStatus                        0x080091ab   Thumb Code    18  stm32f4xx_tim.o(.text)
    TIM_ClearFlag                            0x080091bd   Thumb Code     6  stm32f4xx_tim.o(.text)
    TIM_GetITStatus                          0x080091c3   Thumb Code    34  stm32f4xx_tim.o(.text)
    TIM_ClearITPendingBit                    0x080091e5   Thumb Code     6  stm32f4xx_tim.o(.text)
    TIM_DMAConfig                            0x080091eb   Thumb Code    10  stm32f4xx_tim.o(.text)
    TIM_DMACmd                               0x080091f5   Thumb Code    18  stm32f4xx_tim.o(.text)
    TIM_SelectCCDMA                          0x08009207   Thumb Code    24  stm32f4xx_tim.o(.text)
    TIM_InternalClockConfig                  0x0800921f   Thumb Code    12  stm32f4xx_tim.o(.text)
    TIM_SelectInputTrigger                   0x0800922b   Thumb Code    18  stm32f4xx_tim.o(.text)
    TIM_ITRxExternalClockConfig              0x0800923d   Thumb Code    24  stm32f4xx_tim.o(.text)
    TIM_TIxExternalClockConfig               0x08009255   Thumb Code    62  stm32f4xx_tim.o(.text)
    TIM_ETRConfig                            0x08009293   Thumb Code    28  stm32f4xx_tim.o(.text)
    TIM_ETRClockMode1Config                  0x080092af   Thumb Code    54  stm32f4xx_tim.o(.text)
    TIM_ETRClockMode2Config                  0x080092e5   Thumb Code    32  stm32f4xx_tim.o(.text)
    TIM_SelectOutputTrigger                  0x08009305   Thumb Code    18  stm32f4xx_tim.o(.text)
    TIM_SelectSlaveMode                      0x08009317   Thumb Code    18  stm32f4xx_tim.o(.text)
    TIM_SelectMasterSlaveMode                0x08009329   Thumb Code    18  stm32f4xx_tim.o(.text)
    TIM_EncoderInterfaceConfig               0x0800933b   Thumb Code    66  stm32f4xx_tim.o(.text)
    TIM_SelectHallSensor                     0x0800937d   Thumb Code    24  stm32f4xx_tim.o(.text)
    TIM_RemapConfig                          0x08009395   Thumb Code     6  stm32f4xx_tim.o(.text)
    USART_DeInit                             0x0800939d   Thumb Code   156  stm32f4xx_usart.o(.text)
    USART_Init                               0x08009439   Thumb Code   204  stm32f4xx_usart.o(.text)
    USART_StructInit                         0x08009505   Thumb Code    24  stm32f4xx_usart.o(.text)
    USART_ClockInit                          0x0800951d   Thumb Code    32  stm32f4xx_usart.o(.text)
    USART_ClockStructInit                    0x0800953d   Thumb Code    12  stm32f4xx_usart.o(.text)
    USART_Cmd                                0x08009549   Thumb Code    24  stm32f4xx_usart.o(.text)
    USART_SetPrescaler                       0x08009561   Thumb Code    16  stm32f4xx_usart.o(.text)
    USART_OverSampling8Cmd                   0x08009571   Thumb Code    22  stm32f4xx_usart.o(.text)
    USART_OneBitMethodCmd                    0x08009587   Thumb Code    24  stm32f4xx_usart.o(.text)
    USART_SendData                           0x0800959f   Thumb Code     8  stm32f4xx_usart.o(.text)
    USART_ReceiveData                        0x080095a7   Thumb Code    10  stm32f4xx_usart.o(.text)
    USART_SetAddress                         0x080095b1   Thumb Code    18  stm32f4xx_usart.o(.text)
    USART_ReceiverWakeUpCmd                  0x080095c3   Thumb Code    24  stm32f4xx_usart.o(.text)
    USART_WakeUpConfig                       0x080095db   Thumb Code    18  stm32f4xx_usart.o(.text)
    USART_LINBreakDetectLengthConfig         0x080095ed   Thumb Code    18  stm32f4xx_usart.o(.text)
    USART_LINCmd                             0x080095ff   Thumb Code    24  stm32f4xx_usart.o(.text)
    USART_SendBreak                          0x08009617   Thumb Code    10  stm32f4xx_usart.o(.text)
    USART_HalfDuplexCmd                      0x08009621   Thumb Code    24  stm32f4xx_usart.o(.text)
    USART_SetGuardTime                       0x08009639   Thumb Code    16  stm32f4xx_usart.o(.text)
    USART_SmartCardCmd                       0x08009649   Thumb Code    24  stm32f4xx_usart.o(.text)
    USART_SmartCardNACKCmd                   0x08009661   Thumb Code    24  stm32f4xx_usart.o(.text)
    USART_IrDAConfig                         0x08009679   Thumb Code    18  stm32f4xx_usart.o(.text)
    USART_IrDACmd                            0x0800968b   Thumb Code    24  stm32f4xx_usart.o(.text)
    USART_DMACmd                             0x080096a3   Thumb Code    18  stm32f4xx_usart.o(.text)
    USART_ITConfig                           0x080096b5   Thumb Code    74  stm32f4xx_usart.o(.text)
    USART_GetFlagStatus                      0x080096ff   Thumb Code    26  stm32f4xx_usart.o(.text)
    USART_ClearFlag                          0x08009719   Thumb Code    18  stm32f4xx_usart.o(.text)
    USART_GetITStatus                        0x0800972b   Thumb Code   110  stm32f4xx_usart.o(.text)
    USART_ClearITPendingBit                  0x08009799   Thumb Code    30  stm32f4xx_usart.o(.text)
    USBH_Connected                           0x080097b9   Thumb Code    12  usbh_core.o(.text)
    USBH_Disconnected                        0x080097c5   Thumb Code    12  usbh_core.o(.text)
    USBH_SOF                                 0x080097d1   Thumb Code     6  usbh_core.o(.text)
    USBH_DeInit                              0x080097d7   Thumb Code    58  usbh_core.o(.text)
    USBH_Init                                0x08009811   Thumb Code    68  usbh_core.o(.text)
    USBH_HandleControl                       0x08009855   Thumb Code   544  usbh_core.o(.text)
    USBH_ErrorHandle                         0x08009a75   Thumb Code    46  usbh_core.o(.text)
    USBH_Process                             0x08009c7b   Thumb Code   428  usbh_core.o(.text)
    USBH_Open_Channel                        0x08009e2d   Thumb Code   154  usbh_hcs.o(.text)
    USBH_Modify_Channel                      0x08009ec7   Thumb Code   100  usbh_hcs.o(.text)
    USBH_Alloc_Channel                       0x08009f53   Thumb Code    38  usbh_hcs.o(.text)
    USBH_Free_Channel                        0x08009f79   Thumb Code    30  usbh_hcs.o(.text)
    USBH_DeAllocate_AllChannel               0x08009f97   Thumb Code    28  usbh_hcs.o(.text)
    USBH_CtlReq                              0x08009fcb   Thumb Code   100  usbh_ioreq.o(.text)
    USBH_CtlSendSetup                        0x0800a02f   Thumb Code    66  usbh_ioreq.o(.text)
    USBH_CtlSendData                         0x0800a071   Thumb Code   110  usbh_ioreq.o(.text)
    USBH_CtlReceiveData                      0x0800a0df   Thumb Code    70  usbh_ioreq.o(.text)
    USBH_BulkSendData                        0x0800a125   Thumb Code    94  usbh_ioreq.o(.text)
    USBH_BulkReceiveData                     0x0800a183   Thumb Code    96  usbh_ioreq.o(.text)
    USBH_InterruptReceiveData                0x0800a1e3   Thumb Code   120  usbh_ioreq.o(.text)
    USBH_InterruptSendData                   0x0800a25b   Thumb Code   118  usbh_ioreq.o(.text)
    USBH_IsocReceiveData                     0x0800a2d1   Thumb Code    70  usbh_ioreq.o(.text)
    USBH_IsocSendData                        0x0800a317   Thumb Code    68  usbh_ioreq.o(.text)
    USBH_GetDescriptor                       0x0800a3b5   Thumb Code    68  usbh_stdreq.o(.text)
    USBH_Get_DevDesc                         0x0800a3f9   Thumb Code    56  usbh_stdreq.o(.text)
    USBH_GetNextDesc                         0x0800a477   Thumb Code    18  usbh_stdreq.o(.text)
    USBH_Get_CfgDesc                         0x0800a59b   Thumb Code    88  usbh_stdreq.o(.text)
    USBH_Get_StringDesc                      0x0800a629   Thumb Code    60  usbh_stdreq.o(.text)
    USBH_SetAddress                          0x0800a665   Thumb Code    38  usbh_stdreq.o(.text)
    USBH_SetCfg                              0x0800a68b   Thumb Code    38  usbh_stdreq.o(.text)
    USBH_SetInterface                        0x0800a6b1   Thumb Code    44  usbh_stdreq.o(.text)
    USBH_ClrFeature                          0x0800a6dd   Thumb Code    76  usbh_stdreq.o(.text)
    USB_OTG_WritePacket                      0x0800a7d5   Thumb Code    64  usb_core.o(.text)
    USB_OTG_ReadPacket                       0x0800a815   Thumb Code    40  usb_core.o(.text)
    USB_OTG_SelectCore                       0x0800a83d   Thumb Code   204  usb_core.o(.text)
    USB_OTG_CoreInit                         0x0800a909   Thumb Code   294  usb_core.o(.text)
    USB_OTG_EnableGlobalInt                  0x0800aa2f   Thumb Code    34  usb_core.o(.text)
    USB_OTG_DisableGlobalInt                 0x0800aa51   Thumb Code    34  usb_core.o(.text)
    USB_OTG_FlushTxFifo                      0x0800aa73   Thumb Code    80  usb_core.o(.text)
    USB_OTG_FlushRxFifo                      0x0800aac3   Thumb Code    70  usb_core.o(.text)
    USB_OTG_SetCurrentMode                   0x0800ab09   Thumb Code    78  usb_core.o(.text)
    USB_OTG_GetMode                          0x0800ab57   Thumb Code    22  usb_core.o(.text)
    USB_OTG_IsDeviceMode                     0x0800ab6d   Thumb Code    22  usb_core.o(.text)
    USB_OTG_IsHostMode                       0x0800ab83   Thumb Code    20  usb_core.o(.text)
    USB_OTG_ReadCoreItr                      0x0800ab97   Thumb Code    16  usb_core.o(.text)
    USB_OTG_ReadOtgItr                       0x0800aba7   Thumb Code     8  usb_core.o(.text)
    USB_OTG_EnableHostInt                    0x0800abaf   Thumb Code   116  usb_core.o(.text)
    USB_OTG_ReadHPRT0                        0x0800ac23   Thumb Code    48  usb_core.o(.text)
    USB_OTG_DriveVbus                        0x0800ac53   Thumb Code    92  usb_core.o(.text)
    USB_OTG_ResetPort                        0x0800acaf   Thumb Code    64  usb_core.o(.text)
    USB_OTG_InitFSLSPClkSel                  0x0800acef   Thumb Code    24  usb_core.o(.text)
    USB_OTG_CoreInitHost                     0x0800ad07   Thumb Code   216  usb_core.o(.text)
    USB_OTG_IsEvenFrame                      0x0800addf   Thumb Code    16  usb_core.o(.text)
    USB_OTG_ReadHostAllChannels_intr         0x0800adef   Thumb Code     8  usb_core.o(.text)
    USB_OTG_HC_Init                          0x0800adf7   Thumb Code   568  usb_core.o(.text)
    USB_OTG_HC_StartXfer                     0x0800b02f   Thumb Code   502  usb_core.o(.text)
    USB_OTG_HC_Halt                          0x0800b225   Thumb Code   130  usb_core.o(.text)
    USB_OTG_HC_DoPing                        0x0800b2a7   Thumb Code    90  usb_core.o(.text)
    USB_OTG_StopHost                         0x0800b301   Thumb Code    96  usb_core.o(.text)
    USB_OTG_InitDevSpeed                     0x0800b361   Thumb Code    24  usb_core.o(.text)
    USB_OTG_EnableDevInt                     0x0800b379   Thumb Code   154  usb_core.o(.text)
    USB_OTG_CoreInitDev                      0x0800b413   Thumb Code   522  usb_core.o(.text)
    USB_OTG_GetDeviceSpeed                   0x0800b61d   Thumb Code    52  usb_core.o(.text)
    USB_OTG_EP0Activate                      0x0800b651   Thumb Code   106  usb_core.o(.text)
    USB_OTG_EPActivate                       0x0800b6bb   Thumb Code   152  usb_core.o(.text)
    USB_OTG_EPDeactivate                     0x0800b753   Thumb Code    94  usb_core.o(.text)
    USB_OTG_EPStartXfer                      0x0800b7b1   Thumb Code   502  usb_core.o(.text)
    USB_OTG_EP0StartXfer                     0x0800b9a7   Thumb Code   342  usb_core.o(.text)
    USB_OTG_EPSetStall                       0x0800bafd   Thumb Code   100  usb_core.o(.text)
    USB_OTG_EPClearStall                     0x0800bb61   Thumb Code    80  usb_core.o(.text)
    USB_OTG_ReadDevAllOutEp_itr              0x0800bbb1   Thumb Code    16  usb_core.o(.text)
    USB_OTG_ReadDevOutEP_itr                 0x0800bbc1   Thumb Code    20  usb_core.o(.text)
    USB_OTG_ReadDevAllInEPItr                0x0800bbd5   Thumb Code    16  usb_core.o(.text)
    USB_OTG_EP0_OutStart                     0x0800bbe5   Thumb Code    98  usb_core.o(.text)
    USB_OTG_ActiveRemoteWakeup               0x0800bc47   Thumb Code   106  usb_core.o(.text)
    USB_OTG_UngateClock                      0x0800bcb1   Thumb Code    54  usb_core.o(.text)
    USB_OTG_StopDevice                       0x0800bce7   Thumb Code    82  usb_core.o(.text)
    USB_OTG_GetEPStatus                      0x0800bd39   Thumb Code   106  usb_core.o(.text)
    USB_OTG_SetEPStatus                      0x0800bda3   Thumb Code   282  usb_core.o(.text)
    HCD_Init                                 0x0800bebd   Thumb Code    96  usb_hcd.o(.text)
    HCD_GetCurrentSpeed                      0x0800bf1d   Thumb Code    20  usb_hcd.o(.text)
    HCD_ResetPort                            0x0800bf31   Thumb Code    14  usb_hcd.o(.text)
    HCD_IsDeviceConnected                    0x0800bf3f   Thumb Code     8  usb_hcd.o(.text)
    HCD_GetCurrentFrame                      0x0800bf47   Thumb Code    10  usb_hcd.o(.text)
    HCD_GetURB_State                         0x0800bf51   Thumb Code    10  usb_hcd.o(.text)
    HCD_GetXferCnt                           0x0800bf5b   Thumb Code    12  usb_hcd.o(.text)
    HCD_GetHCState                           0x0800bf67   Thumb Code    10  usb_hcd.o(.text)
    HCD_HC_Init                              0x0800bf71   Thumb Code    16  usb_hcd.o(.text)
    HCD_SubmitRequest                        0x0800bf81   Thumb Code    32  usb_hcd.o(.text)
    USBH_OTG_ISR_Handler                     0x0800cd7b   Thumb Code   168  usb_hcd_int.o(.text)
    USBH_Set_Report                          0x0800d375   Thumb Code    52  usbh_hid_core.o(.text)
    USBD_DeInit                              0x0800d55d   Thumb Code     6  usbd_core.o(.text)
    USBD_Init                                0x0800d563   Thumb Code    66  usbd_core.o(.text)
    USBD_SetCfg                              0x0800d7f7   Thumb Code    30  usbd_core.o(.text)
    USBD_ClrCfg                              0x0800d815   Thumb Code    22  usbd_core.o(.text)
    USBD_CtlSendData                         0x0800d855   Thumb Code    46  usbd_ioreq.o(.text)
    USBD_CtlContinueSendData                 0x0800d883   Thumb Code    30  usbd_ioreq.o(.text)
    USBD_CtlPrepareRx                        0x0800d8a1   Thumb Code    46  usbd_ioreq.o(.text)
    USBD_CtlContinueRx                       0x0800d8cf   Thumb Code    30  usbd_ioreq.o(.text)
    USBD_CtlSendStatus                       0x0800d8ed   Thumb Code    36  usbd_ioreq.o(.text)
    USBD_CtlReceiveStatus                    0x0800d911   Thumb Code    36  usbd_ioreq.o(.text)
    USBD_GetRxCount                          0x0800d935   Thumb Code    20  usbd_ioreq.o(.text)
    USBD_CtlError                            0x0800d949   Thumb Code    30  usbd_req.o(.text)
    USBD_StdDevReq                           0x0800dd31   Thumb Code   114  usbd_req.o(.text)
    USBD_StdItfReq                           0x0800dda3   Thumb Code    76  usbd_req.o(.text)
    USBD_StdEPReq                            0x0800ddef   Thumb Code   360  usbd_req.o(.text)
    USBD_ParseSetupRequest                   0x0800df57   Thumb Code    72  usbd_req.o(.text)
    USBD_GetString                           0x0800dfb3   Thumb Code    82  usbd_req.o(.text)
    DCD_Init                                 0x0800e009   Thumb Code   156  usb_dcd.o(.text)
    DCD_EP_Open                              0x0800e0a5   Thumb Code   104  usb_dcd.o(.text)
    DCD_EP_Close                             0x0800e10d   Thumb Code    74  usb_dcd.o(.text)
    DCD_EP_PrepareRx                         0x0800e157   Thumb Code    82  usb_dcd.o(.text)
    DCD_EP_Tx                                0x0800e1a9   Thumb Code    78  usb_dcd.o(.text)
    DCD_EP_Stall                             0x0800e1f7   Thumb Code    72  usb_dcd.o(.text)
    DCD_EP_ClrStall                          0x0800e23f   Thumb Code    72  usb_dcd.o(.text)
    DCD_EP_Flush                             0x0800e287   Thumb Code    36  usb_dcd.o(.text)
    DCD_EP_SetAddress                        0x0800e2ab   Thumb Code    28  usb_dcd.o(.text)
    DCD_DevConnect                           0x0800e2c7   Thumb Code    32  usb_dcd.o(.text)
    DCD_DevDisconnect                        0x0800e2e7   Thumb Code    34  usb_dcd.o(.text)
    DCD_GetEPStatus                          0x0800e309   Thumb Code    64  usb_dcd.o(.text)
    DCD_SetEPStatus                          0x0800e349   Thumb Code    62  usb_dcd.o(.text)
    USBD_OTG_ISR_Handler                     0x0800ea13   Thumb Code   224  usb_dcd_int.o(.text)
    __2sprintf                               0x0800ee2d   Thumb Code    34  noretval__2sprintf.o(.text)
    _printf_pre_padding                      0x0800ee55   Thumb Code    44  _printf_pad.o(.text)
    _printf_post_padding                     0x0800ee81   Thumb Code    34  _printf_pad.o(.text)
    _printf_str                              0x0800eea3   Thumb Code    82  _printf_str.o(.text)
    _printf_int_hex                          0x0800eef5   Thumb Code    84  _printf_hex_int.o(.text)
    _printf_longlong_hex                     0x0800eef5   Thumb Code     0  _printf_hex_int.o(.text)
    __printf                                 0x0800ef4d   Thumb Code   308  __printf_flags_wp.o(.text)
    memcmp                                   0x0800f085   Thumb Code    88  memcmp.o(.text)
    strcat                                   0x0800f0dd   Thumb Code    24  strcat.o(.text)
    __aeabi_memcpy                           0x0800f0f5   Thumb Code     0  rt_memcpy_v6.o(.text)
    __rt_memcpy                              0x0800f0f5   Thumb Code   138  rt_memcpy_v6.o(.text)
    _memcpy_lastbytes                        0x0800f15b   Thumb Code     0  rt_memcpy_v6.o(.text)
    __aeabi_memcpy4                          0x0800f17f   Thumb Code     0  rt_memcpy_w.o(.text)
    __aeabi_memcpy8                          0x0800f17f   Thumb Code     0  rt_memcpy_w.o(.text)
    __rt_memcpy_w                            0x0800f17f   Thumb Code   100  rt_memcpy_w.o(.text)
    _memcpy_lastbytes_aligned                0x0800f1c7   Thumb Code     0  rt_memcpy_w.o(.text)
    __aeabi_memclr                           0x0800f1e3   Thumb Code     0  rt_memclr.o(.text)
    __rt_memclr                              0x0800f1e3   Thumb Code    68  rt_memclr.o(.text)
    _memset                                  0x0800f1e7   Thumb Code     0  rt_memclr.o(.text)
    __aeabi_memclr4                          0x0800f227   Thumb Code     0  rt_memclr_w.o(.text)
    __aeabi_memclr8                          0x0800f227   Thumb Code     0  rt_memclr_w.o(.text)
    __rt_memclr_w                            0x0800f227   Thumb Code    78  rt_memclr_w.o(.text)
    _memset_w                                0x0800f22b   Thumb Code     0  rt_memclr_w.o(.text)
    __use_two_region_memory                  0x0800f275   Thumb Code     2  heapauxi.o(.text)
    __rt_heap_escrow$2region                 0x0800f277   Thumb Code     2  heapauxi.o(.text)
    __rt_heap_expand$2region                 0x0800f279   Thumb Code     2  heapauxi.o(.text)
    __read_errno                             0x0800f27b   Thumb Code    10  _rserrno.o(.text)
    __set_errno                              0x0800f285   Thumb Code    12  _rserrno.o(.text)
    _printf_int_common                       0x0800f291   Thumb Code   178  _printf_intcommon.o(.text)
    _printf_char_common                      0x0800f34f   Thumb Code    32  _printf_char_common.o(.text)
    _sputc                                   0x0800f375   Thumb Code    10  _sputc.o(.text)
    _printf_cs_common                        0x0800f37f   Thumb Code    20  _printf_char.o(.text)
    _printf_char                             0x0800f393   Thumb Code    16  _printf_char.o(.text)
    _printf_string                           0x0800f3a3   Thumb Code     8  _printf_char.o(.text)
    __aeabi_errno_addr                       0x0800f3ad   Thumb Code     8  rt_errno_addr_intlibspace.o(.text)
    __errno$intlibspace                      0x0800f3ad   Thumb Code     0  rt_errno_addr_intlibspace.o(.text)
    __rt_errno_addr$intlibspace              0x0800f3ad   Thumb Code     0  rt_errno_addr_intlibspace.o(.text)
    __user_libspace                          0x0800f3b5   Thumb Code     8  libspace.o(.text)
    __user_perproc_libspace                  0x0800f3b5   Thumb Code     0  libspace.o(.text)
    __user_perthread_libspace                0x0800f3b5   Thumb Code     0  libspace.o(.text)
    __user_setup_stackheap                   0x0800f3bd   Thumb Code    74  sys_stackheap_outer.o(.text)
    exit                                     0x0800f407   Thumb Code    12  exit.o(.text)
    _sys_exit                                0x0800f415   Thumb Code     8  sys_exit.o(.text)
    __I$use$semihosting                      0x0800f421   Thumb Code     0  use_no_semi.o(.text)
    __use_no_semihosting_swi                 0x0800f421   Thumb Code     2  use_no_semi.o(.text)
    __ARM_fpclassify                         0x0800f423   Thumb Code    48  fpclassify.o(i.__ARM_fpclassify)
    __semihosting_library_function           0x0800f423   Thumb Code     0  indicate_semi.o(.text)
    __hardfp_atan                            0x0800f459   Thumb Code   622  atan.o(i.__hardfp_atan)
    __hardfp_atan2                           0x0800f731   Thumb Code   432  atan2.o(i.__hardfp_atan2)
    __hardfp_ceil                            0x0800f921   Thumb Code   252  ceil.o(i.__hardfp_ceil)
    __hardfp_cos                             0x0800fa39   Thumb Code   180  cos.o(i.__hardfp_cos)
    __hardfp_sin                             0x0800fb01   Thumb Code   180  sin.o(i.__hardfp_sin)
    __ieee754_rem_pio2                       0x0800fbc9   Thumb Code   938  rred.o(i.__ieee754_rem_pio2)
    __kernel_cos                             0x08010001   Thumb Code   322  cos_i.o(i.__kernel_cos)
    __kernel_poly                            0x08010171   Thumb Code   248  poly.o(i.__kernel_poly)
    __kernel_sin                             0x08010269   Thumb Code   280  sin_i.o(i.__kernel_sin)
    __mathlib_dbl_infnan                     0x08010399   Thumb Code    20  dunder.o(i.__mathlib_dbl_infnan)
    __mathlib_dbl_infnan2                    0x080103ad   Thumb Code    20  dunder.o(i.__mathlib_dbl_infnan2)
    __mathlib_dbl_invalid                    0x080103c1   Thumb Code    24  dunder.o(i.__mathlib_dbl_invalid)
    __mathlib_dbl_underflow                  0x080103e1   Thumb Code    24  dunder.o(i.__mathlib_dbl_underflow)
    _is_digit                                0x08010401   Thumb Code    14  __printf_wp.o(i._is_digit)
    atan                                     0x0801040f   Thumb Code    16  atan.o(i.atan)
    fabs                                     0x0801041f   Thumb Code    24  fabs.o(i.fabs)
    __aeabi_dneg                             0x08010437   Thumb Code     0  basic.o(x$fpl$basic)
    _dneg                                    0x08010437   Thumb Code     6  basic.o(x$fpl$basic)
    __aeabi_fneg                             0x0801043d   Thumb Code     0  basic.o(x$fpl$basic)
    _fneg                                    0x0801043d   Thumb Code     6  basic.o(x$fpl$basic)
    _dabs                                    0x08010443   Thumb Code     6  basic.o(x$fpl$basic)
    _fabs                                    0x08010449   Thumb Code     6  basic.o(x$fpl$basic)
    __aeabi_d2f                              0x08010451   Thumb Code     0  d2f.o(x$fpl$d2f)
    _d2f                                     0x08010451   Thumb Code    98  d2f.o(x$fpl$d2f)
    __aeabi_dadd                             0x080104b5   Thumb Code     0  daddsub_clz.o(x$fpl$dadd)
    _dadd                                    0x080104b5   Thumb Code   332  daddsub_clz.o(x$fpl$dadd)
    __fpl_dcmp_Inf                           0x08010605   Thumb Code    24  dcmpi.o(x$fpl$dcmpinf)
    __aeabi_ddiv                             0x0801061d   Thumb Code     0  ddiv.o(x$fpl$ddiv)
    _ddiv                                    0x0801061d   Thumb Code   552  ddiv.o(x$fpl$ddiv)
    __aeabi_d2iz                             0x080108cd   Thumb Code     0  dfix.o(x$fpl$dfix)
    _dfix                                    0x080108cd   Thumb Code    94  dfix.o(x$fpl$dfix)
    __aeabi_d2uiz                            0x0801092d   Thumb Code     0  dfixu.o(x$fpl$dfixu)
    _dfixu                                   0x0801092d   Thumb Code    90  dfixu.o(x$fpl$dfixu)
    __aeabi_i2d                              0x08010987   Thumb Code     0  dflt_clz.o(x$fpl$dflt)
    _dflt                                    0x08010987   Thumb Code    46  dflt_clz.o(x$fpl$dflt)
    __aeabi_ui2d                             0x080109b5   Thumb Code     0  dflt_clz.o(x$fpl$dfltu)
    _dfltu                                   0x080109b5   Thumb Code    38  dflt_clz.o(x$fpl$dfltu)
    __aeabi_cdcmple                          0x080109dd   Thumb Code     0  dleqf.o(x$fpl$dleqf)
    _dcmple                                  0x080109dd   Thumb Code   120  dleqf.o(x$fpl$dleqf)
    __fpl_dcmple_InfNaN                      0x08010a3f   Thumb Code     0  dleqf.o(x$fpl$dleqf)
    __aeabi_dmul                             0x08010a55   Thumb Code     0  dmul.o(x$fpl$dmul)
    _dmul                                    0x08010a55   Thumb Code   332  dmul.o(x$fpl$dmul)
    __fpl_dnaninf                            0x08010ba9   Thumb Code   156  dnaninf.o(x$fpl$dnaninf)
    __fpl_dretinf                            0x08010c45   Thumb Code    12  dretinf.o(x$fpl$dretinf)
    __aeabi_cdrcmple                         0x08010c51   Thumb Code     0  drleqf.o(x$fpl$drleqf)
    _drcmple                                 0x08010c51   Thumb Code   108  drleqf.o(x$fpl$drleqf)
    __aeabi_drsub                            0x08010cbd   Thumb Code     0  daddsub_clz.o(x$fpl$drsb)
    _drsb                                    0x08010cbd   Thumb Code    22  daddsub_clz.o(x$fpl$drsb)
    __aeabi_dsub                             0x08010cd5   Thumb Code     0  daddsub_clz.o(x$fpl$dsub)
    _dsub                                    0x08010cd5   Thumb Code   464  daddsub_clz.o(x$fpl$dsub)
    __aeabi_f2d                              0x08010ea9   Thumb Code     0  f2d.o(x$fpl$f2d)
    _f2d                                     0x08010ea9   Thumb Code    86  f2d.o(x$fpl$f2d)
    __fpl_fnaninf                            0x08010eff   Thumb Code   140  fnaninf.o(x$fpl$fnaninf)
    _fp_init                                 0x08010f8b   Thumb Code    10  fpinit.o(x$fpl$fpinit)
    __fplib_config_fpu_vfp                   0x08010f93   Thumb Code     0  fpinit.o(x$fpl$fpinit)
    __fplib_config_pureend_doubles           0x08010f93   Thumb Code     0  fpinit.o(x$fpl$fpinit)
    __fpl_fretinf                            0x08010f95   Thumb Code    10  fretinf.o(x$fpl$fretinf)
    __I$use$fp                               0x08010f9e   Number         0  usenofp.o(x$fpl$usenofp)
    __mathlib_zero                           0x080115e8   Data           8  qnan.o(.constdata)
    Region$$Table$$Base                      0x080116e0   Number         0  anon$$obj.o(Region$$Table)
    Region$$Table$$Limit                     0x08011700   Number         0  anon$$obj.o(Region$$Table)
    shooter                                  0x20000000   Data           1  action.o(.data)
    g_is_shoot_set                           0x20000001   Data           1  action.o(.data)
    is_action_shoot                          0x20000002   Data           1  action.o(.data)
    type                                     0x20000018   Data           1  comm.o(.data)
    packet_cnt                               0x20000019   Data           1  comm.o(.data)
    gyro_control_flag                        0x2000001a   Data           1  comm.o(.data)
    error_flag                               0x20000038   Data           1  error_event.o(.data)
    BAUDRATE_ENUM                            0x20000039   Data           1  hm_bluetooth.o(.data)
    CONNECT_MODE_EUNM                        0x2000003a   Data           1  hm_bluetooth.o(.data)
    DATA_TRANSER_SPEED_ENUM                  0x2000003b   Data           1  hm_bluetooth.o(.data)
    EDR_WORK_MODE_ENUM                       0x2000003c   Data           1  hm_bluetooth.o(.data)
    CONNECT_NOTIFY_ENUM                      0x2000003d   Data           1  hm_bluetooth.o(.data)
    PIO1_LED_STATUS_ENUM                     0x2000003e   Data           1  hm_bluetooth.o(.data)
    Hm_bluetooth_connect_flag                0x2000003f   Data           1  hm_bluetooth.o(.data)
    bluetooth_code                           0x20000040   Data           6  hm_bluetooth.o(.data)
    usb_host_device_mode                     0x20000046   Data           1  init.o(.data)
    eeprom_blue_init_flag                    0x20000047   Data           1  init.o(.data)
    frequency                                0x20000048   Data           4  misc.o(.data)
    encoder_tab                              0x2000005c   Data          16  motor.o(.data)
    is_motor_run                             0x2000006c   Data           1  motor.o(.data)
    z_factory                                0x20000070   Data           8  mpu6050_driver.o(.data)
    angel_z                                  0x20000078   Data           4  mpu6050_driver.o(.data)
    angel_x                                  0x2000007c   Data           4  mpu6050_driver.o(.data)
    angel_y                                  0x20000080   Data           4  mpu6050_driver.o(.data)
    adc_offset_gyro_z                        0x20000084   Data           4  mpu6050_driver.o(.data)
    receive_flag                             0x2000008c   Data           4  nrf24l01.o(.data)
    packet_flag                              0x20000090   Data           1  packet.o(.data)
    identify_buf_ptr                         0x20000094   Data           4  packet.o(.data)
    identify_success                         0x20000098   Data           1  packet.o(.data)
    wheel_reduction_ratio_x_set              0x200000c0   Data           4  robot.o(.data)
    wheel_reduction_ratio_yz_set             0x200000c4   Data           4  robot.o(.data)
    max_shot_strength_set                    0x200000c8   Data           4  robot.o(.data)
    startpoint                               0x200000cc   Data           1  robot.o(.data)
    steplength                               0x200000cd   Data           1  robot.o(.data)
    g_do_set_receive_mode_flag               0x200000ce   Data           1  robot.o(.data)
    g_set_receive_mode_flag                  0x200000cf   Data           1  robot.o(.data)
    forcestopcounter                         0x200000d0   Data           4  robot.o(.data)
    last_beep                                0x200000d4   Data           1  robot.o(.data)
    bluetooth_mode_on                        0x200000d5   Data           1  robot.o(.data)
    is_low_power_cnt                         0x200000d6   Data           1  robot.o(.data)
    g_pid_timer_cnt                          0x200000d7   Data           1  robot.o(.data)
    power_mon_timer                          0x200000d8   Data           8  robot.o(.data)
    heart_led_timer                          0x200000e0   Data           8  robot.o(.data)
    rf_comm_tim                              0x200000e8   Data           8  robot.o(.data)
    identify_cpuid_tim                       0x200000f0   Data           8  robot.o(.data)
    gyro_mon_timer                           0x200000f8   Data           8  robot.o(.data)
    bluetooth_mon_timer                      0x20000100   Data           8  robot.o(.data)
    shoot_interval_timer                     0x20000108   Data           8  robot.o(.data)
    beepflag                                 0x20000110   Data           4  robot.o(.data)
    beepcnt                                  0x20000114   Data           4  robot.o(.data)
    SystemCoreClock                          0x20000124   Data           4  system_stm32f4xx.o(.data)
    AHBPrescTable                            0x20000128   Data          16  system_stm32f4xx.o(.data)
    sys_tick                                 0x20000138   Data           8  timer.o(.data)
    uart_rx_buf_cnt                          0x20000140   Data           1  usart_ble.o(.data)
    uart_tx_buf_cnt                          0x20000141   Data           1  usart_ble.o(.data)
    uart_rx_buf_ptr                          0x20000142   Data           1  usart_ble.o(.data)
    ble_ack_ok                               0x20000143   Data           1  usart_ble.o(.data)
    g_is_uart_get_a_packet                   0x20000144   Data           1  usart_ble.o(.data)
    g_is_uart_sent_a_packet                  0x20000145   Data           1  usart_ble.o(.data)
    g_is_uart_get_packet_num                 0x20000146   Data           1  usart_ble.o(.data)
    g_is_uart_sent_packet_num                0x20000147   Data           1  usart_ble.o(.data)
    HSEStartUpStatus                         0x20000148   Data           1  usb_bsp.o(.data)
    BSP_delay                                0x2000014c   Data           4  usb_bsp.o(.data)
    linecoding                               0x20000150   Data           8  usbd_cdc_vcp.o(.data)
    USB_Receive_ok                           0x20000158   Data           1  usbd_cdc_vcp.o(.data)
    usb_receive_ptr                          0x2000015a   Data           2  usbd_cdc_vcp.o(.data)
    usb_receive_cnt                          0x2000015c   Data           2  usbd_cdc_vcp.o(.data)
    VCP_fops                                 0x20000160   Data          20  usbd_cdc_vcp.o(.data)
    USR_desc                                 0x20000174   Data          28  usbd_desc.o(.data)
    USBD_DeviceDesc                          0x20000190   Data          18  usbd_desc.o(.data)
    USBD_DeviceQualifierDesc                 0x200001a2   Data          10  usbd_desc.o(.data)
    USBD_LangIDDesc                          0x200001ac   Data           4  usbd_desc.o(.data)
    USR_cb                                   0x200001b0   Data          28  usbd_usr.o(.data)
    KeybrdCharXpos                           0x200001cc   Data           1  usbh_usr.o(.data)
    KeybrdCharYpos                           0x200001ce   Data           2  usbh_usr.o(.data)
    x_loc                                    0x200001d0   Data           2  usbh_usr.o(.data)
    y_loc                                    0x200001d2   Data           2  usbh_usr.o(.data)
    prev_x                                   0x200001d4   Data           2  usbh_usr.o(.data)
    prev_y                                   0x200001d6   Data           2  usbh_usr.o(.data)
    USR_Callbacks                            0x200001d8   Data          72  usbh_usr.o(.data)
    USBH_HCD_INT_cb                          0x20000234   Data          12  usbh_core.o(.data)
    USBH_HCD_INT_fops                        0x20000240   Data           4  usbh_core.o(.data)
    HID_Setup                                0x2000024c   Data           8  usbh_hid_core.o(.data)
    start_toggle                             0x20000254   Data           1  usbh_hid_core.o(.data)
    HID_callb                                0x20000258   Data          16  usbh_hid_core.o(.data)
    HID_JOYSTICK_cb                          0x20000268   Data           8  usbh_hid_joystick.o(.data)
    HID_KEYBRD_cb                            0x20000270   Data           8  usbh_hid_keybd.o(.data)
    HID_MOUSE_Data                           0x20000290   Data           4  usbh_hid_mouse.o(.data)
    HID_MOUSE_cb                             0x20000294   Data           8  usbh_hid_mouse.o(.data)
    SET_TEST_MODE                            0x2000029c   Data           4  usbd_core.o(.data)
    USBD_DCD_INT_cb                          0x200002a0   Data          44  usbd_core.o(.data)
    USBD_DCD_INT_fops                        0x200002cc   Data           4  usbd_core.o(.data)
    USBD_ep_status                           0x200002d0   Data           4  usbd_req.o(.data)
    USBD_default_cfg                         0x200002d4   Data           4  usbd_req.o(.data)
    USBD_cfg_status                          0x200002d8   Data           4  usbd_req.o(.data)
    CmdBuff                                  0x200002e4   Data           8  usbd_cdc_core.o(.data)
    APP_Rx_ptr_in                            0x200002ec   Data           4  usbd_cdc_core.o(.data)
    APP_Rx_ptr_out                           0x200002f0   Data           4  usbd_cdc_core.o(.data)
    APP_Rx_length                            0x200002f4   Data           4  usbd_cdc_core.o(.data)
    USB_Tx_State                             0x200002f8   Data           1  usbd_cdc_core.o(.data)
    USBD_CDC_cb                              0x20000304   Data          44  usbd_cdc_core.o(.data)
    usbd_cdc_CfgDesc                         0x20000330   Data          67  usbd_cdc_core.o(.data)
    g_shooter                                0x20000378   Data          16  action.o(.bss)
    g_rf_comm                                0x20000388   Data          32  comm.o(.bss)
    joystick_packet                          0x200003a8   Data          28  comm.o(.bss)
    identify_data                            0x200003c4   Data         260  comm.o(.bss)
    bluetooth_name                           0x200004e0   Data          10  hm_bluetooth.o(.bss)
    cpuID                                    0x200004ec   Data          12  init.o(.bss)
    cpuid_data                               0x200004f8   Data          12  init.o(.bss)
    encrpty_cpuid                            0x20000504   Data          18  init.o(.bss)
    acc_gyro_adc                             0x2000052c   Data          12  mpu6050_driver.o(.bss)
    acc_gyro_actul                           0x20000538   Data          24  mpu6050_driver.o(.bss)
    acc_agro_angel                           0x20000550   Data          24  mpu6050_driver.o(.bss)
    adc_offset_buf                           0x20000568   Data          20  mpu6050_driver.o(.bss)
    nRF24L01_dev                             0x2000057c   Data         280  nrf24l01.o(.bss)
    gyro_pid                                 0x20000694   Data          52  pid.o(.bss)
    g_robot                                  0x200006c8   Data        8352  robot.o(.bss)
    uart_rx_buf                              0x20002768   Data         256  usart_ble.o(.bss)
    uart_tx_buf                              0x20002868   Data         256  usart_ble.o(.bss)
    buf_packet_ok                            0x20002968   Data          25  usart_ble.o(.bss)
    USART_InitStructure                      0x20002984   Data          16  usbd_cdc_vcp.o(.bss)
    USB_Receive_Buffer                       0x20002994   Data          64  usbd_cdc_vcp.o(.bss)
    USB_Tx_Buffer                            0x200029d4   Data          64  usbd_cdc_vcp.o(.bss)
    USB_OTG_Core_dev                         0x20002a14   Data        2704  usbh_core.o(.bss)
    USB_Host                                 0x200034a4   Data         132  usbh_core.o(.bss)
    USBH_CfgDesc                             0x20003528   Data         512  usbh_stdreq.o(.bss)
    HID_Machine                              0x20003728   Data          84  usbh_hid_core.o(.bss)
    HID_Report                               0x2000377c   Data          72  usbh_hid_core.o(.bss)
    HID_Desc                                 0x200037c4   Data          10  usbh_hid_core.o(.bss)
    HID_JOYSTICK_Data                        0x200037ce   Data          20  usbh_hid_joystick.o(.bss)
    USB_OTG_dev                              0x200037e4   Data        2704  usbd_core.o(.bss)
    USBD_StrDesc                             0x20004274   Data         255  usbd_req.o(.bss)
    usbd_cdc_OtherCfgDesc                    0x20004373   Data          67  usbd_cdc_core.o(.bss)
    USB_Rx_Buffer                            0x200043b6   Data          64  usbd_cdc_core.o(.bss)
    APP_Rx_Buffer                            0x200043f6   Data        2048  usbd_cdc_core.o(.bss)
    __libspace_start                         0x20004bf8   Data          96  libspace.o(.bss)
    __temporary_stack_top$libspace           0x20004c58   Data           0  libspace.o(.bss)



==============================================================================

Memory Map of the image

  Image Entry point : 0x08000189

  Load Region LR_IROM1 (Base: 0x08000000, Size: 0x00011a78, Max: 0x00080000, ABSOLUTE, COMPRESSED[0x00011880])

    Execution Region ER_IROM1 (Base: 0x08000000, Size: 0x00011700, Max: 0x00080000, ABSOLUTE)

    Base Addr    Size         Type   Attr      Idx    E Section Name        Object

    0x08000000   0x00000188   Data   RO          924    RESET               startup_stm32f4xx.o
    0x08000188   0x00000008   Code   RO         1874  * !!!main             c_w.l(__main.o)
    0x08000190   0x00000034   Code   RO         2192    !!!scatter          c_w.l(__scatter.o)
    0x080001c4   0x0000005a   Code   RO         2190    !!dczerorl2         c_w.l(__dczerorl2.o)
    0x0800021e   0x00000002   PAD
    0x08000220   0x0000001c   Code   RO         2194    !!handler_zi        c_w.l(__scatter_zi.o)
    0x0800023c   0x00000000   Code   RO         1859    .ARM.Collect$$_printf_percent$$00000000  c_w.l(_printf_percent.o)
    0x0800023c   0x00000006   Code   RO         1858    .ARM.Collect$$_printf_percent$$0000000C  c_w.l(_printf_x.o)
    0x08000242   0x00000006   Code   RO         1857    .ARM.Collect$$_printf_percent$$00000014  c_w.l(_printf_s.o)
    0x08000248   0x00000004   Code   RO         1953    .ARM.Collect$$_printf_percent$$00000017  c_w.l(_printf_percent_end.o)
    0x0800024c   0x00000002   Code   RO         2062    .ARM.Collect$$libinit$$00000000  c_w.l(libinit.o)
    0x0800024e   0x00000004   Code   RO         2067    .ARM.Collect$$libinit$$00000001  c_w.l(libinit2.o)
    0x08000252   0x00000000   Code   RO         2070    .ARM.Collect$$libinit$$00000004  c_w.l(libinit2.o)
    0x08000252   0x00000000   Code   RO         2073    .ARM.Collect$$libinit$$0000000A  c_w.l(libinit2.o)
    0x08000252   0x00000000   Code   RO         2075    .ARM.Collect$$libinit$$0000000C  c_w.l(libinit2.o)
    0x08000252   0x00000000   Code   RO         2077    .ARM.Collect$$libinit$$0000000E  c_w.l(libinit2.o)
    0x08000252   0x00000000   Code   RO         2080    .ARM.Collect$$libinit$$00000011  c_w.l(libinit2.o)
    0x08000252   0x00000000   Code   RO         2082    .ARM.Collect$$libinit$$00000013  c_w.l(libinit2.o)
    0x08000252   0x00000000   Code   RO         2084    .ARM.Collect$$libinit$$00000015  c_w.l(libinit2.o)
    0x08000252   0x00000000   Code   RO         2086    .ARM.Collect$$libinit$$00000017  c_w.l(libinit2.o)
    0x08000252   0x00000000   Code   RO         2088    .ARM.Collect$$libinit$$00000019  c_w.l(libinit2.o)
    0x08000252   0x00000000   Code   RO         2090    .ARM.Collect$$libinit$$0000001B  c_w.l(libinit2.o)
    0x08000252   0x00000000   Code   RO         2092    .ARM.Collect$$libinit$$0000001D  c_w.l(libinit2.o)
    0x08000252   0x00000000   Code   RO         2094    .ARM.Collect$$libinit$$0000001F  c_w.l(libinit2.o)
    0x08000252   0x00000000   Code   RO         2096    .ARM.Collect$$libinit$$00000021  c_w.l(libinit2.o)
    0x08000252   0x00000000   Code   RO         2098    .ARM.Collect$$libinit$$00000023  c_w.l(libinit2.o)
    0x08000252   0x00000000   Code   RO         2100    .ARM.Collect$$libinit$$00000025  c_w.l(libinit2.o)
    0x08000252   0x00000000   Code   RO         2104    .ARM.Collect$$libinit$$0000002C  c_w.l(libinit2.o)
    0x08000252   0x00000000   Code   RO         2106    .ARM.Collect$$libinit$$0000002E  c_w.l(libinit2.o)
    0x08000252   0x00000000   Code   RO         2108    .ARM.Collect$$libinit$$00000030  c_w.l(libinit2.o)
    0x08000252   0x00000000   Code   RO         2110    .ARM.Collect$$libinit$$00000032  c_w.l(libinit2.o)
    0x08000252   0x00000002   Code   RO         2111    .ARM.Collect$$libinit$$00000033  c_w.l(libinit2.o)
    0x08000254   0x00000002   Code   RO         2131    .ARM.Collect$$libshutdown$$00000000  c_w.l(libshutdown.o)
    0x08000256   0x00000000   Code   RO         2145    .ARM.Collect$$libshutdown$$00000003  c_w.l(libshutdown2.o)
    0x08000256   0x00000000   Code   RO         2148    .ARM.Collect$$libshutdown$$00000006  c_w.l(libshutdown2.o)
    0x08000256   0x00000000   Code   RO         2151    .ARM.Collect$$libshutdown$$00000009  c_w.l(libshutdown2.o)
    0x08000256   0x00000000   Code   RO         2153    .ARM.Collect$$libshutdown$$0000000B  c_w.l(libshutdown2.o)
    0x08000256   0x00000000   Code   RO         2156    .ARM.Collect$$libshutdown$$0000000E  c_w.l(libshutdown2.o)
    0x08000256   0x00000002   Code   RO         2157    .ARM.Collect$$libshutdown$$0000000F  c_w.l(libshutdown2.o)
    0x08000258   0x00000000   Code   RO         1942    .ARM.Collect$$rtentry$$00000000  c_w.l(__rtentry.o)
    0x08000258   0x00000000   Code   RO         2023    .ARM.Collect$$rtentry$$00000002  c_w.l(__rtentry2.o)
    0x08000258   0x00000006   Code   RO         2035    .ARM.Collect$$rtentry$$00000004  c_w.l(__rtentry4.o)
    0x0800025e   0x00000000   Code   RO         2025    .ARM.Collect$$rtentry$$00000009  c_w.l(__rtentry2.o)
    0x0800025e   0x00000004   Code   RO         2026    .ARM.Collect$$rtentry$$0000000A  c_w.l(__rtentry2.o)
    0x08000262   0x00000000   Code   RO         2028    .ARM.Collect$$rtentry$$0000000C  c_w.l(__rtentry2.o)
    0x08000262   0x00000008   Code   RO         2029    .ARM.Collect$$rtentry$$0000000D  c_w.l(__rtentry2.o)
    0x0800026a   0x00000002   Code   RO         2065    .ARM.Collect$$rtexit$$00000000  c_w.l(rtexit.o)
    0x0800026c   0x00000000   Code   RO         2113    .ARM.Collect$$rtexit$$00000002  c_w.l(rtexit2.o)
    0x0800026c   0x00000004   Code   RO         2114    .ARM.Collect$$rtexit$$00000003  c_w.l(rtexit2.o)
    0x08000270   0x00000006   Code   RO         2115    .ARM.Collect$$rtexit$$00000004  c_w.l(rtexit2.o)
    0x08000276   0x00000002   PAD
    0x08000278   0x0000068c   Code   RO            2    .text               action.o
    0x08000904   0x00000754   Code   RO          182    .text               comm.o
    0x08001058   0x000005f0   Code   RO          218    .text               cpuid_des.o
    0x08001648   0x0000008c   Code   RO          281    .text               gpio.o
    0x080016d4   0x00000b54   Code   RO          297    .text               hm_bluetooth.o
    0x08002228   0x0000075c   Code   RO          325    .text               i2c.o
    0x08002984   0x00000710   Code   RO          348    .text               init.o
    0x08003094   0x0000000e   Code   RO          460    .text               main.o
    0x080030a2   0x00000002   PAD
    0x080030a4   0x000007e0   Code   RO          476    .text               misc.o
    0x08003884   0x00000574   Code   RO          501    .text               motor.o
    0x08003df8   0x00000420   Code   RO          520    .text               mpu6050_driver.o
    0x08004218   0x00000170   Code   RO          546    .text               nrf24l01.o
    0x08004388   0x00000398   Code   RO          570    .text               nrf24l01_drv.o
    0x08004720   0x00000532   Code   RO          590    .text               packet.o
    0x08004c52   0x00000002   PAD
    0x08004c54   0x00000168   Code   RO          610    .text               param.o
    0x08004dbc   0x000002f4   Code   RO          626    .text               pid.o
    0x080050b0   0x00000b8c   Code   RO          648    .text               robot.o
    0x08005c3c   0x0000003c   Code   RO          688    .text               stm32f4xx_it.o
    0x08005c78   0x00000210   Code   RO          716    .text               system_stm32f4xx.o
    0x08005e88   0x00000104   Code   RO          738    .text               timer.o
    0x08005f8c   0x00000278   Code   RO          763    .text               usart_ble.o
    0x08006204   0x00000238   Code   RO          789    .text               usb_bsp.o
    0x0800643c   0x0000022c   Code   RO          808    .text               usbd_cdc_vcp.o
    0x08006668   0x00000154   Code   RO          840    .text               usbd_desc.o
    0x080067bc   0x0000001e   Code   RO          866    .text               usbd_usr.o
    0x080067da   0x00000002   PAD
    0x080067dc   0x000002f0   Code   RO          889    .text               usbh_usr.o
    0x08006acc   0x00000040   Code   RO          925    .text               startup_stm32f4xx.o
    0x08006b0c   0x00000464   Code   RO          930    .text               stm32f4xx_adc.o
    0x08006f70   0x0000011c   Code   RO         1106    .text               stm32f4xx_exti.o
    0x0800708c   0x000004bc   Code   RO         1122    .text               stm32f4xx_flash.o
    0x08007548   0x0000025c   Code   RO         1154    .text               stm32f4xx_gpio.o
    0x080077a4   0x00000428   Code   RO         1218    .text               stm32f4xx_i2c.o
    0x08007bcc   0x00000040   Code   RO         1234    .text               stm32f4xx_iwdg.o
    0x08007c0c   0x000000e0   Code   RO         1250    .text               stm32f4xx_misc.o
    0x08007cec   0x00000588   Code   RO         1282    .text               stm32f4xx_rcc.o
    0x08008274   0x000003f8   Code   RO         1348    .text               stm32f4xx_spi.o
    0x0800866c   0x0000008c   Code   RO         1364    .text               stm32f4xx_syscfg.o
    0x080086f8   0x00000ca2   Code   RO         1380    .text               stm32f4xx_tim.o
    0x0800939a   0x00000002   PAD
    0x0800939c   0x0000041a   Code   RO         1396    .text               stm32f4xx_usart.o
    0x080097b6   0x00000002   PAD
    0x080097b8   0x00000674   Code   RO         1428    .text               usbh_core.o
    0x08009e2c   0x00000186   Code   RO         1454    .text               usbh_hcs.o
    0x08009fb2   0x000003a8   Code   RO         1470    .text               usbh_ioreq.o
    0x0800a35a   0x00000002   PAD
    0x0800a35c   0x000003d8   Code   RO         1486    .text               usbh_stdreq.o
    0x0800a734   0x00001788   Code   RO         1509    .text               usb_core.o
    0x0800bebc   0x000000e4   Code   RO         1525    .text               usb_hcd.o
    0x0800bfa0   0x00000e88   Code   RO         1541    .text               usb_hcd_int.o
    0x0800ce28   0x00000588   Code   RO         1557    .text               usbh_hid_core.o
    0x0800d3b0   0x00000028   Code   RO         1592    .text               usbh_hid_joystick.o
    0x0800d3d8   0x0000015c   Code   RO         1614    .text               usbh_hid_keybd.o
    0x0800d534   0x00000028   Code   RO         1636    .text               usbh_hid_mouse.o
    0x0800d55c   0x000002f8   Code   RO         1657    .text               usbd_core.o
    0x0800d854   0x000000f4   Code   RO         1683    .text               usbd_ioreq.o
    0x0800d948   0x000006c0   Code   RO         1699    .text               usbd_req.o
    0x0800e008   0x0000037e   Code   RO         1724    .text               usb_dcd.o
    0x0800e386   0x00000002   PAD
    0x0800e388   0x00000770   Code   RO         1740    .text               usb_dcd_int.o
    0x0800eaf8   0x00000334   Code   RO         1756    .text               usbd_cdc_core.o
    0x0800ee2c   0x00000028   Code   RO         1808    .text               c_w.l(noretval__2sprintf.o)
    0x0800ee54   0x0000004e   Code   RO         1812    .text               c_w.l(_printf_pad.o)
    0x0800eea2   0x00000052   Code   RO         1814    .text               c_w.l(_printf_str.o)
    0x0800eef4   0x00000058   Code   RO         1819    .text               c_w.l(_printf_hex_int.o)
    0x0800ef4c   0x00000138   Code   RO         1849    .text               c_w.l(__printf_flags_wp.o)
    0x0800f084   0x00000058   Code   RO         1860    .text               c_w.l(memcmp.o)
    0x0800f0dc   0x00000018   Code   RO         1862    .text               c_w.l(strcat.o)
    0x0800f0f4   0x0000008a   Code   RO         1864    .text               c_w.l(rt_memcpy_v6.o)
    0x0800f17e   0x00000064   Code   RO         1866    .text               c_w.l(rt_memcpy_w.o)
    0x0800f1e2   0x00000044   Code   RO         1868    .text               c_w.l(rt_memclr.o)
    0x0800f226   0x0000004e   Code   RO         1870    .text               c_w.l(rt_memclr_w.o)
    0x0800f274   0x00000006   Code   RO         1872    .text               c_w.l(heapauxi.o)
    0x0800f27a   0x00000016   Code   RO         1943    .text               c_w.l(_rserrno.o)
    0x0800f290   0x000000b2   Code   RO         1945    .text               c_w.l(_printf_intcommon.o)
    0x0800f342   0x00000002   PAD
    0x0800f344   0x00000030   Code   RO         1947    .text               c_w.l(_printf_char_common.o)
    0x0800f374   0x0000000a   Code   RO         1949    .text               c_w.l(_sputc.o)
    0x0800f37e   0x0000002c   Code   RO         1951    .text               c_w.l(_printf_char.o)
    0x0800f3aa   0x00000002   PAD
    0x0800f3ac   0x00000008   Code   RO         2040    .text               c_w.l(rt_errno_addr_intlibspace.o)
    0x0800f3b4   0x00000008   Code   RO         2050    .text               c_w.l(libspace.o)
    0x0800f3bc   0x0000004a   Code   RO         2053    .text               c_w.l(sys_stackheap_outer.o)
    0x0800f406   0x0000000c   Code   RO         2055    .text               c_w.l(exit.o)
    0x0800f412   0x00000002   PAD
    0x0800f414   0x0000000c   Code   RO         2123    .text               c_w.l(sys_exit.o)
    0x0800f420   0x00000002   Code   RO         2134    .text               c_w.l(use_no_semi.o)
    0x0800f422   0x00000000   Code   RO         2136    .text               c_w.l(indicate_semi.o)
    0x0800f422   0x00000030   Code   RO         2046    i.__ARM_fpclassify  m_wm.l(fpclassify.o)
    0x0800f452   0x00000006   PAD
    0x0800f458   0x000002d8   Code   RO         1973    i.__hardfp_atan     m_wm.l(atan.o)
    0x0800f730   0x000001f0   Code   RO         1900    i.__hardfp_atan2    m_wm.l(atan2.o)
    0x0800f920   0x00000118   Code   RO         1912    i.__hardfp_ceil     m_wm.l(ceil.o)
    0x0800fa38   0x000000c8   Code   RO         1918    i.__hardfp_cos      m_wm.l(cos.o)
    0x0800fb00   0x000000c8   Code   RO         1930    i.__hardfp_sin      m_wm.l(sin.o)
    0x0800fbc8   0x00000438   Code   RO         2011    i.__ieee754_rem_pio2  m_wm.l(rred.o)
    0x08010000   0x00000170   Code   RO         1987    i.__kernel_cos      m_wm.l(cos_i.o)
    0x08010170   0x000000f8   Code   RO         2048    i.__kernel_poly     m_wm.l(poly.o)
    0x08010268   0x00000130   Code   RO         2016    i.__kernel_sin      m_wm.l(sin_i.o)
    0x08010398   0x00000014   Code   RO         1991    i.__mathlib_dbl_infnan  m_wm.l(dunder.o)
    0x080103ac   0x00000014   Code   RO         1992    i.__mathlib_dbl_infnan2  m_wm.l(dunder.o)
    0x080103c0   0x00000020   Code   RO         1993    i.__mathlib_dbl_invalid  m_wm.l(dunder.o)
    0x080103e0   0x00000020   Code   RO         1996    i.__mathlib_dbl_underflow  m_wm.l(dunder.o)
    0x08010400   0x0000000e   Code   RO         1847    i._is_digit         c_w.l(__printf_wp.o)
    0x0801040e   0x00000010   Code   RO         1975    i.atan              m_wm.l(atan.o)
    0x0801041e   0x00000018   Code   RO         2006    i.fabs              m_wm.l(fabs.o)
    0x08010436   0x00000018   Code   RO         1954    x$fpl$basic         fz_wm.l(basic.o)
    0x0801044e   0x00000002   PAD
    0x08010450   0x00000062   Code   RO         1876    x$fpl$d2f           fz_wm.l(d2f.o)
    0x080104b2   0x00000002   PAD
    0x080104b4   0x00000150   Code   RO         1956    x$fpl$dadd          fz_wm.l(daddsub_clz.o)
    0x08010604   0x00000018   Code   RO         2063    x$fpl$dcmpinf       fz_wm.l(dcmpi.o)
    0x0801061c   0x000002b0   Code   RO         1879    x$fpl$ddiv          fz_wm.l(ddiv.o)
    0x080108cc   0x0000005e   Code   RO         1882    x$fpl$dfix          fz_wm.l(dfix.o)
    0x0801092a   0x00000002   PAD
    0x0801092c   0x0000005a   Code   RO         1886    x$fpl$dfixu         fz_wm.l(dfixu.o)
    0x08010986   0x0000002e   Code   RO         1891    x$fpl$dflt          fz_wm.l(dflt_clz.o)
    0x080109b4   0x00000026   Code   RO         1890    x$fpl$dfltu         fz_wm.l(dflt_clz.o)
    0x080109da   0x00000002   PAD
    0x080109dc   0x00000078   Code   RO         2044    x$fpl$dleqf         fz_wm.l(dleqf.o)
    0x08010a54   0x00000154   Code   RO         1896    x$fpl$dmul          fz_wm.l(dmul.o)
    0x08010ba8   0x0000009c   Code   RO         1962    x$fpl$dnaninf       fz_wm.l(dnaninf.o)
    0x08010c44   0x0000000c   Code   RO         1964    x$fpl$dretinf       fz_wm.l(dretinf.o)
    0x08010c50   0x0000006c   Code   RO         1966    x$fpl$drleqf        fz_wm.l(drleqf.o)
    0x08010cbc   0x00000016   Code   RO         1957    x$fpl$drsb          fz_wm.l(daddsub_clz.o)
    0x08010cd2   0x00000002   PAD
    0x08010cd4   0x000001d4   Code   RO         1958    x$fpl$dsub          fz_wm.l(daddsub_clz.o)
    0x08010ea8   0x00000056   Code   RO         1898    x$fpl$f2d           fz_wm.l(f2d.o)
    0x08010efe   0x0000008c   Code   RO         1968    x$fpl$fnaninf       fz_wm.l(fnaninf.o)
    0x08010f8a   0x0000000a   Code   RO         2121    x$fpl$fpinit        fz_wm.l(fpinit.o)
    0x08010f94   0x0000000a   Code   RO         1970    x$fpl$fretinf       fz_wm.l(fretinf.o)
    0x08010f9e   0x00000000   Code   RO         1972    x$fpl$usenofp       fz_wm.l(usenofp.o)
    0x08010f9e   0x00000348   Data   RO          219    .constdata          cpuid_des.o
    0x080112e6   0x00000002   PAD
    0x080112e8   0x00000010   Data   RO          650    .constdata          robot.o
    0x080112f8   0x000001ec   Data   RO         1615    .constdata          usbh_hid_keybd.o
    0x080114e4   0x00000028   Data   RO         1820    .constdata          c_w.l(_printf_hex_int.o)
    0x0801150c   0x00000011   Data   RO         1850    .constdata          c_w.l(__printf_flags_wp.o)
    0x0801151d   0x00000003   PAD
    0x08011520   0x00000098   Data   RO         1976    .constdata          m_wm.l(atan.o)
    0x080115b8   0x00000030   Data   RO         1988    .constdata          m_wm.l(cos_i.o)
    0x080115e8   0x00000008   Data   RO         2010    .constdata          m_wm.l(qnan.o)
    0x080115f0   0x000000c8   Data   RO         2013    .constdata          m_wm.l(rred.o)
    0x080116b8   0x00000028   Data   RO         2017    .constdata          m_wm.l(sin_i.o)
    0x080116e0   0x00000020   Data   RO         2188    Region$$Table       anon$$obj.o


    Execution Region RW_IRAM1 (Base: 0x20000000, Size: 0x00005258, Max: 0x00020000, ABSOLUTE, COMPRESSED[0x00000180])

    Base Addr    Size         Type   Attr      Idx    E Section Name        Object

    0x20000000   0x00000014   Data   RW            4    .data               action.o
    0x20000014   0x00000004   PAD
    0x20000018   0x00000020   Data   RW          184    .data               comm.o
    0x20000038   0x00000001   Data   RW          246    .data               error_event.o
    0x20000039   0x0000000d   Data   RW          299    .data               hm_bluetooth.o
    0x20000046   0x00000002   Data   RW          350    .data               init.o
    0x20000048   0x00000011   Data   RW          478    .data               misc.o
    0x20000059   0x00000003   PAD
    0x2000005c   0x00000011   Data   RW          502    .data               motor.o
    0x2000006d   0x00000003   PAD
    0x20000070   0x00000019   Data   RW          522    .data               mpu6050_driver.o
    0x20000089   0x00000003   PAD
    0x2000008c   0x00000004   Data   RW          548    .data               nrf24l01.o
    0x20000090   0x0000002c   Data   RW          591    .data               packet.o
    0x200000bc   0x00000004   PAD
    0x200000c0   0x00000064   Data   RW          651    .data               robot.o
    0x20000124   0x00000014   Data   RW          717    .data               system_stm32f4xx.o
    0x20000138   0x00000008   Data   RW          739    .data               timer.o
    0x20000140   0x00000008   Data   RW          765    .data               usart_ble.o
    0x20000148   0x00000008   Data   RW          790    .data               usb_bsp.o
    0x20000150   0x00000024   Data   RW          810    .data               usbd_cdc_vcp.o
    0x20000174   0x0000003c   Data   RW          841    .data               usbd_desc.o
    0x200001b0   0x0000001c   Data   RW          867    .data               usbd_usr.o
    0x200001cc   0x00000058   Data   RW          891    .data               usbh_usr.o
    0x20000224   0x00000010   Data   RW         1283    .data               stm32f4xx_rcc.o
    0x20000234   0x00000012   Data   RW         1430    .data               usbh_core.o
    0x20000246   0x00000003   Data   RW         1488    .data               usbh_stdreq.o
    0x20000249   0x00000003   PAD
    0x2000024c   0x0000001c   Data   RW         1559    .data               usbh_hid_core.o
    0x20000268   0x00000008   Data   RW         1594    .data               usbh_hid_joystick.o
    0x20000270   0x0000001f   Data   RW         1616    .data               usbh_hid_keybd.o
    0x2000028f   0x00000001   PAD
    0x20000290   0x0000000c   Data   RW         1637    .data               usbh_hid_mouse.o
    0x2000029c   0x00000034   Data   RW         1659    .data               usbd_core.o
    0x200002d0   0x0000000d   Data   RW         1701    .data               usbd_req.o
    0x200002dd   0x00000003   PAD
    0x200002e0   0x00000098   Data   RW         1758    .data               usbd_cdc_core.o
    0x20000378   0x00000010   Zero   RW            3    .bss                action.o
    0x20000388   0x00000158   Zero   RW          183    .bss                comm.o
    0x200004e0   0x0000000a   Zero   RW          298    .bss                hm_bluetooth.o
    0x200004ea   0x00000002   PAD
    0x200004ec   0x0000002a   Zero   RW          349    .bss                init.o
    0x20000516   0x00000002   PAD
    0x20000518   0x00000014   Zero   RW          477    .bss                misc.o
    0x2000052c   0x00000050   Zero   RW          521    .bss                mpu6050_driver.o
    0x2000057c   0x00000118   Zero   RW          547    .bss                nrf24l01.o
    0x20000694   0x00000034   Zero   RW          627    .bss                pid.o
    0x200006c8   0x000020a0   Zero   RW          649    .bss                robot.o
    0x20002768   0x00000219   Zero   RW          764    .bss                usart_ble.o
    0x20002981   0x00000003   PAD
    0x20002984   0x00000090   Zero   RW          809    .bss                usbd_cdc_vcp.o
    0x20002a14   0x00000b14   Zero   RW         1429    .bss                usbh_core.o
    0x20003528   0x00000200   Zero   RW         1487    .bss                usbh_stdreq.o
    0x20003728   0x000000a6   Zero   RW         1558    .bss                usbh_hid_core.o
    0x200037ce   0x00000014   Zero   RW         1593    .bss                usbh_hid_joystick.o
    0x200037e2   0x00000002   PAD
    0x200037e4   0x00000a90   Zero   RW         1658    .bss                usbd_core.o
    0x20004274   0x000000ff   Zero   RW         1700    .bss                usbd_req.o
    0x20004373   0x00000883   Zero   RW         1757    .bss                usbd_cdc_core.o
    0x20004bf6   0x00000002   PAD
    0x20004bf8   0x00000060   Zero   RW         2051    .bss                c_w.l(libspace.o)
    0x20004c58   0x00000200   Zero   RW          923    HEAP                startup_stm32f4xx.o
    0x20004e58   0x00000400   Zero   RW          922    STACK               startup_stm32f4xx.o


==============================================================================

Image component sizes


      Code (inc. data)   RO Data    RW Data    ZI Data      Debug   Object Name

      1676         98          0         20         16     351718   action.o
      1876        116          0         32        344       4156   comm.o
      1520         62        840          0          0       5467   cpuid_des.o
         0          0          0          1          0        653   error_event.o
       140         18          0          0          0        900   gpio.o
      2900        124          0         13         10       8183   hm_bluetooth.o
      1884         22          0          0          0       6523   i2c.o
      1808        112          0          2         42      53332   init.o
        14          0          0          0          0        475   main.o
      2016        116          0         17         20      25767   misc.o
      1396         60          0         17          0       4929   motor.o
      1056         80          0         25         80       5757   mpu6050_driver.o
       368         22          0          4        280       3054   nrf24l01.o
       920          4          0          0          0       5496   nrf24l01_drv.o
      1330         64          0         44          0       3773   packet.o
       360         12          0          0          0       2016   param.o
       756         24          0          0         52       4720   pid.o
      2956        314         16        100       8352       5582   robot.o
        64         26        392          0       1536        824   startup_stm32f4xx.o
      1124         24          0          0          0      10474   stm32f4xx_adc.o
       284         10          0          0          0       2279   stm32f4xx_exti.o
      1212         26          0          0          0       6893   stm32f4xx_flash.o
       604         36          0          0          0       4049   stm32f4xx_gpio.o
      1064         26          0          0          0       8111   stm32f4xx_i2c.o
        60         12          0          0          0       1380   stm32f4xx_it.o
        64          6          0          0          0       1321   stm32f4xx_iwdg.o
       224         20          0          0          0       1853   stm32f4xx_misc.o
      1416         48          0         16          0      10931   stm32f4xx_rcc.o
      1016         22          0          0          0       6761   stm32f4xx_spi.o
       140         12          0          0          0       1675   stm32f4xx_syscfg.o
      3234         60          0          0          0      22280   stm32f4xx_tim.o
      1050         26          0          0          0       7752   stm32f4xx_usart.o
       528         46          0         20          0       1803   system_stm32f4xx.o
       260         10          0          8          0       2629   timer.o
       632         30          0          8        537       3765   usart_ble.o
       568         16          0          8          0       3605   usb_bsp.o
      6024         10          0          0          0      16846   usb_core.o
       894          0          0          0          0       4376   usb_dcd.o
      1904         22          0          0          0       4899   usb_dcd_int.o
       228          0          0          0          0       3148   usb_hcd.o
      3720         12          0          0          0       6631   usb_hcd_int.o
       820         58          0        152       2179       5452   usbd_cdc_core.o
       556         22          0         36        144       3424   usbd_cdc_vcp.o
       760          6          0         52       2704       5806   usbd_core.o
       340        164          0         60          0       3568   usbd_desc.o
       244          0          0          0          0       2646   usbd_ioreq.o
      1728         50          0         13        255       5385   usbd_req.o
        30          0          0         28          0       1505   usbd_usr.o
      1652         50          0         18       2836       9109   usbh_core.o
       390          0          0          0          0       2596   usbh_hcs.o
      1416         38          0         28        166       6249   usbh_hid_core.o
        40          6          0          8         20       2520   usbh_hid_joystick.o
       348         44        492         31          0       1988   usbh_hid_keybd.o
        40          6          0         12          0       1722   usbh_hid_mouse.o
       936          0          0          0          0       4336   usbh_ioreq.o
       984         12          0          3        512       5813   usbh_stdreq.o
       752        126          0         88          0       7533   usbh_usr.o

    ----------------------------------------------------------------------
     60340       2330       1774        888      20096     696438   Object Totals
         0          0         32          0          0          0   (incl. Generated)
        14          0          2         24         11          0   (incl. Padding)

    ----------------------------------------------------------------------

      Code (inc. data)   RO Data    RW Data    ZI Data      Debug   Library Member Name

        90          0          0          0          0          0   __dczerorl2.o
         8          0          0          0          0         68   __main.o
       312          4         17          0          0         92   __printf_flags_wp.o
        14          0          0          0          0         68   __printf_wp.o
         0          0          0          0          0          0   __rtentry.o
        12          0          0          0          0          0   __rtentry2.o
         6          0          0          0          0          0   __rtentry4.o
        52          8          0          0          0          0   __scatter.o
        28          0          0          0          0          0   __scatter_zi.o
        44          0          0          0          0        108   _printf_char.o
        48          6          0          0          0         96   _printf_char_common.o
        88          4         40          0          0         88   _printf_hex_int.o
       178          0          0          0          0         88   _printf_intcommon.o
        78          0          0          0          0        108   _printf_pad.o
         0          0          0          0          0          0   _printf_percent.o
         4          0          0          0          0          0   _printf_percent_end.o
         6          0          0          0          0          0   _printf_s.o
        82          0          0          0          0         80   _printf_str.o
         6          0          0          0          0          0   _printf_x.o
        22          0          0          0          0        100   _rserrno.o
        10          0          0          0          0         68   _sputc.o
        12          0          0          0          0         72   exit.o
         6          0          0          0          0        152   heapauxi.o
         0          0          0          0          0          0   indicate_semi.o
         2          0          0          0          0          0   libinit.o
         6          0          0          0          0          0   libinit2.o
         2          0          0          0          0          0   libshutdown.o
         2          0          0          0          0          0   libshutdown2.o
         8          4          0          0         96         68   libspace.o
        88          0          0          0          0         76   memcmp.o
        40          6          0          0          0         84   noretval__2sprintf.o
         8          4          0          0          0         68   rt_errno_addr_intlibspace.o
        68          0          0          0          0         68   rt_memclr.o
        78          0          0          0          0         80   rt_memclr_w.o
       138          0          0          0          0         68   rt_memcpy_v6.o
       100          0          0          0          0         80   rt_memcpy_w.o
         2          0          0          0          0          0   rtexit.o
        10          0          0          0          0          0   rtexit2.o
        24          0          0          0          0         68   strcat.o
        12          4          0          0          0         68   sys_exit.o
        74          0          0          0          0         80   sys_stackheap_outer.o
         2          0          0          0          0         68   use_no_semi.o
        24          0          0          0          0        164   basic.o
        98          4          0          0          0        140   d2f.o
       826         16          0          0          0        492   daddsub_clz.o
        24          0          0          0          0        116   dcmpi.o
       688        140          0          0          0        256   ddiv.o
        94          4          0          0          0        140   dfix.o
        90          4          0          0          0        140   dfixu.o
        84          0          0          0          0        232   dflt_clz.o
       120          4          0          0          0        140   dleqf.o
       340         12          0          0          0        152   dmul.o
       156          4          0          0          0        140   dnaninf.o
        12          0          0          0          0        116   dretinf.o
       108          0          0          0          0        128   drleqf.o
        86          4          0          0          0        132   f2d.o
       140          4          0          0          0        132   fnaninf.o
        10          0          0          0          0        116   fpinit.o
        10          0          0          0          0        116   fretinf.o
         0          0          0          0          0          0   usenofp.o
       744        106        152          0          0        352   atan.o
       496         64          0          0          0        192   atan2.o
       280         28          0          0          0        156   ceil.o
       200         20          0          0          0        164   cos.o
       368         46         48          0          0        200   cos_i.o
       104         16          0          0          0        496   dunder.o
        24          0          0          0          0        124   fabs.o
        48          0          0          0          0        124   fpclassify.o
       248          0          0          0          0        152   poly.o
         0          0          8          0          0          0   qnan.o
      1080        142        200          0          0        188   rred.o
       200         20          0          0          0        164   sin.o
       304         24         40          0          0        208   sin_i.o

    ----------------------------------------------------------------------
      8802        702        508          0         96       7436   Library Totals
        26          0          3          0          0          0   (incl. Padding)

    ----------------------------------------------------------------------

      Code (inc. data)   RO Data    RW Data    ZI Data      Debug   Library Name

      1770         40         57          0         96       2064   c_w.l
      2910        196          0          0          0       2852   fz_wm.l
      4096        466        448          0          0       2520   m_wm.l

    ----------------------------------------------------------------------
      8802        702        508          0         96       7436   Library Totals

    ----------------------------------------------------------------------

==============================================================================


      Code (inc. data)   RO Data    RW Data    ZI Data      Debug   

     69142       3032       2282        888      20192     687182   Grand Totals
     69142       3032       2282        384      20192     687182   ELF Image Totals (compressed)
     69142       3032       2282        384          0          0   ROM Totals

==============================================================================

    Total RO  Size (Code + RO Data)                71424 (  69.75kB)
    Total RW  Size (RW Data + ZI Data)             21080 (  20.59kB)
    Total ROM Size (Code + RO Data + RW Data)      71808 (  70.13kB)

==============================================================================

