Component: ARM Compiler 5.05 update 2 (build 169) Tool: armlink [4d0f33]

==============================================================================

Section Cross References

    action.o(.text) refers to misc.o(.text) for shoot_off
    action.o(.text) refers to dflt_clz.o(x$fpl$dfltu) for __aeabi_ui2d
    action.o(.text) refers to dmul.o(x$fpl$dmul) for __aeabi_dmul
    action.o(.text) refers to dfixu.o(x$fpl$dfixu) for __aeabi_d2uiz
    action.o(.text) refers to action.o(.bss) for g_shooter
    action.o(.text) refers to robot.o(.bss) for g_robot
    action.o(.text) refers to action.o(.data) for shooter
    action.o(.text) refers to system_stm32f4xx.o(.data) for SystemCoreClock
    action.o(.text) refers to f2d.o(x$fpl$f2d) for __aeabi_f2d
    action.o(.text) refers to ceil.o(i.__hardfp_ceil) for __hardfp_ceil
    action.o(.text) refers to dfix.o(x$fpl$dfix) for __aeabi_d2iz
    action.o(.text) refers to stm32f4xx_exti.o(.text) for EXTI_ClearFlag
    action.o(.text) refers to packet.o(.data) for identify_success
    comm.o(.text) refers to nrf24l01.o(.text) for nrf24l01_init
    comm.o(.text) refers to packet.o(.text) for stop_mode_packet
    comm.o(.text) refers to rt_memclr.o(.text) for __aeabi_memclr
    comm.o(.text) refers to rt_memclr_w.o(.text) for __aeabi_memclr4
    comm.o(.text) refers to action.o(.text) for on_robot_command
    comm.o(.text) refers to rt_memcpy_w.o(.text) for __aeabi_memcpy4
    comm.o(.text) refers to hm_bluetooth.o(.text) for hm_bluetooth_connect_status
    comm.o(.text) refers to usart_ble.o(.text) for get_uart_ble_packet
    comm.o(.text) refers to rt_memcpy_v6.o(.text) for __aeabi_memcpy
    comm.o(.text) refers to timer.o(.text) for get_one_timer
    comm.o(.text) refers to nrf24l01.o(.bss) for nRF24L01_dev
    comm.o(.text) refers to comm.o(.data) for type
    comm.o(.text) refers to comm.o(.bss) for g_rf_comm
    comm.o(.text) refers to packet.o(.data) for packet_flag
    comm.o(.text) refers to robot.o(.bss) for g_robot
    comm.o(.text) refers to robot.o(.data) for g_do_set_receive_mode_flag
    comm.o(.text) refers to usart_ble.o(.bss) for buf_packet_ok
    comm.o(.text) refers to usart_ble.o(.data) for g_is_uart_get_a_packet
    comm.o(.text) refers to pid.o(.bss) for gyro_pid
    cpuid_des.o(.text) refers to _printf_pad.o(.text) for _printf_pre_padding
    cpuid_des.o(.text) refers to _printf_percent.o(.ARM.Collect$$_printf_percent$$00000000) for _printf_percent
    cpuid_des.o(.text) refers to _printf_x.o(.ARM.Collect$$_printf_percent$$0000000C) for _printf_x
    cpuid_des.o(.text) refers to _printf_hex_int.o(.text) for _printf_longlong_hex
    cpuid_des.o(.text) refers to rt_memcpy_v6.o(.text) for __aeabi_memcpy
    cpuid_des.o(.text) refers to cpuid_des.o(.constdata) for perm1
    cpuid_des.o(.text) refers to memcmp.o(.text) for memcmp
    cpuid_des.o(.text) refers to noretval__2sprintf.o(.text) for __2sprintf
    gpio.o(.text) refers to stm32f4xx_rcc.o(.text) for RCC_LSICmd
    gpio.o(.text) refers to stm32f4xx_iwdg.o(.text) for IWDG_WriteAccessCmd
    hm_bluetooth.o(.text) refers to usart_ble.o(.text) for SendString_USART3
    hm_bluetooth.o(.text) refers to timer.o(.text) for get_sys_tick
    hm_bluetooth.o(.text) refers to rt_memclr_w.o(.text) for __aeabi_memclr4
    hm_bluetooth.o(.text) refers to strcat.o(.text) for strcat
    hm_bluetooth.o(.text) refers to usart_ble.o(.bss) for buf_packet_ok
    hm_bluetooth.o(.text) refers to usart_ble.o(.data) for ble_ack_ok
    hm_bluetooth.o(.text) refers to init.o(.bss) for cpuID
    hm_bluetooth.o(.text) refers to hm_bluetooth.o(.data) for Hm_bluetooth_connect_flag
    i2c.o(.text) refers to stm32f4xx_rcc.o(.text) for RCC_APB1PeriphClockCmd
    i2c.o(.text) refers to stm32f4xx_gpio.o(.text) for GPIO_Init
    i2c.o(.text) refers to stm32f4xx_i2c.o(.text) for I2C_Init
    i2c.o(.text) refers to timer.o(.text) for wait_us
    init.o(.text) refers to stm32f4xx_rcc.o(.text) for RCC_AHB1PeriphClockCmd
    init.o(.text) refers to misc.o(.text) for init_ball_dect_irq
    init.o(.text) refers to stm32f4xx_misc.o(.text) for NVIC_PriorityGroupConfig
    init.o(.text) refers to stm32f4xx_gpio.o(.text) for GPIO_Init
    init.o(.text) refers to timer.o(.data) for sys_tick
    init.o(.text) refers to init.o(.bss) for cpuID
    init.o(.text) refers to cpuid_des.o(.text) for encryptData
    init.o(.text) refers to stm32f4xx_flash.o(.text) for FLASH_OB_GetRDP
    init.o(.text) refers to gpio.o(.text) for init_gpio
    init.o(.text) refers to timer.o(.text) for init_wait_timer
    init.o(.text) refers to motor.o(.text) for init_motor
    init.o(.text) refers to i2c.o(.text) for init_i2c
    init.o(.text) refers to usart_ble.o(.text) for Init_com3
    init.o(.text) refers to mpu6050_driver.o(.text) for InitMPU6050
    init.o(.text) refers to robot.o(.text) for init_robot
    init.o(.text) refers to comm.o(.text) for init_comm
    init.o(.text) refers to hm_bluetooth.o(.text) for Init_hm_blue_module
[...]
    GPIO_ToggleBits                          0x080076fb   Thumb Code     8  stm32f4xx_gpio.o(.text)
    GPIO_PinAFConfig                         0x08007703   Thumb Code    70  stm32f4xx_gpio.o(.text)
    I2C_DeInit                               0x0800776d   Thumb Code    82  stm32f4xx_i2c.o(.text)
    I2C_Init                                 0x080077bf   Thumb Code   218  stm32f4xx_i2c.o(.text)
    I2C_StructInit                           0x08007899   Thumb Code    30  stm32f4xx_i2c.o(.text)
    I2C_Cmd                                  0x080078b7   Thumb Code    24  stm32f4xx_i2c.o(.text)
    I2C_GenerateSTART                        0x080078cf   Thumb Code    24  stm32f4xx_i2c.o(.text)
    I2C_GenerateSTOP                         0x080078e7   Thumb Code    24  stm32f4xx_i2c.o(.text)
    I2C_Send7bitAddress                      0x080078ff   Thumb Code    16  stm32f4xx_i2c.o(.text)
    I2C_AcknowledgeConfig                    0x0800790f   Thumb Code    24  stm32f4xx_i2c.o(.text)
    I2C_OwnAddress2Config                    0x08007927   Thumb Code    22  stm32f4xx_i2c.o(.text)
    I2C_DualAddressCmd                       0x0800793d   Thumb Code    24  stm32f4xx_i2c.o(.text)
    I2C_GeneralCallCmd                       0x08007955   Thumb Code    24  stm32f4xx_i2c.o(.text)
    I2C_SoftwareResetCmd                     0x0800796d   Thumb Code    22  stm32f4xx_i2c.o(.text)
    I2C_StretchClockCmd                      0x08007983   Thumb Code    24  stm32f4xx_i2c.o(.text)
    I2C_FastModeDutyCycleConfig              0x0800799b   Thumb Code    28  stm32f4xx_i2c.o(.text)
    I2C_NACKPositionConfig                   0x080079b7   Thumb Code    28  stm32f4xx_i2c.o(.text)
    I2C_SMBusAlertConfig                     0x080079d3   Thumb Code    28  stm32f4xx_i2c.o(.text)
    I2C_ARPCmd                               0x080079ef   Thumb Code    24  stm32f4xx_i2c.o(.text)
    I2C_SendData                             0x08007a07   Thumb Code     4  stm32f4xx_i2c.o(.text)
    I2C_ReceiveData                          0x08007a0b   Thumb Code     8  stm32f4xx_i2c.o(.text)
    I2C_TransmitPEC                          0x08007a13   Thumb Code    24  stm32f4xx_i2c.o(.text)
    I2C_PECPositionConfig                    0x08007a2b   Thumb Code    28  stm32f4xx_i2c.o(.text)
    I2C_CalculatePEC                         0x08007a47   Thumb Code    24  stm32f4xx_i2c.o(.text)
    I2C_GetPEC                               0x08007a5f   Thumb Code     8  stm32f4xx_i2c.o(.text)
    I2C_DMACmd                               0x08007a67   Thumb Code    24  stm32f4xx_i2c.o(.text)
    I2C_DMALastTransferCmd                   0x08007a7f   Thumb Code    24  stm32f4xx_i2c.o(.text)
    I2C_ReadRegister                         0x08007a97   Thumb Code    22  stm32f4xx_i2c.o(.text)
    I2C_ITConfig                             0x08007aad   Thumb Code    18  stm32f4xx_i2c.o(.text)
    I2C_CheckEvent                           0x08007abf   Thumb Code    42  stm32f4xx_i2c.o(.text)
    I2C_GetLastEvent                         0x08007ae9   Thumb Code    26  stm32f4xx_i2c.o(.text)
    I2C_GetFlagStatus                        0x08007b03   Thumb Code    58  stm32f4xx_i2c.o(.text)
    I2C_ClearFlag                            0x08007b3d   Thumb Code    12  stm32f4xx_i2c.o(.text)
    I2C_GetITStatus                          0x08007b49   Thumb Code    64  stm32f4xx_i2c.o(.text)
    I2C_ClearITPendingBit                    0x08007b89   Thumb Code    12  stm32f4xx_i2c.o(.text)
    IWDG_WriteAccessCmd                      0x08007b95   Thumb Code     6  stm32f4xx_iwdg.o(.text)
    IWDG_SetPrescaler                        0x08007b9b   Thumb Code     6  stm32f4xx_iwdg.o(.text)
    IWDG_SetReload                           0x08007ba1   Thumb Code     6  stm32f4xx_iwdg.o(.text)
    IWDG_ReloadCounter                       0x08007ba7   Thumb Code    10  stm32f4xx_iwdg.o(.text)
    IWDG_Enable                              0x08007bb1   Thumb Code    10  stm32f4xx_iwdg.o(.text)
    IWDG_GetFlagStatus                       0x08007bbb   Thumb Code    20  stm32f4xx_iwdg.o(.text)
    NVIC_PriorityGroupConfig                 0x08007bd5   Thumb Code    10  stm32f4xx_misc.o(.text)
    NVIC_Init                                0x08007bdf   Thumb Code   106  stm32f4xx_misc.o(.text)
    NVIC_SetVectorTable                      0x08007c49   Thumb Code    14  stm32f4xx_misc.o(.text)
    NVIC_SystemLPConfig                      0x08007c57   Thumb Code    34  stm32f4xx_misc.o(.text)
    SysTick_CLKSourceConfig                  0x08007c79   Thumb Code    40  stm32f4xx_misc.o(.text)
    RCC_DeInit                               0x08007cb5   Thumb Code    60  stm32f4xx_rcc.o(.text)
    RCC_HSEConfig                            0x08007cf1   Thumb Code    14  stm32f4xx_rcc.o(.text)
    RCC_GetFlagStatus                        0x08007cff   Thumb Code    60  stm32f4xx_rcc.o(.text)
    RCC_WaitForHSEStartUp                    0x08007d3b   Thumb Code    56  stm32f4xx_rcc.o(.text)
    RCC_AdjustHSICalibrationValue            0x08007d73   Thumb Code    20  stm32f4xx_rcc.o(.text)
    RCC_HSICmd                               0x08007d87   Thumb Code     6  stm32f4xx_rcc.o(.text)
    RCC_LSEConfig                            0x08007d8d   Thumb Code    46  stm32f4xx_rcc.o(.text)
    RCC_LSICmd                               0x08007dbb   Thumb Code     6  stm32f4xx_rcc.o(.text)
    RCC_PLLConfig                            0x08007dc1   Thumb Code    32  stm32f4xx_rcc.o(.text)
    RCC_PLLCmd                               0x08007de1   Thumb Code     6  stm32f4xx_rcc.o(.text)
    RCC_PLLI2SConfig                         0x08007de7   Thumb Code    14  stm32f4xx_rcc.o(.text)
    RCC_PLLI2SCmd                            0x08007df5   Thumb Code     6  stm32f4xx_rcc.o(.text)
    RCC_ClockSecuritySystemCmd               0x08007dfb   Thumb Code     6  stm32f4xx_rcc.o(.text)
    RCC_MCO1Config                           0x08007e01   Thumb Code    28  stm32f4xx_rcc.o(.text)
    RCC_MCO2Config                           0x08007e1d   Thumb Code    28  stm32f4xx_rcc.o(.text)
    RCC_SYSCLKConfig                         0x08007e39   Thumb Code    20  stm32f4xx_rcc.o(.text)
    RCC_GetSYSCLKSource                      0x08007e4d   Thumb Code    12  stm32f4xx_rcc.o(.text)
    RCC_HCLKConfig                           0x08007e59   Thumb Code    20  stm32f4xx_rcc.o(.text)
    RCC_PCLK1Config                          0x08007e6d   Thumb Code    20  stm32f4xx_rcc.o(.text)
    RCC_PCLK2Config                          0x08007e81   Thumb Code    22  stm32f4xx_rcc.o(.text)
    RCC_GetClocksFreq                        0x08007e97   Thumb Code   222  stm32f4xx_rcc.o(.text)
    RCC_RTCCLKConfig                         0x08007f75   Thumb Code    54  stm32f4xx_rcc.o(.text)
    RCC_RTCCLKCmd                            0x08007fab   Thumb Code     8  stm32f4xx_rcc.o(.text)
    RCC_BackupResetCmd                       0x08007fb3   Thumb Code     8  stm32f4xx_rcc.o(.text)
    RCC_I2SCLKConfig                         0x08007fbb   Thumb Code     6  stm32f4xx_rcc.o(.text)
    RCC_AHB1PeriphClockCmd                   0x08007fc1   Thumb Code    34  stm32f4xx_rcc.o(.text)
    RCC_AHB2PeriphClockCmd                   0x08007fe3   Thumb Code    34  stm32f4xx_rcc.o(.text)
    RCC_AHB3PeriphClockCmd                   0x08008005   Thumb Code    34  stm32f4xx_rcc.o(.text)
    RCC_APB1PeriphClockCmd                   0x08008027   Thumb Code    34  stm32f4xx_rcc.o(.text)
    RCC_APB2PeriphClockCmd                   0x08008049   Thumb Code    34  stm32f4xx_rcc.o(.text)
    RCC_AHB1PeriphResetCmd                   0x0800806b   Thumb Code    34  stm32f4xx_rcc.o(.text)
    RCC_AHB2PeriphResetCmd                   0x0800808d   Thumb Code    72  stm32f4xx_rcc.o(.text)
    RCC_AHB3PeriphResetCmd                   0x080080d5   Thumb Code    34  stm32f4xx_rcc.o(.text)
    RCC_APB1PeriphResetCmd                   0x080080f7   Thumb Code    34  stm32f4xx_rcc.o(.text)
    RCC_APB2PeriphResetCmd                   0x08008119   Thumb Code    34  stm32f4xx_rcc.o(.text)
    RCC_AHB1PeriphClockLPModeCmd             0x0800813b   Thumb Code    34  stm32f4xx_rcc.o(.text)
    RCC_AHB2PeriphClockLPModeCmd             0x0800815d   Thumb Code    34  stm32f4xx_rcc.o(.text)
    RCC_AHB3PeriphClockLPModeCmd             0x0800817f   Thumb Code    34  stm32f4xx_rcc.o(.text)
    RCC_APB1PeriphClockLPModeCmd             0x080081a1   Thumb Code    34  stm32f4xx_rcc.o(.text)
    RCC_APB2PeriphClockLPModeCmd             0x080081c3   Thumb Code    34  stm32f4xx_rcc.o(.text)
    RCC_ITConfig                             0x080081e5   Thumb Code    34  stm32f4xx_rcc.o(.text)
    RCC_ClearFlag                            0x08008207   Thumb Code    18  stm32f4xx_rcc.o(.text)
    RCC_GetITStatus                          0x08008219   Thumb Code    22  stm32f4xx_rcc.o(.text)
    RCC_ClearITPendingBit                    0x0800822f   Thumb Code     8  stm32f4xx_rcc.o(.text)
    SPI_I2S_DeInit                           0x0800823d   Thumb Code    76  stm32f4xx_spi.o(.text)
    SPI_Init                                 0x08008289   Thumb Code    60  stm32f4xx_spi.o(.text)
    I2S_Init                                 0x080082c5   Thumb Code   350  stm32f4xx_spi.o(.text)
    SPI_StructInit                           0x08008423   Thumb Code    24  stm32f4xx_spi.o(.text)
    I2S_StructInit                           0x0800843b   Thumb Code    20  stm32f4xx_spi.o(.text)
    SPI_Cmd                                  0x0800844f   Thumb Code    24  stm32f4xx_spi.o(.text)
    I2S_Cmd                                  0x08008467   Thumb Code    24  stm32f4xx_spi.o(.text)
    SPI_DataSizeConfig                       0x0800847f   Thumb Code    18  stm32f4xx_spi.o(.text)
    SPI_BiDirectionalLineConfig              0x08008491   Thumb Code    28  stm32f4xx_spi.o(.text)
    SPI_NSSInternalSoftwareConfig            0x080084ad   Thumb Code    30  stm32f4xx_spi.o(.text)
    SPI_SSOutputCmd                          0x080084cb   Thumb Code    24  stm32f4xx_spi.o(.text)
    SPI_TIModeCmd                            0x080084e3   Thumb Code    24  stm32f4xx_spi.o(.text)
    I2S_FullDuplexConfig                     0x080084fb   Thumb Code    80  stm32f4xx_spi.o(.text)
    SPI_I2S_ReceiveData                      0x0800854b   Thumb Code     6  stm32f4xx_spi.o(.text)
    SPI_I2S_SendData                         0x08008551   Thumb Code     4  stm32f4xx_spi.o(.text)
    SPI_CalculateCRC                         0x08008555   Thumb Code    24  stm32f4xx_spi.o(.text)
    SPI_TransmitCRC                          0x0800856d   Thumb Code    10  stm32f4xx_spi.o(.text)
    SPI_GetCRC                               0x08008577   Thumb Code    16  stm32f4xx_spi.o(.text)
    SPI_GetCRCPolynomial                     0x08008587   Thumb Code     6  stm32f4xx_spi.o(.text)
    SPI_I2S_DMACmd                           0x0800858d   Thumb Code    18  stm32f4xx_spi.o(.text)
    SPI_I2S_ITConfig                         0x0800859f   Thumb Code    32  stm32f4xx_spi.o(.text)
    SPI_I2S_GetFlagStatus                    0x080085bf   Thumb Code    18  stm32f4xx_spi.o(.text)
    SPI_I2S_ClearFlag                        0x080085d1   Thumb Code     6  stm32f4xx_spi.o(.text)
    SPI_I2S_GetITStatus                      0x080085d7   Thumb Code    52  stm32f4xx_spi.o(.text)
    SPI_I2S_ClearITPendingBit                0x0800860b   Thumb Code    42  stm32f4xx_spi.o(.text)
    SYSCFG_DeInit                            0x08008635   Thumb Code    22  stm32f4xx_syscfg.o(.text)
    SYSCFG_MemoryRemapConfig                 0x0800864b   Thumb Code     6  stm32f4xx_syscfg.o(.text)
    SYSCFG_EXTILineConfig                    0x08008651   Thumb Code    66  stm32f4xx_syscfg.o(.text)
    SYSCFG_ETH_MediaInterfaceConfig          0x08008693   Thumb Code     6  stm32f4xx_syscfg.o(.text)
    SYSCFG_CompensationCellCmd               0x08008699   Thumb Code     6  stm32f4xx_syscfg.o(.text)
    SYSCFG_GetCompensationCellStatus         0x0800869f   Thumb Code    22  stm32f4xx_syscfg.o(.text)
    TIM_DeInit                               0x080086c1   Thumb Code   346  stm32f4xx_tim.o(.text)
    TIM_TimeBaseInit                         0x0800881b   Thumb Code   104  stm32f4xx_tim.o(.text)
    TIM_TimeBaseStructInit                   0x08008883   Thumb Code    18  stm32f4xx_tim.o(.text)
    TIM_PrescalerConfig                      0x08008895   Thumb Code     6  stm32f4xx_tim.o(.text)
    TIM_CounterModeConfig                    0x0800889b   Thumb Code    18  stm32f4xx_tim.o(.text)
    TIM_SetCounter                           0x080088ad   Thumb Code     4  stm32f4xx_tim.o(.text)
    TIM_SetAutoreload                        0x080088b1   Thumb Code     4  stm32f4xx_tim.o(.text)
    TIM_GetCounter                           0x080088b5   Thumb Code     6  stm32f4xx_tim.o(.text)
    TIM_GetPrescaler                         0x080088bb   Thumb Code     6  stm32f4xx_tim.o(.text)
    TIM_UpdateDisableConfig                  0x080088c1   Thumb Code    24  stm32f4xx_tim.o(.text)
    TIM_UpdateRequestConfig                  0x080088d9   Thumb Code    24  stm32f4xx_tim.o(.text)
    TIM_ARRPreloadConfig                     0x080088f1   Thumb Code    24  stm32f4xx_tim.o(.text)
    TIM_SelectOnePulseMode                   0x08008909   Thumb Code    18  stm32f4xx_tim.o(.text)
    TIM_SetClockDivision                     0x0800891b   Thumb Code    18  stm32f4xx_tim.o(.text)
    TIM_Cmd                                  0x0800892d   Thumb Code    24  stm32f4xx_tim.o(.text)
    TIM_OC1Init                              0x08008945   Thumb Code   114  stm32f4xx_tim.o(.text)
    TIM_OC2Init                              0x080089b7   Thumb Code   154  stm32f4xx_tim.o(.text)
    TIM_OC3Init                              0x08008a51   Thumb Code   204  stm32f4xx_tim.o(.text)
    TIM_OC4Init                              0x08008b1d   Thumb Code   112  stm32f4xx_tim.o(.text)
    TIM_OCStructInit                         0x08008b8d   Thumb Code    20  stm32f4xx_tim.o(.text)
    TIM_SelectOCxM                           0x08008ba1   Thumb Code    86  stm32f4xx_tim.o(.text)
    TIM_SetCompare1                          0x08008bf7   Thumb Code     4  stm32f4xx_tim.o(.text)
    TIM_SetCompare2                          0x08008bfb   Thumb Code     4  stm32f4xx_tim.o(.text)
    TIM_SetCompare3                          0x08008bff   Thumb Code     4  stm32f4xx_tim.o(.text)
    TIM_SetCompare4                          0x08008c03   Thumb Code     4  stm32f4xx_tim.o(.text)
    TIM_ForcedOC1Config                      0x08008c07   Thumb Code    18  stm32f4xx_tim.o(.text)
    TIM_ForcedOC2Config                      0x08008c19   Thumb Code    26  stm32f4xx_tim.o(.text)
    TIM_ForcedOC3Config                      0x08008c33   Thumb Code    18  stm32f4xx_tim.o(.text)
    TIM_ForcedOC4Config                      0x08008c45   Thumb Code    26  stm32f4xx_tim.o(.text)
    TIM_OC1PreloadConfig                     0x08008c5f   Thumb Code    18  stm32f4xx_tim.o(.text)
    TIM_OC2PreloadConfig                     0x08008c71   Thumb Code    26  stm32f4xx_tim.o(.text)
    TIM_OC3PreloadConfig                     0x08008c8b   Thumb Code    18  stm32f4xx_tim.o(.text)
    TIM_OC4PreloadConfig                     0x08008c9d   Thumb Code    26  stm32f4xx_tim.o(.text)
    TIM_OC1FastConfig                        0x08008cb7   Thumb Code    18  stm32f4xx_tim.o(.text)
    TIM_OC2FastConfig                        0x08008cc9   Thumb Code    26  stm32f4xx_tim.o(.text)
    TIM_OC3FastConfig                        0x08008ce3   Thumb Code    18  stm32f4xx_tim.o(.text)
    TIM_OC4FastConfig                        0x08008cf5   Thumb Code    26  stm32f4xx_tim.o(.text)
    TIM_ClearOC1Ref                          0x08008d0f   Thumb Code    18  stm32f4xx_tim.o(.text)
    TIM_ClearOC2Ref                          0x08008d21   Thumb Code    24  stm32f4xx_tim.o(.text)
    TIM_ClearOC3Ref                          0x08008d39   Thumb Code    18  stm32f4xx_tim.o(.text)
    TIM_ClearOC4Ref                          0x08008d4b   Thumb Code    24  stm32f4xx_tim.o(.text)
    TIM_OC1PolarityConfig                    0x08008d63   Thumb Code    18  stm32f4xx_tim.o(.text)
    TIM_OC1NPolarityConfig                   0x08008d75   Thumb Code    18  stm32f4xx_tim.o(.text)
    TIM_OC2PolarityConfig                    0x08008d87   Thumb Code    26  stm32f4xx_tim.o(.text)
    TIM_OC2NPolarityConfig                   0x08008da1   Thumb Code    26  stm32f4xx_tim.o(.text)
    TIM_OC3PolarityConfig                    0x08008dbb   Thumb Code    26  stm32f4xx_tim.o(.text)
    TIM_OC3NPolarityConfig                   0x08008dd5   Thumb Code    26  stm32f4xx_tim.o(.text)
    TIM_OC4PolarityConfig                    0x08008def   Thumb Code    26  stm32f4xx_tim.o(.text)
    TIM_CCxCmd                               0x08008e09   Thumb Code    30  stm32f4xx_tim.o(.text)
    TIM_CCxNCmd                              0x08008e27   Thumb Code    30  stm32f4xx_tim.o(.text)
    TIM_SetIC4Prescaler                      0x08008e45   Thumb Code    26  stm32f4xx_tim.o(.text)
    TIM_SetIC3Prescaler                      0x08008eaf   Thumb Code    18  stm32f4xx_tim.o(.text)
    TIM_SetIC2Prescaler                      0x08008f09   Thumb Code    26  stm32f4xx_tim.o(.text)
    TIM_SetIC1Prescaler                      0x08008f7d   Thumb Code    18  stm32f4xx_tim.o(.text)
    TIM_ICInit                               0x08008fc9   Thumb Code   110  stm32f4xx_tim.o(.text)
    TIM_ICStructInit                         0x08009037   Thumb Code    18  stm32f4xx_tim.o(.text)
    TIM_PWMIConfig                           0x08009049   Thumb Code   124  stm32f4xx_tim.o(.text)
    TIM_GetCapture1                          0x080090c5   Thumb Code     6  stm32f4xx_tim.o(.text)
    TIM_GetCapture2                          0x080090cb   Thumb Code     6  stm32f4xx_tim.o(.text)
    TIM_GetCapture3                          0x080090d1   Thumb Code     6  stm32f4xx_tim.o(.text)
    TIM_GetCapture4                          0x080090d7   Thumb Code     6  stm32f4xx_tim.o(.text)
    TIM_BDTRConfig                           0x080090dd   Thumb Code    32  stm32f4xx_tim.o(.text)
    TIM_BDTRStructInit                       0x080090fd   Thumb Code    18  stm32f4xx_tim.o(.text)
    TIM_CtrlPWMOutputs                       0x0800910f   Thumb Code    30  stm32f4xx_tim.o(.text)
    TIM_SelectCOM                            0x0800912d   Thumb Code    24  stm32f4xx_tim.o(.text)
    TIM_CCPreloadControl                     0x08009145   Thumb Code    24  stm32f4xx_tim.o(.text)
    TIM_ITConfig                             0x0800915d   Thumb Code    18  stm32f4xx_tim.o(.text)
    TIM_GenerateEvent                        0x0800916f   Thumb Code     4  stm32f4xx_tim.o(.text)
    TIM_GetFlagStatus                        0x08009173   Thumb Code    18  stm32f4xx_tim.o(.text)
    TIM_ClearFlag                            0x08009185   Thumb Code     6  stm32f4xx_tim.o(.text)
    TIM_GetITStatus                          0x0800918b   Thumb Code    34  stm32f4xx_tim.o(.text)
    TIM_ClearITPendingBit                    0x080091ad   Thumb Code     6  stm32f4xx_tim.o(.text)
    TIM_DMAConfig                            0x080091b3   Thumb Code    10  stm32f4xx_tim.o(.text)
    TIM_DMACmd                               0x080091bd   Thumb Code    18  stm32f4xx_tim.o(.text)
    TIM_SelectCCDMA                          0x080091cf   Thumb Code    24  stm32f4xx_tim.o(.text)
    TIM_InternalClockConfig                  0x080091e7   Thumb Code    12  stm32f4xx_tim.o(.text)
    TIM_SelectInputTrigger                   0x080091f3   Thumb Code    18  stm32f4xx_tim.o(.text)
    TIM_ITRxExternalClockConfig              0x08009205   Thumb Code    24  stm32f4xx_tim.o(.text)
    TIM_TIxExternalClockConfig               0x0800921d   Thumb Code    62  stm32f4xx_tim.o(.text)
    TIM_ETRConfig                            0x0800925b   Thumb Code    28  stm32f4xx_tim.o(.text)
    TIM_ETRClockMode1Config                  0x08009277   Thumb Code    54  stm32f4xx_tim.o(.text)
    TIM_ETRClockMode2Config                  0x080092ad   Thumb Code    32  stm32f4xx_tim.o(.text)
    TIM_SelectOutputTrigger                  0x080092cd   Thumb Code    18  stm32f4xx_tim.o(.text)
    TIM_SelectSlaveMode                      0x080092df   Thumb Code    18  stm32f4xx_tim.o(.text)
    TIM_SelectMasterSlaveMode                0x080092f1   Thumb Code    18  stm32f4xx_tim.o(.text)
    TIM_EncoderInterfaceConfig               0x08009303   Thumb Code    66  stm32f4xx_tim.o(.text)
    TIM_SelectHallSensor                     0x08009345   Thumb Code    24  stm32f4xx_tim.o(.text)
    TIM_RemapConfig                          0x0800935d   Thumb Code     6  stm32f4xx_tim.o(.text)
    USART_DeInit                             0x08009365   Thumb Code   156  stm32f4xx_usart.o(.text)
    USART_Init                               0x08009401   Thumb Code   204  stm32f4xx_usart.o(.text)
    USART_StructInit                         0x080094cd   Thumb Code    24  stm32f4xx_usart.o(.text)
    USART_ClockInit                          0x080094e5   Thumb Code    32  stm32f4xx_usart.o(.text)
    USART_ClockStructInit                    0x08009505   Thumb Code    12  stm32f4xx_usart.o(.text)
    USART_Cmd                                0x08009511   Thumb Code    24  stm32f4xx_usart.o(.text)
    USART_SetPrescaler                       0x08009529   Thumb Code    16  stm32f4xx_usart.o(.text)
    USART_OverSampling8Cmd                   0x08009539   Thumb Code    22  stm32f4xx_usart.o(.text)
    USART_OneBitMethodCmd                    0x0800954f   Thumb Code    24  stm32f4xx_usart.o(.text)
    USART_SendData                           0x08009567   Thumb Code     8  stm32f4xx_usart.o(.text)
    USART_ReceiveData                        0x0800956f   Thumb Code    10  stm32f4xx_usart.o(.text)
    USART_SetAddress                         0x08009579   Thumb Code    18  stm32f4xx_usart.o(.text)
    USART_ReceiverWakeUpCmd                  0x0800958b   Thumb Code    24  stm32f4xx_usart.o(.text)
    USART_WakeUpConfig                       0x080095a3   Thumb Code    18  stm32f4xx_usart.o(.text)
    USART_LINBreakDetectLengthConfig         0x080095b5   Thumb Code    18  stm32f4xx_usart.o(.text)
    USART_LINCmd                             0x080095c7   Thumb Code    24  stm32f4xx_usart.o(.text)
    USART_SendBreak                          0x080095df   Thumb Code    10  stm32f4xx_usart.o(.text)
    USART_HalfDuplexCmd                      0x080095e9   Thumb Code    24  stm32f4xx_usart.o(.text)
    USART_SetGuardTime                       0x08009601   Thumb Code    16  stm32f4xx_usart.o(.text)
    USART_SmartCardCmd                       0x08009611   Thumb Code    24  stm32f4xx_usart.o(.text)
    USART_SmartCardNACKCmd                   0x08009629   Thumb Code    24  stm32f4xx_usart.o(.text)
    USART_IrDAConfig                         0x08009641   Thumb Code    18  stm32f4xx_usart.o(.text)
    USART_IrDACmd                            0x08009653   Thumb Code    24  stm32f4xx_usart.o(.text)
    USART_DMACmd                             0x0800966b   Thumb Code    18  stm32f4xx_usart.o(.text)
    USART_ITConfig                           0x0800967d   Thumb Code    74  stm32f4xx_usart.o(.text)
    USART_GetFlagStatus                      0x080096c7   Thumb Code    26  stm32f4xx_usart.o(.text)
    USART_ClearFlag                          0x080096e1   Thumb Code    18  stm32f4xx_usart.o(.text)
    USART_GetITStatus                        0x080096f3   Thumb Code   110  stm32f4xx_usart.o(.text)
    USART_ClearITPendingBit                  0x08009761   Thumb Code    30  stm32f4xx_usart.o(.text)
    USBH_Connected                           0x08009781   Thumb Code    12  usbh_core.o(.text)
    USBH_Disconnected                        0x0800978d   Thumb Code    12  usbh_core.o(.text)
    USBH_SOF                                 0x08009799   Thumb Code     6  usbh_core.o(.text)
    USBH_DeInit                              0x0800979f   Thumb Code    58  usbh_core.o(.text)
    USBH_Init                                0x080097d9   Thumb Code    68  usbh_core.o(.text)
    USBH_HandleControl                       0x0800981d   Thumb Code   544  usbh_core.o(.text)
    USBH_ErrorHandle                         0x08009a3d   Thumb Code    46  usbh_core.o(.text)
    USBH_Process                             0x08009c43   Thumb Code   428  usbh_core.o(.text)
    USBH_Open_Channel                        0x08009df5   Thumb Code   154  usbh_hcs.o(.text)
    USBH_Modify_Channel                      0x08009e8f   Thumb Code   100  usbh_hcs.o(.text)
    USBH_Alloc_Channel                       0x08009f1b   Thumb Code    38  usbh_hcs.o(.text)
    USBH_Free_Channel                        0x08009f41   Thumb Code    30  usbh_hcs.o(.text)
    USBH_DeAllocate_AllChannel               0x08009f5f   Thumb Code    28  usbh_hcs.o(.text)
    USBH_CtlReq                              0x08009f93   Thumb Code   100  usbh_ioreq.o(.text)
    USBH_CtlSendSetup                        0x08009ff7   Thumb Code    66  usbh_ioreq.o(.text)
    USBH_CtlSendData                         0x0800a039   Thumb Code   110  usbh_ioreq.o(.text)
    USBH_CtlReceiveData                      0x0800a0a7   Thumb Code    70  usbh_ioreq.o(.text)
    USBH_BulkSendData                        0x0800a0ed   Thumb Code    94  usbh_ioreq.o(.text)
    USBH_BulkReceiveData                     0x0800a14b   Thumb Code    96  usbh_ioreq.o(.text)
    USBH_InterruptReceiveData                0x0800a1ab   Thumb Code   120  usbh_ioreq.o(.text)
    USBH_InterruptSendData                   0x0800a223   Thumb Code   118  usbh_ioreq.o(.text)
    USBH_IsocReceiveData                     0x0800a299   Thumb Code    70  usbh_ioreq.o(.text)
    USBH_IsocSendData                        0x0800a2df   Thumb Code    68  usbh_ioreq.o(.text)
    USBH_GetDescriptor                       0x0800a37d   Thumb Code    68  usbh_stdreq.o(.text)
    USBH_Get_DevDesc                         0x0800a3c1   Thumb Code    56  usbh_stdreq.o(.text)
    USBH_GetNextDesc                         0x0800a43f   Thumb Code    18  usbh_stdreq.o(.text)
    USBH_Get_CfgDesc                         0x0800a563   Thumb Code    88  usbh_stdreq.o(.text)
    USBH_Get_StringDesc                      0x0800a5f1   Thumb Code    60  usbh_stdreq.o(.text)
    USBH_SetAddress                          0x0800a62d   Thumb Code    38  usbh_stdreq.o(.text)
    USBH_SetCfg                              0x0800a653   Thumb Code    38  usbh_stdreq.o(.text)
    USBH_SetInterface                        0x0800a679   Thumb Code    44  usbh_stdreq.o(.text)
    USBH_ClrFeature                          0x0800a6a5   Thumb Code    76  usbh_stdreq.o(.text)
    USB_OTG_WritePacket                      0x0800a79d   Thumb Code    64  usb_core.o(.text)
    USB_OTG_ReadPacket                       0x0800a7dd   Thumb Code    40  usb_core.o(.text)
    USB_OTG_SelectCore                       0x0800a805   Thumb Code   204  usb_core.o(.text)
    USB_OTG_CoreInit                         0x0800a8d1   Thumb Code   294  usb_core.o(.text)
    USB_OTG_EnableGlobalInt                  0x0800a9f7   Thumb Code    34  usb_core.o(.text)
    USB_OTG_DisableGlobalInt                 0x0800aa19   Thumb Code    34  usb_core.o(.text)
    USB_OTG_FlushTxFifo                      0x0800aa3b   Thumb Code    80  usb_core.o(.text)
    USB_OTG_FlushRxFifo                      0x0800aa8b   Thumb Code    70  usb_core.o(.text)
    USB_OTG_SetCurrentMode                   0x0800aad1   Thumb Code    78  usb_core.o(.text)
    USB_OTG_GetMode                          0x0800ab1f   Thumb Code    22  usb_core.o(.text)
    USB_OTG_IsDeviceMode                     0x0800ab35   Thumb Code    22  usb_core.o(.text)
    USB_OTG_IsHostMode                       0x0800ab4b   Thumb Code    20  usb_core.o(.text)
    USB_OTG_ReadCoreItr                      0x0800ab5f   Thumb Code    16  usb_core.o(.text)
    USB_OTG_ReadOtgItr                       0x0800ab6f   Thumb Code     8  usb_core.o(.text)
    USB_OTG_EnableHostInt                    0x0800ab77   Thumb Code   116  usb_core.o(.text)
    USB_OTG_ReadHPRT0                        0x0800abeb   Thumb Code    48  usb_core.o(.text)
    USB_OTG_DriveVbus                        0x0800ac1b   Thumb Code    92  usb_core.o(.text)
    USB_OTG_ResetPort                        0x0800ac77   Thumb Code    64  usb_core.o(.text)
    USB_OTG_InitFSLSPClkSel                  0x0800acb7   Thumb Code    24  usb_core.o(.text)
    USB_OTG_CoreInitHost                     0x0800accf   Thumb Code   216  usb_core.o(.text)
    USB_OTG_IsEvenFrame                      0x0800ada7   Thumb Code    16  usb_core.o(.text)
    USB_OTG_ReadHostAllChannels_intr         0x0800adb7   Thumb Code     8  usb_core.o(.text)
    USB_OTG_HC_Init                          0x0800adbf   Thumb Code   568  usb_core.o(.text)
    USB_OTG_HC_StartXfer                     0x0800aff7   Thumb Code   502  usb_core.o(.text)
    USB_OTG_HC_Halt                          0x0800b1ed   Thumb Code   130  usb_core.o(.text)
    USB_OTG_HC_DoPing                        0x0800b26f   Thumb Code    90  usb_core.o(.text)
    USB_OTG_StopHost                         0x0800b2c9   Thumb Code    96  usb_core.o(.text)
    USB_OTG_InitDevSpeed                     0x0800b329   Thumb Code    24  usb_core.o(.text)
    USB_OTG_EnableDevInt                     0x0800b341   Thumb Code   154  usb_core.o(.text)
    USB_OTG_CoreInitDev                      0x0800b3db   Thumb Code   522  usb_core.o(.text)
    USB_OTG_GetDeviceSpeed                   0x0800b5e5   Thumb Code    52  usb_core.o(.text)
    USB_OTG_EP0Activate                      0x0800b619   Thumb Code   106  usb_core.o(.text)
    USB_OTG_EPActivate                       0x0800b683   Thumb Code   152  usb_core.o(.text)
    USB_OTG_EPDeactivate                     0x0800b71b   Thumb Code    94  usb_core.o(.text)
    USB_OTG_EPStartXfer                      0x0800b779   Thumb Code   502  usb_core.o(.text)
    USB_OTG_EP0StartXfer                     0x0800b96f   Thumb Code   342  usb_core.o(.text)
    USB_OTG_EPSetStall                       0x0800bac5   Thumb Code   100  usb_core.o(.text)
    USB_OTG_EPClearStall                     0x0800bb29   Thumb Code    80  usb_core.o(.text)
    USB_OTG_ReadDevAllOutEp_itr              0x0800bb79   Thumb Code    16  usb_core.o(.text)
    USB_OTG_ReadDevOutEP_itr                 0x0800bb89   Thumb Code    20  usb_core.o(.text)
    USB_OTG_ReadDevAllInEPItr                0x0800bb9d   Thumb Code    16  usb_core.o(.text)
    USB_OTG_EP0_OutStart                     0x0800bbad   Thumb Code    98  usb_core.o(.text)
    USB_OTG_ActiveRemoteWakeup               0x0800bc0f   Thumb Code   106  usb_core.o(.text)
    USB_OTG_UngateClock                      0x0800bc79   Thumb Code    54  usb_core.o(.text)
    USB_OTG_StopDevice                       0x0800bcaf   Thumb Code    82  usb_core.o(.text)
    USB_OTG_GetEPStatus                      0x0800bd01   Thumb Code   106  usb_core.o(.text)
    USB_OTG_SetEPStatus                      0x0800bd6b   Thumb Code   282  usb_core.o(.text)
    HCD_Init                                 0x0800be85   Thumb Code    96  usb_hcd.o(.text)
    HCD_GetCurrentSpeed                      0x0800bee5   Thumb Code    20  usb_hcd.o(.text)
    HCD_ResetPort                            0x0800bef9   Thumb Code    14  usb_hcd.o(.text)
    HCD_IsDeviceConnected                    0x0800bf07   Thumb Code     8  usb_hcd.o(.text)
    HCD_GetCurrentFrame                      0x0800bf0f   Thumb Code    10  usb_hcd.o(.text)
    HCD_GetURB_State                         0x0800bf19   Thumb Code    10  usb_hcd.o(.text)
    HCD_GetXferCnt                           0x0800bf23   Thumb Code    12  usb_hcd.o(.text)
    HCD_GetHCState                           0x0800bf2f   Thumb Code    10  usb_hcd.o(.text)
    HCD_HC_Init                              0x0800bf39   Thumb Code    16  usb_hcd.o(.text)
    HCD_SubmitRequest                        0x0800bf49   Thumb Code    32  usb_hcd.o(.text)
    USBH_OTG_ISR_Handler                     0x0800cd43   Thumb Code   168  usb_hcd_int.o(.text)
    USBH_Set_Report                          0x0800d33d   Thumb Code    52  usbh_hid_core.o(.text)
    USBD_DeInit                              0x0800d525   Thumb Code     6  usbd_core.o(.text)
    USBD_Init                                0x0800d52b   Thumb Code    66  usbd_core.o(.text)
    USBD_SetCfg                              0x0800d7bf   Thumb Code    30  usbd_core.o(.text)
    USBD_ClrCfg                              0x0800d7dd   Thumb Code    22  usbd_core.o(.text)
    USBD_CtlSendData                         0x0800d81d   Thumb Code    46  usbd_ioreq.o(.text)
    USBD_CtlContinueSendData                 0x0800d84b   Thumb Code    30  usbd_ioreq.o(.text)
    USBD_CtlPrepareRx                        0x0800d869   Thumb Code    46  usbd_ioreq.o(.text)
    USBD_CtlContinueRx                       0x0800d897   Thumb Code    30  usbd_ioreq.o(.text)
    USBD_CtlSendStatus                       0x0800d8b5   Thumb Code    36  usbd_ioreq.o(.text)
    USBD_CtlReceiveStatus                    0x0800d8d9   Thumb Code    36  usbd_ioreq.o(.text)
    USBD_GetRxCount                          0x0800d8fd   Thumb Code    20  usbd_ioreq.o(.text)
    USBD_CtlError                            0x0800d911   Thumb Code    30  usbd_req.o(.text)
    USBD_StdDevReq                           0x0800dcf9   Thumb Code   114  usbd_req.o(.text)
    USBD_StdItfReq                           0x0800dd6b   Thumb Code    76  usbd_req.o(.text)
    USBD_StdEPReq                            0x0800ddb7   Thumb Code   360  usbd_req.o(.text)
    USBD_ParseSetupRequest                   0x0800df1f   Thumb Code    72  usbd_req.o(.text)
    USBD_GetString                           0x0800df7b   Thumb Code    82  usbd_req.o(.text)
    DCD_Init                                 0x0800dfd1   Thumb Code   156  usb_dcd.o(.text)
    DCD_EP_Open                              0x0800e06d   Thumb Code   104  usb_dcd.o(.text)
    DCD_EP_Close                             0x0800e0d5   Thumb Code    74  usb_dcd.o(.text)
    DCD_EP_PrepareRx                         0x0800e11f   Thumb Code    82  usb_dcd.o(.text)
    DCD_EP_Tx                                0x0800e171   Thumb Code    78  usb_dcd.o(.text)
    DCD_EP_Stall                             0x0800e1bf   Thumb Code    72  usb_dcd.o(.text)
    DCD_EP_ClrStall                          0x0800e207   Thumb Code    72  usb_dcd.o(.text)
    DCD_EP_Flush                             0x0800e24f   Thumb Code    36  usb_dcd.o(.text)
    DCD_EP_SetAddress                        0x0800e273   Thumb Code    28  usb_dcd.o(.text)
    DCD_DevConnect                           0x0800e28f   Thumb Code    32  usb_dcd.o(.text)
    DCD_DevDisconnect                        0x0800e2af   Thumb Code    34  usb_dcd.o(.text)
    DCD_GetEPStatus                          0x0800e2d1   Thumb Code    64  usb_dcd.o(.text)
    DCD_SetEPStatus                          0x0800e311   Thumb Code    62  usb_dcd.o(.text)
    USBD_OTG_ISR_Handler                     0x0800e9db   Thumb Code   224  usb_dcd_int.o(.text)
    __2sprintf                               0x0800edf5   Thumb Code    34  noretval__2sprintf.o(.text)
    _printf_pre_padding                      0x0800ee1d   Thumb Code    44  _printf_pad.o(.text)
    _printf_post_padding                     0x0800ee49   Thumb Code    34  _printf_pad.o(.text)
    _printf_str                              0x0800ee6b   Thumb Code    82  _printf_str.o(.text)
    _printf_int_hex                          0x0800eebd   Thumb Code    84  _printf_hex_int.o(.text)
    _printf_longlong_hex                     0x0800eebd   Thumb Code     0  _printf_hex_int.o(.text)
    __printf                                 0x0800ef15   Thumb Code   308  __printf_flags_wp.o(.text)
    memcmp                                   0x0800f04d   Thumb Code    88  memcmp.o(.text)
    strcat                                   0x0800f0a5   Thumb Code    24  strcat.o(.text)
    __aeabi_memcpy                           0x0800f0bd   Thumb Code     0  rt_memcpy_v6.o(.text)
    __rt_memcpy                              0x0800f0bd   Thumb Code   138  rt_memcpy_v6.o(.text)
    _memcpy_lastbytes                        0x0800f123   Thumb Code     0  rt_memcpy_v6.o(.text)
    __aeabi_memcpy4                          0x0800f147   Thumb Code     0  rt_memcpy_w.o(.text)
    __aeabi_memcpy8                          0x0800f147   Thumb Code     0  rt_memcpy_w.o(.text)
    __rt_memcpy_w                            0x0800f147   Thumb Code   100  rt_memcpy_w.o(.text)
    _memcpy_lastbytes_aligned                0x0800f18f   Thumb Code     0  rt_memcpy_w.o(.text)
    __aeabi_memclr                           0x0800f1ab   Thumb Code     0  rt_memclr.o(.text)
    __rt_memclr                              0x0800f1ab   Thumb Code    68  rt_memclr.o(.text)
    _memset                                  0x0800f1af   Thumb Code     0  rt_memclr.o(.text)
    __aeabi_memclr4                          0x0800f1ef   Thumb Code     0  rt_memclr_w.o(.text)
    __aeabi_memclr8                          0x0800f1ef   Thumb Code     0  rt_memclr_w.o(.text)
    __rt_memclr_w                            0x0800f1ef   Thumb Code    78  rt_memclr_w.o(.text)
    _memset_w                                0x0800f1f3   Thumb Code     0  rt_memclr_w.o(.text)
    __use_two_region_memory                  0x0800f23d   Thumb Code     2  heapauxi.o(.text)
    __rt_heap_escrow$2region                 0x0800f23f   Thumb Code     2  heapauxi.o(.text)
    __rt_heap_expand$2region                 0x0800f241   Thumb Code     2  heapauxi.o(.text)
    __read_errno                             0x0800f243   Thumb Code    10  _rserrno.o(.text)
    __set_errno                              0x0800f24d   Thumb Code    12  _rserrno.o(.text)
    _printf_int_common                       0x0800f259   Thumb Code   178  _printf_intcommon.o(.text)
    _printf_char_common                      0x0800f317   Thumb Code    32  _printf_char_common.o(.text)
    _sputc                                   0x0800f33d   Thumb Code    10  _sputc.o(.text)
    _printf_cs_common                        0x0800f347   Thumb Code    20  _printf_char.o(.text)
    _printf_char                             0x0800f35b   Thumb Code    16  _printf_char.o(.text)
    _printf_string                           0x0800f36b   Thumb Code     8  _printf_char.o(.text)
    __aeabi_errno_addr                       0x0800f375   Thumb Code     8  rt_errno_addr_intlibspace.o(.text)
    __errno$intlibspace                      0x0800f375   Thumb Code     0  rt_errno_addr_intlibspace.o(.text)
    __rt_errno_addr$intlibspace              0x0800f375   Thumb Code     0  rt_errno_addr_intlibspace.o(.text)
    __user_libspace                          0x0800f37d   Thumb Code     8  libspace.o(.text)
    __user_perproc_libspace                  0x0800f37d   Thumb Code     0  libspace.o(.text)
    __user_perthread_libspace                0x0800f37d   Thumb Code     0  libspace.o(.text)
    __user_setup_stackheap                   0x0800f385   Thumb Code    74  sys_stackheap_outer.o(.text)
    exit                                     0x0800f3cf   Thumb Code    12  exit.o(.text)
    _sys_exit                                0x0800f3dd   Thumb Code     8  sys_exit.o(.text)
    __I$use$semihosting                      0x0800f3e9   Thumb Code     0  use_no_semi.o(.text)
    __use_no_semihosting_swi                 0x0800f3e9   Thumb Code     2  use_no_semi.o(.text)
    __ARM_fpclassify                         0x0800f3eb   Thumb Code    48  fpclassify.o(i.__ARM_fpclassify)
    __semihosting_library_function           0x0800f3eb   Thumb Code     0  indicate_semi.o(.text)
    __hardfp_atan                            0x0800f421   Thumb Code   622  atan.o(i.__hardfp_atan)
    __hardfp_atan2                           0x0800f6f9   Thumb Code   432  atan2.o(i.__hardfp_atan2)
    __hardfp_ceil                            0x0800f8e9   Thumb Code   252  ceil.o(i.__hardfp_ceil)
    __hardfp_cos                             0x0800fa01   Thumb Code   180  cos.o(i.__hardfp_cos)
    __hardfp_sin                             0x0800fac9   Thumb Code   180  sin.o(i.__hardfp_sin)
    __ieee754_rem_pio2                       0x0800fb91   Thumb Code   938  rred.o(i.__ieee754_rem_pio2)
    __kernel_cos                             0x0800ffc9   Thumb Code   322  cos_i.o(i.__kernel_cos)
    __kernel_poly                            0x08010139   Thumb Code   248  poly.o(i.__kernel_poly)
    __kernel_sin                             0x08010231   Thumb Code   280  sin_i.o(i.__kernel_sin)
    __mathlib_dbl_infnan                     0x08010361   Thumb Code    20  dunder.o(i.__mathlib_dbl_infnan)
    __mathlib_dbl_infnan2                    0x08010375   Thumb Code    20  dunder.o(i.__mathlib_dbl_infnan2)
    __mathlib_dbl_invalid                    0x08010389   Thumb Code    24  dunder.o(i.__mathlib_dbl_invalid)
    __mathlib_dbl_underflow                  0x080103a9   Thumb Code    24  dunder.o(i.__mathlib_dbl_underflow)
    _is_digit                                0x080103c9   Thumb Code    14  __printf_wp.o(i._is_digit)
    atan                                     0x080103d7   Thumb Code    16  atan.o(i.atan)
    fabs                                     0x080103e7   Thumb Code    24  fabs.o(i.fabs)
    __aeabi_dneg                             0x080103ff   Thumb Code     0  basic.o(x$fpl$basic)
    _dneg                                    0x080103ff   Thumb Code     6  basic.o(x$fpl$basic)
    __aeabi_fneg                             0x08010405   Thumb Code     0  basic.o(x$fpl$basic)
    _fneg                                    0x08010405   Thumb Code     6  basic.o(x$fpl$basic)
    _dabs                                    0x0801040b   Thumb Code     6  basic.o(x$fpl$basic)
    _fabs                                    0x08010411   Thumb Code     6  basic.o(x$fpl$basic)
    __aeabi_d2f                              0x08010419   Thumb Code     0  d2f.o(x$fpl$d2f)
    _d2f                                     0x08010419   Thumb Code    98  d2f.o(x$fpl$d2f)
    __aeabi_dadd                             0x0801047d   Thumb Code     0  daddsub_clz.o(x$fpl$dadd)
    _dadd                                    0x0801047d   Thumb Code   332  daddsub_clz.o(x$fpl$dadd)
    __fpl_dcmp_Inf                           0x080105cd   Thumb Code    24  dcmpi.o(x$fpl$dcmpinf)
    __aeabi_ddiv                             0x080105e5   Thumb Code     0  ddiv.o(x$fpl$ddiv)
    _ddiv                                    0x080105e5   Thumb Code   552  ddiv.o(x$fpl$ddiv)
    __aeabi_d2iz                             0x08010895   Thumb Code     0  dfix.o(x$fpl$dfix)
    _dfix                                    0x08010895   Thumb Code    94  dfix.o(x$fpl$dfix)
    __aeabi_d2uiz                            0x080108f5   Thumb Code     0  dfixu.o(x$fpl$dfixu)
    _dfixu                                   0x080108f5   Thumb Code    90  dfixu.o(x$fpl$dfixu)
    __aeabi_i2d                              0x0801094f   Thumb Code     0  dflt_clz.o(x$fpl$dflt)
    _dflt                                    0x0801094f   Thumb Code    46  dflt_clz.o(x$fpl$dflt)
    __aeabi_ui2d                             0x0801097d   Thumb Code     0  dflt_clz.o(x$fpl$dfltu)
    _dfltu                                   0x0801097d   Thumb Code    38  dflt_clz.o(x$fpl$dfltu)
    __aeabi_cdcmple                          0x080109a5   Thumb Code     0  dleqf.o(x$fpl$dleqf)
    _dcmple                                  0x080109a5   Thumb Code   120  dleqf.o(x$fpl$dleqf)
    __fpl_dcmple_InfNaN                      0x08010a07   Thumb Code     0  dleqf.o(x$fpl$dleqf)
    __aeabi_dmul                             0x08010a1d   Thumb Code     0  dmul.o(x$fpl$dmul)
    _dmul                                    0x08010a1d   Thumb Code   332  dmul.o(x$fpl$dmul)
    __fpl_dnaninf                            0x08010b71   Thumb Code   156  dnaninf.o(x$fpl$dnaninf)
    __fpl_dretinf                            0x08010c0d   Thumb Code    12  dretinf.o(x$fpl$dretinf)
    __aeabi_cdrcmple                         0x08010c19   Thumb Code     0  drleqf.o(x$fpl$drleqf)
    _drcmple                                 0x08010c19   Thumb Code   108  drleqf.o(x$fpl$drleqf)
    __aeabi_drsub                            0x08010c85   Thumb Code     0  daddsub_clz.o(x$fpl$drsb)
    _drsb                                    0x08010c85   Thumb Code    22  daddsub_clz.o(x$fpl$drsb)
    __aeabi_dsub                             0x08010c9d   Thumb Code     0  daddsub_clz.o(x$fpl$dsub)
    _dsub                                    0x08010c9d   Thumb Code   464  daddsub_clz.o(x$fpl$dsub)
    __aeabi_f2d                              0x08010e71   Thumb Code     0  f2d.o(x$fpl$f2d)
    _f2d                                     0x08010e71   Thumb Code    86  f2d.o(x$fpl$f2d)
    __fpl_fnaninf                            0x08010ec7   Thumb Code   140  fnaninf.o(x$fpl$fnaninf)
    _fp_init                                 0x08010f53   Thumb Code    10  fpinit.o(x$fpl$fpinit)
    __fplib_config_fpu_vfp                   0x08010f5b   Thumb Code     0  fpinit.o(x$fpl$fpinit)
    __fplib_config_pureend_doubles           0x08010f5b   Thumb Code     0  fpinit.o(x$fpl$fpinit)
    __fpl_fretinf                            0x08010f5d   Thumb Code    10  fretinf.o(x$fpl$fretinf)
    __I$use$fp                               0x08010f66   Number         0  usenofp.o(x$fpl$usenofp)
    __mathlib_zero                           0x080115b0   Data           8  qnan.o(.constdata)
    Region$$Table$$Base                      0x080116a8   Number         0  anon$$obj.o(Region$$Table)
    Region$$Table$$Limit                     0x080116c8   Number         0  anon$$obj.o(Region$$Table)
    shooter                                  0x20000000   Data           1  action.o(.data)
    g_is_shoot_set                           0x20000001   Data           1  action.o(.data)
    is_action_shoot                          0x20000002   Data           1  action.o(.data)
    type                                     0x20000018   Data           1  comm.o(.data)
    packet_cnt                               0x20000019   Data           1  comm.o(.data)
    gyro_control_flag                        0x2000001a   Data           1  comm.o(.data)
    error_flag                               0x20000038   Data           1  error_event.o(.data)
    BAUDRATE_ENUM                            0x20000039   Data           1  hm_bluetooth.o(.data)
    CONNECT_MODE_EUNM                        0x2000003a   Data           1  hm_bluetooth.o(.data)
    DATA_TRANSER_SPEED_ENUM                  0x2000003b   Data           1  hm_bluetooth.o(.data)
    EDR_WORK_MODE_ENUM                       0x2000003c   Data           1  hm_bluetooth.o(.data)
    CONNECT_NOTIFY_ENUM                      0x2000003d   Data           1  hm_bluetooth.o(.data)
    PIO1_LED_STATUS_ENUM                     0x2000003e   Data           1  hm_bluetooth.o(.data)
    Hm_bluetooth_connect_flag                0x2000003f   Data           1  hm_bluetooth.o(.data)
    bluetooth_code                           0x20000040   Data           6  hm_bluetooth.o(.data)
    usb_host_device_mode                     0x20000046   Data           1  init.o(.data)
    eeprom_blue_init_flag                    0x20000047   Data           1  init.o(.data)
    frequency                                0x20000048   Data           4  misc.o(.data)
    encoder_tab                              0x2000005c   Data          16  motor.o(.data)
    is_motor_run                             0x2000006c   Data           1  motor.o(.data)
    z_factory                                0x20000070   Data           8  mpu6050_driver.o(.data)
    angel_z                                  0x20000078   Data           4  mpu6050_driver.o(.data)
    angel_x                                  0x2000007c   Data           4  mpu6050_driver.o(.data)
    angel_y                                  0x20000080   Data           4  mpu6050_driver.o(.data)
    adc_offset_gyro_z                        0x20000084   Data           4  mpu6050_driver.o(.data)
    receive_flag                             0x2000008c   Data           4  nrf24l01.o(.data)
    packet_flag                              0x20000090   Data           1  packet.o(.data)
    identify_buf_ptr                         0x20000094   Data           4  packet.o(.data)
    identify_success                         0x20000098   Data           1  packet.o(.data)
    wheel_reduction_ratio_x_set              0x200000c0   Data           4  robot.o(.data)
    wheel_reduction_ratio_yz_set             0x200000c4   Data           4  robot.o(.data)
    max_shot_strength_set                    0x200000c8   Data           4  robot.o(.data)
    startpoint                               0x200000cc   Data           1  robot.o(.data)
    steplength                               0x200000cd   Data           1  robot.o(.data)
    g_do_set_receive_mode_flag               0x200000ce   Data           1  robot.o(.data)
    g_set_receive_mode_flag                  0x200000cf   Data           1  robot.o(.data)
    forcestopcounter                         0x200000d0   Data           4  robot.o(.data)
    last_beep                                0x200000d4   Data           1  robot.o(.data)
    bluetooth_mode_on                        0x200000d5   Data           1  robot.o(.data)
    is_low_power_cnt                         0x200000d6   Data           1  robot.o(.data)
    g_pid_timer_cnt                          0x200000d7   Data           1  robot.o(.data)
    power_mon_timer                          0x200000d8   Data           8  robot.o(.data)
    heart_led_timer                          0x200000e0   Data           8  robot.o(.data)
    rf_comm_tim                              0x200000e8   Data           8  robot.o(.data)
    identify_cpuid_tim                       0x200000f0   Data           8  robot.o(.data)
    gyro_mon_timer                           0x200000f8   Data           8  robot.o(.data)
    bluetooth_mon_timer                      0x20000100   Data           8  robot.o(.data)
    shoot_interval_timer                     0x20000108   Data           8  robot.o(.data)
    beepflag                                 0x20000110   Data           4  robot.o(.data)
    beepcnt                                  0x20000114   Data           4  robot.o(.data)
    SystemCoreClock                          0x20000124   Data           4  system_stm32f4xx.o(.data)
    AHBPrescTable                            0x20000128   Data          16  system_stm32f4xx.o(.data)
    sys_tick                                 0x20000138   Data           8  timer.o(.data)
    uart_rx_buf_cnt                          0x20000140   Data           1  usart_ble.o(.data)
    uart_tx_buf_cnt                          0x20000141   Data           1  usart_ble.o(.data)
    uart_rx_buf_ptr                          0x20000142   Data           1  usart_ble.o(.data)
    ble_ack_ok                               0x20000143   Data           1  usart_ble.o(.data)
    g_is_uart_get_a_packet                   0x20000144   Data           1  usart_ble.o(.data)
    g_is_uart_sent_a_packet                  0x20000145   Data           1  usart_ble.o(.data)
    g_is_uart_get_packet_num                 0x20000146   Data           1  usart_ble.o(.data)
    g_is_uart_sent_packet_num                0x20000147   Data           1  usart_ble.o(.data)
    HSEStartUpStatus                         0x20000148   Data           1  usb_bsp.o(.data)
    BSP_delay                                0x2000014c   Data           4  usb_bsp.o(.data)
    linecoding                               0x20000150   Data           8  usbd_cdc_vcp.o(.data)
    USB_Receive_ok                           0x20000158   Data           1  usbd_cdc_vcp.o(.data)
    usb_receive_ptr                          0x2000015a   Data           2  usbd_cdc_vcp.o(.data)
    usb_receive_cnt                          0x2000015c   Data           2  usbd_cdc_vcp.o(.data)
    VCP_fops                                 0x20000160   Data          20  usbd_cdc_vcp.o(.data)
    USR_desc                                 0x20000174   Data          28  usbd_desc.o(.data)
    USBD_DeviceDesc                          0x20000190   Data          18  usbd_desc.o(.data)
    USBD_DeviceQualifierDesc                 0x200001a2   Data          10  usbd_desc.o(.data)
    USBD_LangIDDesc                          0x200001ac   Data           4  usbd_desc.o(.data)
    USR_cb                                   0x200001b0   Data          28  usbd_usr.o(.data)
    KeybrdCharXpos                           0x200001cc   Data           1  usbh_usr.o(.data)
    KeybrdCharYpos                           0x200001ce   Data           2  usbh_usr.o(.data)
    x_loc                                    0x200001d0   Data           2  usbh_usr.o(.data)
    y_loc                                    0x200001d2   Data           2  usbh_usr.o(.data)
    prev_x                                   0x200001d4   Data           2  usbh_usr.o(.data)
    prev_y                                   0x200001d6   Data           2  usbh_usr.o(.data)
    USR_Callbacks                            0x200001d8   Data          72  usbh_usr.o(.data)
    USBH_HCD_INT_cb                          0x20000234   Data          12  usbh_core.o(.data)
    USBH_HCD_INT_fops                        0x20000240   Data           4  usbh_core.o(.data)
    HID_Setup                                0x2000024c   Data           8  usbh_hid_core.o(.data)
    start_toggle                             0x20000254   Data           1  usbh_hid_core.o(.data)
    HID_callb                                0x20000258   Data          16  usbh_hid_core.o(.data)
    HID_JOYSTICK_cb                          0x20000268   Data           8  usbh_hid_joystick.o(.data)
    HID_KEYBRD_cb                            0x20000270   Data           8  usbh_hid_keybd.o(.data)
    HID_MOUSE_Data                           0x20000290   Data           4  usbh_hid_mouse.o(.data)
    HID_MOUSE_cb                             0x20000294   Data           8  usbh_hid_mouse.o(.data)
    SET_TEST_MODE                            0x2000029c   Data           4  usbd_core.o(.data)
    USBD_DCD_INT_cb                          0x200002a0   Data          44  usbd_core.o(.data)
    USBD_DCD_INT_fops                        0x200002cc   Data           4  usbd_core.o(.data)
    USBD_ep_status                           0x200002d0   Data           4  usbd_req.o(.data)
    USBD_default_cfg                         0x200002d4   Data           4  usbd_req.o(.data)
    USBD_cfg_status                          0x200002d8   Data           4  usbd_req.o(.data)
    CmdBuff                                  0x200002e4   Data           8  usbd_cdc_core.o(.data)
    APP_Rx_ptr_in                            0x200002ec   Data           4  usbd_cdc_core.o(.data)
    APP_Rx_ptr_out                           0x200002f0   Data           4  usbd_cdc_core.o(.data)
    APP_Rx_length                            0x200002f4   Data           4  usbd_cdc_core.o(.data)
    USB_Tx_State                             0x200002f8   Data           1  usbd_cdc_core.o(.data)
    USBD_CDC_cb                              0x20000304   Data          44  usbd_cdc_core.o(.data)
    usbd_cdc_CfgDesc                         0x20000330   Data          67  usbd_cdc_core.o(.data)
    g_shooter                                0x20000378   Data          16  action.o(.bss)
    g_rf_comm                                0x20000388   Data          32  comm.o(.bss)
    joystick_packet                          0x200003a8   Data          28  comm.o(.bss)
    identify_data                            0x200003c4   Data         260  comm.o(.bss)
    bluetooth_name                           0x200004e0   Data          10  hm_bluetooth.o(.bss)
    cpuID                                    0x200004ec   Data          12  init.o(.bss)
    cpuid_data                               0x200004f8   Data          12  init.o(.bss)
    encrpty_cpuid                            0x20000504   Data          18  init.o(.bss)
    acc_gyro_adc                             0x2000052c   Data          12  mpu6050_driver.o(.bss)
    acc_gyro_actul                           0x20000538   Data          24  mpu6050_driver.o(.bss)
    acc_agro_angel                           0x20000550   Data          24  mpu6050_driver.o(.bss)
    adc_offset_buf                           0x20000568   Data          20  mpu6050_driver.o(.bss)
    nRF24L01_dev                             0x2000057c   Data         280  nrf24l01.o(.bss)
    gyro_pid                                 0x20000694   Data          52  pid.o(.bss)
    g_robot                                  0x200006c8   Data        8352  robot.o(.bss)
    uart_rx_buf                              0x20002768   Data         256  usart_ble.o(.bss)
    uart_tx_buf                              0x20002868   Data         256  usart_ble.o(.bss)
    buf_packet_ok                            0x20002968   Data          25  usart_ble.o(.bss)
    USART_InitStructure                      0x20002984   Data          16  usbd_cdc_vcp.o(.bss)
    USB_Receive_Buffer                       0x20002994   Data          64  usbd_cdc_vcp.o(.bss)
    USB_Tx_Buffer                            0x200029d4   Data          64  usbd_cdc_vcp.o(.bss)
    USB_OTG_Core_dev                         0x20002a14   Data        2704  usbh_core.o(.bss)
    USB_Host                                 0x200034a4   Data         132  usbh_core.o(.bss)
    USBH_CfgDesc                             0x20003528   Data         512  usbh_stdreq.o(.bss)
    HID_Machine                              0x20003728   Data          84  usbh_hid_core.o(.bss)
    HID_Report                               0x2000377c   Data          72  usbh_hid_core.o(.bss)
    HID_Desc                                 0x200037c4   Data          10  usbh_hid_core.o(.bss)
    HID_JOYSTICK_Data                        0x200037ce   Data          20  usbh_hid_joystick.o(.bss)
    USB_OTG_dev                              0x200037e4   Data        2704  usbd_core.o(.bss)
    USBD_StrDesc                             0x20004274   Data         255  usbd_req.o(.bss)
    usbd_cdc_OtherCfgDesc                    0x20004373   Data          67  usbd_cdc_core.o(.bss)
    USB_Rx_Buffer                            0x200043b6   Data          64  usbd_cdc_core.o(.bss)
    APP_Rx_Buffer                            0x200043f6   Data        2048  usbd_cdc_core.o(.bss)
    __libspace_start                         0x20004bf8   Data          96  libspace.o(.bss)
    __temporary_stack_top$libspace           0x20004c58   Data           0  libspace.o(.bss)



==============================================================================

Memory Map of the image

  Image Entry point : 0x08000189

  Load Region LR_IROM1 (Base: 0x08000000, Size: 0x00011a40, Max: 0x00080000, ABSOLUTE, COMPRESSED[0x00011848])

    Execution Region ER_IROM1 (Base: 0x08000000, Size: 0x000116c8, Max: 0x00080000, ABSOLUTE)

    Base Addr    Size         Type   Attr      Idx    E Section Name        Object

    0x08000000   0x00000188   Data   RO           91    RESET               startup_stm32f4xx.o
    0x08000188   0x00000008   Code   RO          254  * !!!main             c_w.l(__main.o)
    0x08000190   0x00000034   Code   RO          464    !!!scatter          c_w.l(__scatter.o)
    0x080001c4   0x0000005a   Code   RO          463    !!dczerorl2         c_w.l(__dczerorl2.o)
    0x0800021e   0x00000002   PAD
    0x08000220   0x0000001c   Code   RO          465    !!handler_zi        c_w.l(__scatter_zi.o)
    0x0800023c   0x00000000   Code   RO          246    .ARM.Collect$$_printf_percent$$00000000  c_w.l(_printf_percent.o)
    0x0800023c   0x00000006   Code   RO          245    .ARM.Collect$$_printf_percent$$0000000C  c_w.l(_printf_x.o)
    0x08000242   0x00000006   Code   RO          244    .ARM.Collect$$_printf_percent$$00000014  c_w.l(_printf_s.o)
    0x08000248   0x00000004   Code   RO          294    .ARM.Collect$$_printf_percent$$00000017  c_w.l(_printf_percent_end.o)
    0x0800024c   0x00000002   Code   RO          362    .ARM.Collect$$libinit$$00000000  c_w.l(libinit.o)
    0x0800024e   0x00000004   Code   RO          366    .ARM.Collect$$libinit$$00000001  c_w.l(libinit2.o)
    0x08000252   0x00000000   Code   RO          369    .ARM.Collect$$libinit$$00000004  c_w.l(libinit2.o)
    0x08000252   0x00000000   Code   RO          372    .ARM.Collect$$libinit$$0000000A  c_w.l(libinit2.o)
    0x08000252   0x00000000   Code   RO          374    .ARM.Collect$$libinit$$0000000C  c_w.l(libinit2.o)
    0x08000252   0x00000000   Code   RO          376    .ARM.Collect$$libinit$$0000000E  c_w.l(libinit2.o)
    0x08000252   0x00000000   Code   RO          379    .ARM.Collect$$libinit$$00000011  c_w.l(libinit2.o)
    0x08000252   0x00000000   Code   RO          381    .ARM.Collect$$libinit$$00000013  c_w.l(libinit2.o)
    0x08000252   0x00000000   Code   RO          383    .ARM.Collect$$libinit$$00000015  c_w.l(libinit2.o)
    0x08000252   0x00000000   Code   RO          385    .ARM.Collect$$libinit$$00000017  c_w.l(libinit2.o)
    0x08000252   0x00000000   Code   RO          387    .ARM.Collect$$libinit$$00000019  c_w.l(libinit2.o)
    0x08000252   0x00000000   Code   RO          389    .ARM.Collect$$libinit$$0000001B  c_w.l(libinit2.o)
    0x08000252   0x00000000   Code   RO          391    .ARM.Collect$$libinit$$0000001D  c_w.l(libinit2.o)
    0x08000252   0x00000000   Code   RO          393    .ARM.Collect$$libinit$$0000001F  c_w.l(libinit2.o)
    0x08000252   0x00000000   Code   RO          395    .ARM.Collect$$libinit$$00000021  c_w.l(libinit2.o)
    0x08000252   0x00000000   Code   RO          397    .ARM.Collect$$libinit$$00000023  c_w.l(libinit2.o)
    0x08000252   0x00000000   Code   RO          399    .ARM.Collect$$libinit$$00000025  c_w.l(libinit2.o)
    0x08000252   0x00000000   Code   RO          403    .ARM.Collect$$libinit$$0000002C  c_w.l(libinit2.o)
    0x08000252   0x00000000   Code   RO          405    .ARM.Collect$$libinit$$0000002E  c_w.l(libinit2.o)
    0x08000252   0x00000000   Code   RO          407    .ARM.Collect$$libinit$$00000030  c_w.l(libinit2.o)
    0x08000252   0x00000000   Code   RO          409    .ARM.Collect$$libinit$$00000032  c_w.l(libinit2.o)
    0x08000252   0x00000002   Code   RO          410    .ARM.Collect$$libinit$$00000033  c_w.l(libinit2.o)
    0x08000254   0x00000002   Code   RO          424    .ARM.Collect$$libshutdown$$00000000  c_w.l(libshutdown.o)
    0x08000256   0x00000000   Code   RO          433    .ARM.Collect$$libshutdown$$00000003  c_w.l(libshutdown2.o)
    0x08000256   0x00000000   Code   RO          436    .ARM.Collect$$libshutdown$$00000006  c_w.l(libshutdown2.o)
    0x08000256   0x00000000   Code   RO          439    .ARM.Collect$$libshutdown$$00000009  c_w.l(libshutdown2.o)
    0x08000256   0x00000000   Code   RO          441    .ARM.Collect$$libshutdown$$0000000B  c_w.l(libshutdown2.o)
    0x08000256   0x00000000   Code   RO          444    .ARM.Collect$$libshutdown$$0000000E  c_w.l(libshutdown2.o)
    0x08000256   0x00000002   Code   RO          445    .ARM.Collect$$libshutdown$$0000000F  c_w.l(libshutdown2.o)
    0x08000258   0x00000000   Code   RO          288    .ARM.Collect$$rtentry$$00000000  c_w.l(__rtentry.o)
    0x08000258   0x00000000   Code   RO          334    .ARM.Collect$$rtentry$$00000002  c_w.l(__rtentry2.o)
    0x08000258   0x00000006   Code   RO          346    .ARM.Collect$$rtentry$$00000004  c_w.l(__rtentry4.o)
    0x0800025e   0x00000000   Code   RO          336    .ARM.Collect$$rtentry$$00000009  c_w.l(__rtentry2.o)
    0x0800025e   0x00000004   Code   RO          337    .ARM.Collect$$rtentry$$0000000A  c_w.l(__rtentry2.o)
    0x08000262   0x00000000   Code   RO          339    .ARM.Collect$$rtentry$$0000000C  c_w.l(__rtentry2.o)
    0x08000262   0x00000008   Code   RO          340    .ARM.Collect$$rtentry$$0000000D  c_w.l(__rtentry2.o)
    0x0800026a   0x00000002   Code   RO          364    .ARM.Collect$$rtexit$$00000000  c_w.l(rtexit.o)
    0x0800026c   0x00000000   Code   RO          412    .ARM.Collect$$rtexit$$00000002  c_w.l(rtexit2.o)
    0x0800026c   0x00000004   Code   RO          413    .ARM.Collect$$rtexit$$00000003  c_w.l(rtexit2.o)
    0x08000270   0x00000006   Code   RO          414    .ARM.Collect$$rtexit$$00000004  c_w.l(rtexit2.o)
    0x08000276   0x00000002   PAD
    0x08000278   0x0000069c   Code   RO            2    .text               action.o
    0x08000914   0x00000754   Code   RO            6    .text               comm.o
    0x08001068   0x000005f0   Code   RO           10    .text               cpuid_des.o
    0x08001658   0x0000008c   Code   RO           17    .text               gpio.o
    0x080016e4   0x00000b54   Code   RO           19    .text               hm_bluetooth.o
    0x08002238   0x0000075c   Code   RO           23    .text               i2c.o
    0x08002994   0x00000710   Code   RO           25    .text               init.o
    0x080030a4   0x0000000e   Code   RO           29    .text               main.o
    0x080030b2   0x00000002   PAD
    0x080030b4   0x000007e0   Code   RO           31    .text               misc.o
    0x08003894   0x00000574   Code   RO           35    .text               motor.o
    0x08003e08   0x00000420   Code   RO           38    .text               mpu6050_driver.o
    0x08004228   0x00000170   Code   RO           42    .text               nrf24l01.o
    0x08004398   0x00000398   Code   RO           46    .text               nrf24l01_drv.o
    0x08004730   0x000004ea   Code   RO           48    .text               packet.o
    0x08004c1a   0x00000002   PAD
    0x08004c1c   0x00000168   Code   RO           51    .text               param.o
    0x08004d84   0x000002f4   Code   RO           53    .text               pid.o
    0x08005078   0x00000b8c   Code   RO           56    .text               robot.o
    0x08005c04   0x0000003c   Code   RO           61    .text               stm32f4xx_it.o
    0x08005c40   0x00000210   Code   RO           63    .text               system_stm32f4xx.o
    0x08005e50   0x00000104   Code   RO           66    .text               timer.o
    0x08005f54   0x00000278   Code   RO           69    .text               usart_ble.o
    0x080061cc   0x00000238   Code   RO           73    .text               usb_bsp.o
    0x08006404   0x0000022c   Code   RO           76    .text               usbd_cdc_vcp.o
    0x08006630   0x00000154   Code   RO           80    .text               usbd_desc.o
    0x08006784   0x0000001e   Code   RO           83    .text               usbd_usr.o
    0x080067a2   0x00000002   PAD
    0x080067a4   0x000002f0   Code   RO           86    .text               usbh_usr.o
    0x08006a94   0x00000040   Code   RO           92    .text               startup_stm32f4xx.o
    0x08006ad4   0x00000464   Code   RO           94    .text               stm32f4xx_adc.o
    0x08006f38   0x0000011c   Code   RO          116    .text               stm32f4xx_exti.o
    0x08007054   0x000004bc   Code   RO          118    .text               stm32f4xx_flash.o
    0x08007510   0x0000025c   Code   RO          122    .text               stm32f4xx_gpio.o
    0x0800776c   0x00000428   Code   RO          130    .text               stm32f4xx_i2c.o
    0x08007b94   0x00000040   Code   RO          132    .text               stm32f4xx_iwdg.o
    0x08007bd4   0x000000e0   Code   RO          134    .text               stm32f4xx_misc.o
    0x08007cb4   0x00000588   Code   RO          138    .text               stm32f4xx_rcc.o
    0x0800823c   0x000003f8   Code   RO          147    .text               stm32f4xx_spi.o
    0x08008634   0x0000008c   Code   RO          149    .text               stm32f4xx_syscfg.o
    0x080086c0   0x00000ca2   Code   RO          151    .text               stm32f4xx_tim.o
    0x08009362   0x00000002   PAD
    0x08009364   0x0000041a   Code   RO          153    .text               stm32f4xx_usart.o
    0x0800977e   0x00000002   PAD
    0x08009780   0x00000674   Code   RO          157    .text               usbh_core.o
    0x08009df4   0x00000186   Code   RO          161    .text               usbh_hcs.o
    0x08009f7a   0x000003a8   Code   RO          163    .text               usbh_ioreq.o
    0x0800a322   0x00000002   PAD
    0x0800a324   0x000003d8   Code   RO          165    .text               usbh_stdreq.o
    0x0800a6fc   0x00001788   Code   RO          169    .text               usb_core.o
    0x0800be84   0x000000e4   Code   RO          171    .text               usb_hcd.o
    0x0800bf68   0x00000e88   Code   RO          173    .text               usb_hcd_int.o
    0x0800cdf0   0x00000588   Code   RO          175    .text               usbh_hid_core.o
    0x0800d378   0x00000028   Code   RO          179    .text               usbh_hid_joystick.o
    0x0800d3a0   0x0000015c   Code   RO          183    .text               usbh_hid_keybd.o
    0x0800d4fc   0x00000028   Code   RO          187    .text               usbh_hid_mouse.o
    0x0800d524   0x000002f8   Code   RO          190    .text               usbd_core.o
    0x0800d81c   0x000000f4   Code   RO          194    .text               usbd_ioreq.o
    0x0800d910   0x000006c0   Code   RO          196    .text               usbd_req.o
    0x0800dfd0   0x0000037e   Code   RO          200    .text               usb_dcd.o
    0x0800e34e   0x00000002   PAD
    0x0800e350   0x00000770   Code   RO          202    .text               usb_dcd_int.o
    0x0800eac0   0x00000334   Code   RO          204    .text               usbd_cdc_core.o
    0x0800edf4   0x00000028   Code   RO          213    .text               c_w.l(noretval__2sprintf.o)
    0x0800ee1c   0x0000004e   Code   RO          215    .text               c_w.l(_printf_pad.o)
    0x0800ee6a   0x00000052   Code   RO          216    .text               c_w.l(_printf_str.o)
    0x0800eebc   0x00000058   Code   RO          219    .text               c_w.l(_printf_hex_int.o)
    0x0800ef14   0x00000138   Code   RO          239    .text               c_w.l(__printf_flags_wp.o)
    0x0800f04c   0x00000058   Code   RO          247    .text               c_w.l(memcmp.o)
    0x0800f0a4   0x00000018   Code   RO          248    .text               c_w.l(strcat.o)
    0x0800f0bc   0x0000008a   Code   RO          249    .text               c_w.l(rt_memcpy_v6.o)
    0x0800f146   0x00000064   Code   RO          250    .text               c_w.l(rt_memcpy_w.o)
    0x0800f1aa   0x00000044   Code   RO          251    .text               c_w.l(rt_memclr.o)
    0x0800f1ee   0x0000004e   Code   RO          252    .text               c_w.l(rt_memclr_w.o)
    0x0800f23c   0x00000006   Code   RO          253    .text               c_w.l(heapauxi.o)
    0x0800f242   0x00000016   Code   RO          289    .text               c_w.l(_rserrno.o)
    0x0800f258   0x000000b2   Code   RO          290    .text               c_w.l(_printf_intcommon.o)
    0x0800f30a   0x00000002   PAD
    0x0800f30c   0x00000030   Code   RO          291    .text               c_w.l(_printf_char_common.o)
    0x0800f33c   0x0000000a   Code   RO          292    .text               c_w.l(_sputc.o)
    0x0800f346   0x0000002c   Code   RO          293    .text               c_w.l(_printf_char.o)
    0x0800f372   0x00000002   PAD
    0x0800f374   0x00000008   Code   RO          350    .text               c_w.l(rt_errno_addr_intlibspace.o)
    0x0800f37c   0x00000008   Code   RO          355    .text               c_w.l(libspace.o)
    0x0800f384   0x0000004a   Code   RO          357    .text               c_w.l(sys_stackheap_outer.o)
    0x0800f3ce   0x0000000c   Code   RO          358    .text               c_w.l(exit.o)
    0x0800f3da   0x00000002   PAD
    0x0800f3dc   0x0000000c   Code   RO          420    .text               c_w.l(sys_exit.o)
    0x0800f3e8   0x00000002   Code   RO          426    .text               c_w.l(use_no_semi.o)
    0x0800f3ea   0x00000000   Code   RO          427    .text               c_w.l(indicate_semi.o)
    0x0800f3ea   0x00000030   Code   RO          353    i.__ARM_fpclassify  m_wm.l(fpclassify.o)
    0x0800f41a   0x00000006   PAD
    0x0800f420   0x000002d8   Code   RO          305    i.__hardfp_atan     m_wm.l(atan.o)
    0x0800f6f8   0x000001f0   Code   RO          267    i.__hardfp_atan2    m_wm.l(atan2.o)
    0x0800f8e8   0x00000118   Code   RO          273    i.__hardfp_ceil     m_wm.l(ceil.o)
    0x0800fa00   0x000000c8   Code   RO          276    i.__hardfp_cos      m_wm.l(cos.o)
    0x0800fac8   0x000000c8   Code   RO          282    i.__hardfp_sin      m_wm.l(sin.o)
    0x0800fb90   0x00000438   Code   RO          326    i.__ieee754_rem_pio2  m_wm.l(rred.o)
    0x0800ffc8   0x00000170   Code   RO          313    i.__kernel_cos      m_wm.l(cos_i.o)
    0x08010138   0x000000f8   Code   RO          354    i.__kernel_poly     m_wm.l(poly.o)
    0x08010230   0x00000130   Code   RO          329    i.__kernel_sin      m_wm.l(sin_i.o)
    0x08010360   0x00000014   Code   RO          316    i.__mathlib_dbl_infnan  m_wm.l(dunder.o)
    0x08010374   0x00000014   Code   RO          317    i.__mathlib_dbl_infnan2  m_wm.l(dunder.o)
    0x08010388   0x00000020   Code   RO          318    i.__mathlib_dbl_invalid  m_wm.l(dunder.o)
    0x080103a8   0x00000020   Code   RO          321    i.__mathlib_dbl_underflow  m_wm.l(dunder.o)
    0x080103c8   0x0000000e   Code   RO          238    i._is_digit         c_w.l(__printf_wp.o)
    0x080103d6   0x00000010   Code   RO          307    i.atan              m_wm.l(atan.o)
    0x080103e6   0x00000018   Code   RO          324    i.fabs              m_wm.l(fabs.o)
    0x080103fe   0x00000018   Code   RO          295    x$fpl$basic         fz_wm.l(basic.o)
    0x08010416   0x00000002   PAD
    0x08010418   0x00000062   Code   RO          255    x$fpl$d2f           fz_wm.l(d2f.o)
    0x0801047a   0x00000002   PAD
    0x0801047c   0x00000150   Code   RO          296    x$fpl$dadd          fz_wm.l(daddsub_clz.o)
    0x080105cc   0x00000018   Code   RO          363    x$fpl$dcmpinf       fz_wm.l(dcmpi.o)
    0x080105e4   0x000002b0   Code   RO          257    x$fpl$ddiv          fz_wm.l(ddiv.o)
    0x08010894   0x0000005e   Code   RO          258    x$fpl$dfix          fz_wm.l(dfix.o)
    0x080108f2   0x00000002   PAD
    0x080108f4   0x0000005a   Code   RO          260    x$fpl$dfixu         fz_wm.l(dfixu.o)
    0x0801094e   0x0000002e   Code   RO          263    x$fpl$dflt          fz_wm.l(dflt_clz.o)
    0x0801097c   0x00000026   Code   RO          262    x$fpl$dfltu         fz_wm.l(dflt_clz.o)
    0x080109a2   0x00000002   PAD
    0x080109a4   0x00000078   Code   RO          352    x$fpl$dleqf         fz_wm.l(dleqf.o)
    0x08010a1c   0x00000154   Code   RO          265    x$fpl$dmul          fz_wm.l(dmul.o)
    0x08010b70   0x0000009c   Code   RO          299    x$fpl$dnaninf       fz_wm.l(dnaninf.o)
    0x08010c0c   0x0000000c   Code   RO          300    x$fpl$dretinf       fz_wm.l(dretinf.o)
    0x08010c18   0x0000006c   Code   RO          301    x$fpl$drleqf        fz_wm.l(drleqf.o)
    0x08010c84   0x00000016   Code   RO          297    x$fpl$drsb          fz_wm.l(daddsub_clz.o)
    0x08010c9a   0x00000002   PAD
    0x08010c9c   0x000001d4   Code   RO          298    x$fpl$dsub          fz_wm.l(daddsub_clz.o)
    0x08010e70   0x00000056   Code   RO          266    x$fpl$f2d           fz_wm.l(f2d.o)
    0x08010ec6   0x0000008c   Code   RO          302    x$fpl$fnaninf       fz_wm.l(fnaninf.o)
    0x08010f52   0x0000000a   Code   RO          419    x$fpl$fpinit        fz_wm.l(fpinit.o)
    0x08010f5c   0x0000000a   Code   RO          303    x$fpl$fretinf       fz_wm.l(fretinf.o)
    0x08010f66   0x00000000   Code   RO          304    x$fpl$usenofp       fz_wm.l(usenofp.o)
    0x08010f66   0x00000348   Data   RO           11    .constdata          cpuid_des.o
    0x080112ae   0x00000002   PAD
    0x080112b0   0x00000010   Data   RO           58    .constdata          robot.o
    0x080112c0   0x000001ec   Data   RO          184    .constdata          usbh_hid_keybd.o
    0x080114ac   0x00000028   Data   RO          220    .constdata          c_w.l(_printf_hex_int.o)
    0x080114d4   0x00000011   Data   RO          240    .constdata          c_w.l(__printf_flags_wp.o)
    0x080114e5   0x00000003   PAD
    0x080114e8   0x00000098   Data   RO          308    .constdata          m_wm.l(atan.o)
    0x08011580   0x00000030   Data   RO          314    .constdata          m_wm.l(cos_i.o)
    0x080115b0   0x00000008   Data   RO          325    .constdata          m_wm.l(qnan.o)
    0x080115b8   0x000000c8   Data   RO          328    .constdata          m_wm.l(rred.o)
    0x08011680   0x00000028   Data   RO          330    .constdata          m_wm.l(sin_i.o)
    0x080116a8   0x00000020   Data   RO          461    Region$$Table       anon$$obj.o


    Execution Region RW_IRAM1 (Base: 0x20000000, Size: 0x00005258, Max: 0x00020000, ABSOLUTE, COMPRESSED[0x00000180])

    Base Addr    Size         Type   Attr      Idx    E Section Name        Object

    0x20000000   0x00000014   Data   RW            4    .data               action.o
    0x20000014   0x00000004   PAD
    0x20000018   0x00000020   Data   RW            8    .data               comm.o
    0x20000038   0x00000001   Data   RW           13    .data               error_event.o
    0x20000039   0x0000000d   Data   RW           21    .data               hm_bluetooth.o
    0x20000046   0x00000002   Data   RW           27    .data               init.o
    0x20000048   0x00000011   Data   RW           33    .data               misc.o
    0x20000059   0x00000003   PAD
    0x2000005c   0x00000011   Data   RW           36    .data               motor.o
    0x2000006d   0x00000003   PAD
    0x20000070   0x00000019   Data   RW           40    .data               mpu6050_driver.o
    0x20000089   0x00000003   PAD
    0x2000008c   0x00000004   Data   RW           44    .data               nrf24l01.o
    0x20000090   0x0000002c   Data   RW           49    .data               packet.o
    0x200000bc   0x00000004   PAD
    0x200000c0   0x00000064   Data   RW           59    .data               robot.o
    0x20000124   0x00000014   Data   RW           64    .data               system_stm32f4xx.o
    0x20000138   0x00000008   Data   RW           67    .data               timer.o
    0x20000140   0x00000008   Data   RW           71    .data               usart_ble.o
    0x20000148   0x00000008   Data   RW           74    .data               usb_bsp.o
    0x20000150   0x00000024   Data   RW           78    .data               usbd_cdc_vcp.o
    0x20000174   0x0000003c   Data   RW           81    .data               usbd_desc.o
    0x200001b0   0x0000001c   Data   RW           84    .data               usbd_usr.o
    0x200001cc   0x00000058   Data   RW           88    .data               usbh_usr.o
    0x20000224   0x00000010   Data   RW          139    .data               stm32f4xx_rcc.o
    0x20000234   0x00000012   Data   RW          159    .data               usbh_core.o
    0x20000246   0x00000003   Data   RW          167    .data               usbh_stdreq.o
    0x20000249   0x00000003   PAD
    0x2000024c   0x0000001c   Data   RW          177    .data               usbh_hid_core.o
    0x20000268   0x00000008   Data   RW          181    .data               usbh_hid_joystick.o
    0x20000270   0x0000001f   Data   RW          185    .data               usbh_hid_keybd.o
    0x2000028f   0x00000001   PAD
    0x20000290   0x0000000c   Data   RW          188    .data               usbh_hid_mouse.o
    0x2000029c   0x00000034   Data   RW          192    .data               usbd_core.o
    0x200002d0   0x0000000d   Data   RW          198    .data               usbd_req.o
    0x200002dd   0x00000003   PAD
    0x200002e0   0x00000098   Data   RW          206    .data               usbd_cdc_core.o
    0x20000378   0x00000010   Zero   RW            3    .bss                action.o
    0x20000388   0x00000158   Zero   RW            7    .bss                comm.o
    0x200004e0   0x0000000a   Zero   RW           20    .bss                hm_bluetooth.o
    0x200004ea   0x00000002   PAD
    0x200004ec   0x0000002a   Zero   RW           26    .bss                init.o
    0x20000516   0x00000002   PAD
    0x20000518   0x00000014   Zero   RW           32    .bss                misc.o
    0x2000052c   0x00000050   Zero   RW           39    .bss                mpu6050_driver.o
    0x2000057c   0x00000118   Zero   RW           43    .bss                nrf24l01.o
    0x20000694   0x00000034   Zero   RW           54    .bss                pid.o
    0x200006c8   0x000020a0   Zero   RW           57    .bss                robot.o
    0x20002768   0x00000219   Zero   RW           70    .bss                usart_ble.o
    0x20002981   0x00000003   PAD
    0x20002984   0x00000090   Zero   RW           77    .bss                usbd_cdc_vcp.o
    0x20002a14   0x00000b14   Zero   RW          158    .bss                usbh_core.o
    0x20003528   0x00000200   Zero   RW          166    .bss                usbh_stdreq.o
    0x20003728   0x000000a6   Zero   RW          176    .bss                usbh_hid_core.o
    0x200037ce   0x00000014   Zero   RW          180    .bss                usbh_hid_joystick.o
    0x200037e2   0x00000002   PAD
    0x200037e4   0x00000a90   Zero   RW          191    .bss                usbd_core.o
    0x20004274   0x000000ff   Zero   RW          197    .bss                usbd_req.o
    0x20004373   0x00000883   Zero   RW          205    .bss                usbd_cdc_core.o
    0x20004bf6   0x00000002   PAD
    0x20004bf8   0x00000060   Zero   RW          356    .bss                c_w.l(libspace.o)
    0x20004c58   0x00000200   Zero   RW           90    HEAP                startup_stm32f4xx.o
    0x20004e58   0x00000400   Zero   RW           89    STACK               startup_stm32f4xx.o


==============================================================================

Image component sizes


      Code (inc. data)   RO Data    RW Data    ZI Data      Debug   Object Name

      1692        114          0         20         16          0   action.o
      1876        116          0         32        344          0   comm.o
      1520         62        840          0          0          0   cpuid_des.o
         0          0          0          1          0          0   error_event.o
       140         18          0          0          0          0   gpio.o
      2900        124          0         13         10          0   hm_bluetooth.o
      1884         22          0          0          0          0   i2c.o
      1808        112          0          2         42          0   init.o
        14          0          0          0          0          0   main.o
      2016        116          0         17         20          0   misc.o
      1396         60          0         17          0          0   motor.o
      1056         80          0         25         80          0   mpu6050_driver.o
       368         22          0          4        280          0   nrf24l01.o
       920          4          0          0          0          0   nrf24l01_drv.o
      1258         68          0         44          0          0   packet.o
       360         12          0          0          0          0   param.o
       756         24          0          0         52          0   pid.o
      2956        314         16        100       8352          0   robot.o
        64         26        392          0       1536          0   startup_stm32f4xx.o
      1124         24          0          0          0          0   stm32f4xx_adc.o
       284         10          0          0          0          0   stm32f4xx_exti.o
      1212         26          0          0          0          0   stm32f4xx_flash.o
       604         36          0          0          0          0   stm32f4xx_gpio.o
      1064         26          0          0          0          0   stm32f4xx_i2c.o
        60         12          0          0          0          0   stm32f4xx_it.o
        64          6          0          0          0          0   stm32f4xx_iwdg.o
       224         20          0          0          0          0   stm32f4xx_misc.o
      1416         48          0         16          0          0   stm32f4xx_rcc.o
      1016         22          0          0          0          0   stm32f4xx_spi.o
       140         12          0          0          0          0   stm32f4xx_syscfg.o
      3234         60          0          0          0          0   stm32f4xx_tim.o
      1050         26          0          0          0          0   stm32f4xx_usart.o
       528         46          0         20          0          0   system_stm32f4xx.o
       260         10          0          8          0          0   timer.o
       632         30          0          8        537          0   usart_ble.o
       568         16          0          8          0          0   usb_bsp.o
      6024         10          0          0          0          0   usb_core.o
       894          0          0          0          0          0   usb_dcd.o
      1904         22          0          0          0          0   usb_dcd_int.o
       228          0          0          0          0          0   usb_hcd.o
      3720         12          0          0          0          0   usb_hcd_int.o
       820         58          0        152       2179          0   usbd_cdc_core.o
       556         22          0         36        144          0   usbd_cdc_vcp.o
       760          6          0         52       2704          0   usbd_core.o
       340        164          0         60          0          0   usbd_desc.o
       244          0          0          0          0          0   usbd_ioreq.o
      1728         50          0         13        255          0   usbd_req.o
        30          0          0         28          0          0   usbd_usr.o
      1652         50          0         18       2836          0   usbh_core.o
       390          0          0          0          0          0   usbh_hcs.o
      1416         38          0         28        166          0   usbh_hid_core.o
        40          6          0          8         20          0   usbh_hid_joystick.o
       348         44        492         31          0          0   usbh_hid_keybd.o
        40          6          0         12          0          0   usbh_hid_mouse.o
       936          0          0          0          0          0   usbh_ioreq.o
       984         12          0          3        512          0   usbh_stdreq.o
       752        126          0         88          0          0   usbh_usr.o

    ----------------------------------------------------------------------
     60284       2350       1774        888      20096          0   Object Totals
         0          0         32          0          0          0   (incl. Generated)
        14          0          2         24         11          0   (incl. Padding)

    ----------------------------------------------------------------------

      Code (inc. data)   RO Data    RW Data    ZI Data      Debug   Library Member Name

        90          0          0          0          0          0   __dczerorl2.o
         8          0          0          0          0          0   __main.o
       312          4         17          0          0          0   __printf_flags_wp.o
        14          0          0          0          0          0   __printf_wp.o
         0          0          0          0          0          0   __rtentry.o
        12          0          0          0          0          0   __rtentry2.o
         6          0          0          0          0          0   __rtentry4.o
        52          8          0          0          0          0   __scatter.o
        28          0          0          0          0          0   __scatter_zi.o
        44          0          0          0          0          0   _printf_char.o
        48          6          0          0          0          0   _printf_char_common.o
        88          4         40          0          0          0   _printf_hex_int.o
       178          0          0          0          0          0   _printf_intcommon.o
        78          0          0          0          0          0   _printf_pad.o
         0          0          0          0          0          0   _printf_percent.o
         4          0          0          0          0          0   _printf_percent_end.o
         6          0          0          0          0          0   _printf_s.o
        82          0          0          0          0          0   _printf_str.o
         6          0          0          0          0          0   _printf_x.o
        22          0          0          0          0          0   _rserrno.o
        10          0          0          0          0          0   _sputc.o
        12          0          0          0          0          0   exit.o
         6          0          0          0          0          0   heapauxi.o
         0          0          0          0          0          0   indicate_semi.o
         2          0          0          0          0          0   libinit.o
         6          0          0          0          0          0   libinit2.o
         2          0          0          0          0          0   libshutdown.o
         2          0          0          0          0          0   libshutdown2.o
         8          4          0          0         96          0   libspace.o
        88          0          0          0          0          0   memcmp.o
        40          6          0          0          0          0   noretval__2sprintf.o
         8          4          0          0          0          0   rt_errno_addr_intlibspace.o
        68          0          0          0          0          0   rt_memclr.o
        78          0          0          0          0          0   rt_memclr_w.o
       138          0          0          0          0          0   rt_memcpy_v6.o
       100          0          0          0          0          0   rt_memcpy_w.o
         2          0          0          0          0          0   rtexit.o
        10          0          0          0          0          0   rtexit2.o
        24          0          0          0          0          0   strcat.o
        12          4          0          0          0          0   sys_exit.o
        74          0          0          0          0          0   sys_stackheap_outer.o
         2          0          0          0          0          0   use_no_semi.o
        24          0          0          0          0          0   basic.o
        98          4          0          0          0          0   d2f.o
       826         16          0          0          0          0   daddsub_clz.o
        24          0          0          0          0          0   dcmpi.o
       688        140          0          0          0          0   ddiv.o
        94          4          0          0          0          0   dfix.o
        90          4          0          0          0          0   dfixu.o
        84          0          0          0          0          0   dflt_clz.o
       120          4          0          0          0          0   dleqf.o
       340         12          0          0          0          0   dmul.o
       156          4          0          0          0          0   dnaninf.o
        12          0          0          0          0          0   dretinf.o
       108          0          0          0          0          0   drleqf.o
        86          4          0          0          0          0   f2d.o
       140          4          0          0          0          0   fnaninf.o
        10          0          0          0          0          0   fpinit.o
        10          0          0          0          0          0   fretinf.o
         0          0          0          0          0          0   usenofp.o
       744        106        152          0          0          0   atan.o
       496         64          0          0          0          0   atan2.o
       280         28          0          0          0          0   ceil.o
       200         20          0          0          0          0   cos.o
       368         46         48          0          0          0   cos_i.o
       104         16          0          0          0          0   dunder.o
        24          0          0          0          0          0   fabs.o
        48          0          0          0          0          0   fpclassify.o
       248          0          0          0          0          0   poly.o
         0          0          8          0          0          0   qnan.o
      1080        142        200          0          0          0   rred.o
       200         20          0          0          0          0   sin.o
       304         24         40          0          0          0   sin_i.o

    ----------------------------------------------------------------------
      8802        702        508          0         96          0   Library Totals
        26          0          3          0          0          0   (incl. Padding)

    ----------------------------------------------------------------------

      Code (inc. data)   RO Data    RW Data    ZI Data      Debug   Library Name

      1770         40         57          0         96          0   c_w.l
      2910        196          0          0          0          0   fz_wm.l
      4096        466        448          0          0          0   m_wm.l

    ----------------------------------------------------------------------
      8802        702        508          0         96          0   Library Totals

    ----------------------------------------------------------------------

==============================================================================


      Code (inc. data)   RO Data    RW Data    ZI Data      Debug   

     69086       3052       2282        888      20192          0   Grand Totals
     69086       3052       2282        384      20192          0   ELF Image Totals (compressed)
     69086       3052       2282        384          0          0   ROM Totals

==============================================================================

    Total RO  Size (Code + RO Data)                71368 (  69.70kB)
    Total RW  Size (RW Data + ZI Data)             21080 (  20.59kB)
    Total ROM Size (Code + RO Data + RW Data)      71752 (  70.07kB)

==============================================================================

