<html>
<body>
<pre>
<h1>µVision Build Log</h1>
<h2>Tool Versions:</h2>
IDE-Version: ¦ÌVision V5.15
Copyright (C) 2015 ARM Ltd and ARM Germany GmbH. All rights reserved.
License Information: vikey Microsoft, Microsoft, LIC=Y2BVE-5DP65-ZD3K6-DKB13-V4YUU-FQS4W
 
Tool Versions:
Toolchain:       MDK-ARM Professional  Version: 5.15.0
Toolchain Path:  C:\Keil_v5\ARM\ARMCC\Bin
C Compiler:      Armcc.exe V5.05 update 2 (build 169)
Assembler:       Armasm.exe V5.05 update 2 (build 169)
Linker/Locator:  ArmLink.exe V5.05 update 2 (build 169)
Library Manager: ArmAr.exe V5.05 update 2 (build 169)
Hex Converter:   FromElf.exe V5.05 update 2 (build 169)
CPU DLL:         SARMCM3.DLL V5.15.0
Dialog DLL:      DCM.DLL V1.13.2.0
Target DLL:      Segger\JL2CM3.dll V2.99.15.0
Dialog DLL:      TCM.DLL V1.14.5.0
 
<h2>Project:</h2>
C:\Users\vikey\Desktop\SSL_CtrlBrd_v2.10\project\SSL_CtrlBrd.uvproj
Project File Date:  02/21/2017

<h2>Output:</h2>
*** Using Compiler 'V5.05 update 2 (build 169)', folder: 'C:\Keil_v5\ARM\ARMCC\Bin'
Build target 'SSL_CtrlBrd_v135'
compiling packet.c...
linking...
Program Size: Code=69086 RO-data=2282 RW-data=888 ZI-data=20192  
FromELF: creating hex file...
".\Objects\SSL_CtrlBrd_v135.axf" - 0 Error(s), 0 Warning(s).
</pre>
</body>
</html>
